<?xml version="1.0" encoding="ISO-8859-1" ?>
<link_info>
   <banner>TI ARM Linker PC v20.2.7.LTS</banner>
   <copyright>Copyright (c) 1996-2018 Texas Instruments Incorporated</copyright>
   <link_time>0x69013b75</link_time>
   <link_errors>0x0</link_errors>
   <output_file>CPE403_DA2.out</output_file>
   <entry_point>
      <name>_c_int00_noargs</name>
      <address>0x22085</address>
   </entry_point>
   <input_file_list>
      <input_file id="fl-2">
         <path>.\</path>
         <kind>object</kind>
         <file>CPE403_DA2.obj</file>
         <name>CPE403_DA2.obj</name>
      </input_file>
      <input_file id="fl-3">
         <path>.\</path>
         <kind>object</kind>
         <file>system_msp432e401y.obj</file>
         <name>system_msp432e401y.obj</name>
      </input_file>
      <input_file id="fl-4">
         <path>.\</path>
         <kind>object</kind>
         <file>uartstdio.obj</file>
         <name>uartstdio.obj</name>
      </input_file>
      <input_file id="fl-5">
         <path>.\ccs\</path>
         <kind>object</kind>
         <file>startup_msp432e401y_ccs.obj</file>
         <name>startup_msp432e401y_ccs.obj</name>
      </input_file>
      <input_file id="fl-10">
         <kind>object</kind>
         <file>&lt;internal&gt;</file>
         <name>&lt;internal&gt;</name>
      </input_file>
      <input_file id="fl-11">
         <path>C:\ti\simplelink_msp432e4_sdk_4_20_00_12\source\third_party\CMSIS\DSP_Lib\lib\ccs\m4f\</path>
         <kind>archive</kind>
         <file>arm_cortexM4lf_math.a</file>
         <name>arm_cmplx_mag_f32.o</name>
      </input_file>
      <input_file id="fl-12">
         <path>C:\ti\simplelink_msp432e4_sdk_4_20_00_12\source\third_party\CMSIS\DSP_Lib\lib\ccs\m4f\</path>
         <kind>archive</kind>
         <file>arm_cortexM4lf_math.a</file>
         <name>arm_cos_f32.o</name>
      </input_file>
      <input_file id="fl-13">
         <path>C:\ti\simplelink_msp432e4_sdk_4_20_00_12\source\third_party\CMSIS\DSP_Lib\lib\ccs\m4f\</path>
         <kind>archive</kind>
         <file>arm_cortexM4lf_math.a</file>
         <name>arm_max_f32.o</name>
      </input_file>
      <input_file id="fl-14">
         <path>C:\ti\simplelink_msp432e4_sdk_4_20_00_12\source\third_party\CMSIS\DSP_Lib\lib\ccs\m4f\</path>
         <kind>archive</kind>
         <file>arm_cortexM4lf_math.a</file>
         <name>arm_mean_f32.o</name>
      </input_file>
      <input_file id="fl-15">
         <path>C:\ti\simplelink_msp432e4_sdk_4_20_00_12\source\third_party\CMSIS\DSP_Lib\lib\ccs\m4f\</path>
         <kind>archive</kind>
         <file>arm_cortexM4lf_math.a</file>
         <name>arm_rms_f32.o</name>
      </input_file>
      <input_file id="fl-16">
         <path>C:\ti\simplelink_msp432e4_sdk_4_20_00_12\source\third_party\CMSIS\DSP_Lib\lib\ccs\m4f\</path>
         <kind>archive</kind>
         <file>arm_cortexM4lf_math.a</file>
         <name>arm_rfft_fast_f32.o</name>
      </input_file>
      <input_file id="fl-17">
         <path>C:\ti\simplelink_msp432e4_sdk_4_20_00_12\source\third_party\CMSIS\DSP_Lib\lib\ccs\m4f\</path>
         <kind>archive</kind>
         <file>arm_cortexM4lf_math.a</file>
         <name>arm_rfft_fast_init_f32.o</name>
      </input_file>
      <input_file id="fl-18">
         <path>C:\ti\simplelink_msp432e4_sdk_4_20_00_12\source\third_party\CMSIS\DSP_Lib\lib\ccs\m4f\</path>
         <kind>archive</kind>
         <file>arm_cortexM4lf_math.a</file>
         <name>arm_common_tables.o</name>
      </input_file>
      <input_file id="fl-19">
         <path>C:\ti\simplelink_msp432e4_sdk_4_20_00_12\source\third_party\CMSIS\DSP_Lib\lib\ccs\m4f\</path>
         <kind>archive</kind>
         <file>arm_cortexM4lf_math.a</file>
         <name>arm_cfft_f32.o</name>
      </input_file>
      <input_file id="fl-1a">
         <path>C:\ti\simplelink_msp432e4_sdk_4_20_00_12\source\third_party\CMSIS\DSP_Lib\lib\ccs\m4f\</path>
         <kind>archive</kind>
         <file>arm_cortexM4lf_math.a</file>
         <name>arm_cfft_init_f32.o</name>
      </input_file>
      <input_file id="fl-1b">
         <path>C:\ti\simplelink_msp432e4_sdk_4_20_00_12\source\third_party\CMSIS\DSP_Lib\lib\ccs\m4f\</path>
         <kind>archive</kind>
         <file>arm_cortexM4lf_math.a</file>
         <name>arm_cfft_radix8_f32.o</name>
      </input_file>
      <input_file id="fl-1c">
         <path>C:\ti\simplelink_msp432e4_sdk_4_20_00_12\source\third_party\CMSIS\DSP_Lib\lib\ccs\m4f\</path>
         <kind>archive</kind>
         <file>arm_cortexM4lf_math.a</file>
         <name>arm_bitreversal2.o</name>
      </input_file>
      <input_file id="fl-1d">
         <path>C:\ti\simplelink_msp432e4_sdk_4_20_00_12\source\third_party\CMSIS\DSP_Lib\lib\ccs\m4f\</path>
         <kind>archive</kind>
         <file>arm_cortexM4lf_math.a</file>
         <name>arm_const_structs.o</name>
      </input_file>
      <input_file id="fl-1e">
         <path>C:\ti\simplelink_msp432e4_sdk_4_20_00_12\source\ti\devices\msp432e4\driverlib\lib\ccs\m4f\</path>
         <kind>archive</kind>
         <file>msp432e4_driverlib.a</file>
         <name>adc.o</name>
      </input_file>
      <input_file id="fl-1f">
         <path>C:\ti\simplelink_msp432e4_sdk_4_20_00_12\source\ti\devices\msp432e4\driverlib\lib\ccs\m4f\</path>
         <kind>archive</kind>
         <file>msp432e4_driverlib.a</file>
         <name>interrupt.o</name>
      </input_file>
      <input_file id="fl-20">
         <path>C:\ti\simplelink_msp432e4_sdk_4_20_00_12\source\ti\devices\msp432e4\driverlib\lib\ccs\m4f\</path>
         <kind>archive</kind>
         <file>msp432e4_driverlib.a</file>
         <name>sysctl.o</name>
      </input_file>
      <input_file id="fl-21">
         <path>C:\ti\simplelink_msp432e4_sdk_4_20_00_12\source\ti\devices\msp432e4\driverlib\lib\ccs\m4f\</path>
         <kind>archive</kind>
         <file>msp432e4_driverlib.a</file>
         <name>timer.o</name>
      </input_file>
      <input_file id="fl-22">
         <path>C:\ti\simplelink_msp432e4_sdk_4_20_00_12\source\ti\devices\msp432e4\driverlib\lib\ccs\m4f\</path>
         <kind>archive</kind>
         <file>msp432e4_driverlib.a</file>
         <name>uart.o</name>
      </input_file>
      <input_file id="fl-23">
         <path>C:\ti\simplelink_msp432e4_sdk_4_20_00_12\source\ti\devices\msp432e4\driverlib\lib\ccs\m4f\</path>
         <kind>archive</kind>
         <file>msp432e4_driverlib.a</file>
         <name>cpu.o</name>
      </input_file>
      <input_file id="fl-d9">
         <path>C:\ti\ccs1281\ccs\tools\compiler\ti-cgt-arm_20.2.7.LTS\lib\</path>
         <kind>archive</kind>
         <file>rtsv7M4_T_le_v4SPD16_eabi.lib</file>
         <name>e_sqrtf.c.obj</name>
      </input_file>
      <input_file id="fl-da">
         <path>C:\ti\ccs1281\ccs\tools\compiler\ti-cgt-arm_20.2.7.LTS\lib\</path>
         <kind>archive</kind>
         <file>rtsv7M4_T_le_v4SPD16_eabi.lib</file>
         <name>u_divt2.asm.obj</name>
      </input_file>
      <input_file id="fl-db">
         <path>C:\ti\ccs1281\ccs\tools\compiler\ti-cgt-arm_20.2.7.LTS\lib\</path>
         <kind>archive</kind>
         <file>rtsv7M4_T_le_v4SPD16_eabi.lib</file>
         <name>copy_zero_init.c.obj</name>
      </input_file>
      <input_file id="fl-dc">
         <path>C:\ti\ccs1281\ccs\tools\compiler\ti-cgt-arm_20.2.7.LTS\lib\</path>
         <kind>archive</kind>
         <file>rtsv7M4_T_le_v4SPD16_eabi.lib</file>
         <name>copy_decompress_none.c.obj</name>
      </input_file>
      <input_file id="fl-dd">
         <path>C:\ti\ccs1281\ccs\tools\compiler\ti-cgt-arm_20.2.7.LTS\lib\</path>
         <kind>archive</kind>
         <file>rtsv7M4_T_le_v4SPD16_eabi.lib</file>
         <name>copy_decompress_lzss.c.obj</name>
      </input_file>
      <input_file id="fl-de">
         <path>C:\ti\ccs1281\ccs\tools\compiler\ti-cgt-arm_20.2.7.LTS\lib\</path>
         <kind>archive</kind>
         <file>rtsv7M4_T_le_v4SPD16_eabi.lib</file>
         <name>toupper.c.obj</name>
      </input_file>
      <input_file id="fl-df">
         <path>C:\ti\ccs1281\ccs\tools\compiler\ti-cgt-arm_20.2.7.LTS\lib\</path>
         <kind>archive</kind>
         <file>rtsv7M4_T_le_v4SPD16_eabi.lib</file>
         <name>boot_cortex_m.c.obj</name>
      </input_file>
      <input_file id="fl-e0">
         <path>C:\ti\ccs1281\ccs\tools\compiler\ti-cgt-arm_20.2.7.LTS\lib\</path>
         <kind>archive</kind>
         <file>rtsv7M4_T_le_v4SPD16_eabi.lib</file>
         <name>errno.c.obj</name>
      </input_file>
      <input_file id="fl-e1">
         <path>C:\ti\ccs1281\ccs\tools\compiler\ti-cgt-arm_20.2.7.LTS\lib\</path>
         <kind>archive</kind>
         <file>rtsv7M4_T_le_v4SPD16_eabi.lib</file>
         <name>div0.asm.obj</name>
      </input_file>
      <input_file id="fl-e2">
         <path>C:\ti\ccs1281\ccs\tools\compiler\ti-cgt-arm_20.2.7.LTS\lib\</path>
         <kind>archive</kind>
         <file>rtsv7M4_T_le_v4SPD16_eabi.lib</file>
         <name>memcpy_t2.asm.obj</name>
      </input_file>
      <input_file id="fl-e3">
         <path>C:\ti\ccs1281\ccs\tools\compiler\ti-cgt-arm_20.2.7.LTS\lib\</path>
         <kind>archive</kind>
         <file>rtsv7M4_T_le_v4SPD16_eabi.lib</file>
         <name>memset_t2.asm.obj</name>
      </input_file>
      <input_file id="fl-e4">
         <path>C:\ti\ccs1281\ccs\tools\compiler\ti-cgt-arm_20.2.7.LTS\lib\</path>
         <kind>archive</kind>
         <file>rtsv7M4_T_le_v4SPD16_eabi.lib</file>
         <name>autoinit.c.obj</name>
      </input_file>
      <input_file id="fl-e5">
         <path>C:\ti\ccs1281\ccs\tools\compiler\ti-cgt-arm_20.2.7.LTS\lib\</path>
         <kind>archive</kind>
         <file>rtsv7M4_T_le_v4SPD16_eabi.lib</file>
         <name>pre_init.c.obj</name>
      </input_file>
      <input_file id="fl-e6">
         <path>C:\ti\ccs1281\ccs\tools\compiler\ti-cgt-arm_20.2.7.LTS\lib\</path>
         <kind>archive</kind>
         <file>rtsv7M4_T_le_v4SPD16_eabi.lib</file>
         <name>cpy_tbl.c.obj</name>
      </input_file>
      <input_file id="fl-e7">
         <path>C:\ti\ccs1281\ccs\tools\compiler\ti-cgt-arm_20.2.7.LTS\lib\</path>
         <kind>archive</kind>
         <file>rtsv7M4_T_le_v4SPD16_eabi.lib</file>
         <name>exit.c.obj</name>
      </input_file>
      <input_file id="fl-e8">
         <path>C:\ti\ccs1281\ccs\tools\compiler\ti-cgt-arm_20.2.7.LTS\lib\</path>
         <kind>archive</kind>
         <file>rtsv7M4_T_le_v4SPD16_eabi.lib</file>
         <name>_lock.c.obj</name>
      </input_file>
      <input_file id="fl-e9">
         <path>C:\ti\ccs1281\ccs\tools\compiler\ti-cgt-arm_20.2.7.LTS\lib\</path>
         <kind>archive</kind>
         <file>rtsv7M4_T_le_v4SPD16_eabi.lib</file>
         <name>args_main.c.obj</name>
      </input_file>
      <input_file id="fl-ea">
         <path>C:\ti\ccs1281\ccs\tools\compiler\ti-cgt-arm_20.2.7.LTS\lib\</path>
         <kind>archive</kind>
         <file>rtsv7M4_T_le_v4SPD16_eabi.lib</file>
         <name>ctype.c.obj</name>
      </input_file>
   </input_file_list>
   <object_component_list>
      <object_component id="oc-13">
         <name>.intvecs:retain</name>
         <load_address>0x0</load_address>
         <run_address>0x0</run_address>
         <size>0x208</size>
         <input_file_ref idref="fl-5"/>
      </object_component>
      <object_component id="oc-30b">
         <name>.text:arm_radix8_butterfly_f32</name>
         <load_address>0x1e1b8</load_address>
         <run_address>0x1e1b8</run_address>
         <size>0xf08</size>
         <input_file_ref idref="fl-1b"/>
      </object_component>
      <object_component id="oc-305">
         <name>.text:arm_cfft_radix8by4_f32</name>
         <load_address>0x1f0c0</load_address>
         <run_address>0x1f0c0</run_address>
         <size>0xa70</size>
         <input_file_ref idref="fl-19"/>
      </object_component>
      <object_component id="oc-bf">
         <name>.text:main</name>
         <load_address>0x1fb30</load_address>
         <run_address>0x1fb30</run_address>
         <size>0x57c</size>
         <input_file_ref idref="fl-2"/>
      </object_component>
      <object_component id="oc-2ff">
         <name>.text:arm_cfft_radix8by2_f32</name>
         <load_address>0x200ac</load_address>
         <run_address>0x200ac</run_address>
         <size>0x402</size>
         <input_file_ref idref="fl-19"/>
      </object_component>
      <object_component id="oc-2e">
         <name>.text:Default_Handler</name>
         <load_address>0x204ae</load_address>
         <run_address>0x204ae</run_address>
         <size>0x2</size>
         <input_file_ref idref="fl-5"/>
      </object_component>
      <object_component id="oc-1e0">
         <name>.text:UARTvprintf</name>
         <load_address>0x204b0</load_address>
         <run_address>0x204b0</run_address>
         <size>0x30c</size>
         <input_file_ref idref="fl-4"/>
      </object_component>
      <object_component id="oc-102">
         <name>.text:SysCtlClockFreqSet</name>
         <load_address>0x207bc</load_address>
         <run_address>0x207bc</run_address>
         <size>0x2e0</size>
         <input_file_ref idref="fl-20"/>
      </object_component>
      <object_component id="oc-253">
         <name>.text:stage_rfft_f32</name>
         <load_address>0x20a9c</load_address>
         <run_address>0x20a9c</run_address>
         <size>0x1d6</size>
         <input_file_ref idref="fl-16"/>
      </object_component>
      <object_component id="oc-35e">
         <name>.text</name>
         <load_address>0x20c72</load_address>
         <run_address>0x20c72</run_address>
         <size>0x2</size>
         <input_file_ref idref="fl-e1"/>
      </object_component>
      <object_component id="oc-2c4">
         <name>.text:arm_cfft_init_f32</name>
         <load_address>0x20c74</load_address>
         <run_address>0x20c74</run_address>
         <size>0x1c8</size>
         <input_file_ref idref="fl-1a"/>
      </object_component>
      <object_component id="oc-247">
         <name>.text:merge_rfft_f32</name>
         <load_address>0x20e3c</load_address>
         <run_address>0x20e3c</run_address>
         <size>0x198</size>
         <input_file_ref idref="fl-16"/>
      </object_component>
      <object_component id="oc-150">
         <name>.text:print_status</name>
         <load_address>0x20fd4</load_address>
         <run_address>0x20fd4</run_address>
         <size>0x14c</size>
         <input_file_ref idref="fl-2"/>
      </object_component>
      <object_component id="oc-24d">
         <name>.text:arm_cfft_f32</name>
         <load_address>0x21120</load_address>
         <run_address>0x21120</run_address>
         <size>0x13a</size>
         <input_file_ref idref="fl-19"/>
      </object_component>
      <object_component id="oc-120">
         <name>.text:arm_cos_f32</name>
         <load_address>0x2125c</load_address>
         <run_address>0x2125c</run_address>
         <size>0x108</size>
         <input_file_ref idref="fl-12"/>
      </object_component>
      <object_component id="oc-156">
         <name>.text:stream_fft_frame</name>
         <load_address>0x21364</load_address>
         <run_address>0x21364</run_address>
         <size>0xfc</size>
         <input_file_ref idref="fl-2"/>
      </object_component>
      <object_component id="oc-114">
         <name>.text:ADCSequenceStepConfigure</name>
         <load_address>0x21460</load_address>
         <run_address>0x21460</run_address>
         <size>0xee</size>
         <input_file_ref idref="fl-1e"/>
      </object_component>
      <object_component id="oc-311">
         <name>.text</name>
         <load_address>0x2154e</load_address>
         <run_address>0x2154e</run_address>
         <size>0xc0</size>
         <input_file_ref idref="fl-1c"/>
      </object_component>
      <object_component id="oc-126">
         <name>.text:arm_rfft_fast_init_f32</name>
         <load_address>0x21610</load_address>
         <run_address>0x21610</run_address>
         <size>0xa4</size>
         <input_file_ref idref="fl-17"/>
      </object_component>
      <object_component id="oc-34">
         <name>.text:ADC0SS2_IRQHandler</name>
         <load_address>0x216b4</load_address>
         <run_address>0x216b4</run_address>
         <size>0xa0</size>
         <input_file_ref idref="fl-2"/>
      </object_component>
      <object_component id="oc-48">
         <name>.text</name>
         <load_address>0x21754</load_address>
         <run_address>0x21754</run_address>
         <size>0x9c</size>
         <input_file_ref idref="fl-e2"/>
      </object_component>
      <object_component id="oc-1c9">
         <name>.text:_SysCtlFrequencyGet</name>
         <load_address>0x217f0</load_address>
         <run_address>0x217f0</run_address>
         <size>0x90</size>
         <input_file_ref idref="fl-20"/>
      </object_component>
      <object_component id="oc-b3">
         <name>.text</name>
         <load_address>0x21880</load_address>
         <run_address>0x21880</run_address>
         <size>0x7a</size>
         <input_file_ref idref="fl-e3"/>
      </object_component>
      <object_component id="oc-1d9">
         <name>.text:UARTStdioConfig</name>
         <load_address>0x218fc</load_address>
         <run_address>0x218fc</run_address>
         <size>0x74</size>
         <input_file_ref idref="fl-4"/>
      </object_component>
      <object_component id="oc-14a">
         <name>.text:arm_max_f32</name>
         <load_address>0x21970</load_address>
         <run_address>0x21970</run_address>
         <size>0x74</size>
         <input_file_ref idref="fl-13"/>
      </object_component>
      <object_component id="oc-12c">
         <name>.text:poll_uart_toggle</name>
         <load_address>0x219e4</load_address>
         <run_address>0x219e4</run_address>
         <size>0x70</size>
         <input_file_ref idref="fl-2"/>
      </object_component>
      <object_component id="oc-108">
         <name>.text:ConfigureUART</name>
         <load_address>0x21a54</load_address>
         <run_address>0x21a54</run_address>
         <size>0x68</size>
         <input_file_ref idref="fl-2"/>
      </object_component>
      <object_component id="oc-132">
         <name>.text:arm_rms_f32</name>
         <load_address>0x21abc</load_address>
         <run_address>0x21abc</run_address>
         <size>0x68</size>
         <input_file_ref idref="fl-15"/>
      </object_component>
      <object_component id="oc-16">
         <name>.text:decompress:lzss:__TI_decompress_lzss</name>
         <load_address>0x21b24</load_address>
         <run_address>0x21b24</run_address>
         <size>0x68</size>
         <input_file_ref idref="fl-dd"/>
      </object_component>
      <object_component id="oc-144">
         <name>.text:arm_cmplx_mag_f32</name>
         <load_address>0x21b8c</load_address>
         <run_address>0x21b8c</run_address>
         <size>0x66</size>
         <input_file_ref idref="fl-11"/>
      </object_component>
      <object_component id="oc-11a">
         <name>.text:TimerControlTrigger</name>
         <load_address>0x21bf2</load_address>
         <run_address>0x21bf2</run_address>
         <size>0x60</size>
         <input_file_ref idref="fl-21"/>
      </object_component>
      <object_component id="oc-2b0">
         <name>.text:UARTwrite</name>
         <load_address>0x21c54</load_address>
         <run_address>0x21c54</run_address>
         <size>0x5c</size>
         <input_file_ref idref="fl-4"/>
      </object_component>
      <object_component id="oc-138">
         <name>.text:arm_mean_f32</name>
         <load_address>0x21cb0</load_address>
         <run_address>0x21cb0</run_address>
         <size>0x5c</size>
         <input_file_ref idref="fl-14"/>
      </object_component>
      <object_component id="oc-13e">
         <name>.text:arm_rfft_fast_f32</name>
         <load_address>0x21d0c</load_address>
         <run_address>0x21d0c</run_address>
         <size>0x50</size>
         <input_file_ref idref="fl-16"/>
      </object_component>
      <object_component id="oc-1c3">
         <name>.text:_SysCtlMemTimingGet</name>
         <load_address>0x21d5c</load_address>
         <run_address>0x21d5c</run_address>
         <size>0x44</size>
         <input_file_ref idref="fl-20"/>
      </object_component>
      <object_component id="oc-179">
         <name>.text:__TI_auto_init_nobinit_nopinit:__TI_auto_init_nobinit_nopinit</name>
         <load_address>0x21da0</load_address>
         <run_address>0x21da0</run_address>
         <size>0x44</size>
         <input_file_ref idref="fl-e4"/>
      </object_component>
      <object_component id="oc-1ff">
         <name>.text:arm_rfft_1024_fast_init_f32</name>
         <load_address>0x21de4</load_address>
         <run_address>0x21de4</run_address>
         <size>0x40</size>
         <input_file_ref idref="fl-17"/>
      </object_component>
      <object_component id="oc-1f9">
         <name>.text:arm_rfft_2048_fast_init_f32</name>
         <load_address>0x21e24</load_address>
         <run_address>0x21e24</run_address>
         <size>0x40</size>
         <input_file_ref idref="fl-17"/>
      </object_component>
      <object_component id="oc-1f3">
         <name>.text:arm_rfft_4096_fast_init_f32</name>
         <load_address>0x21e64</load_address>
         <run_address>0x21e64</run_address>
         <size>0x40</size>
         <input_file_ref idref="fl-17"/>
      </object_component>
      <object_component id="oc-205">
         <name>.text:arm_rfft_512_fast_init_f32</name>
         <load_address>0x21ea4</load_address>
         <run_address>0x21ea4</run_address>
         <size>0x40</size>
         <input_file_ref idref="fl-17"/>
      </object_component>
      <object_component id="oc-2b6">
         <name>.text</name>
         <load_address>0x21ee4</load_address>
         <run_address>0x21ee4</run_address>
         <size>0x40</size>
         <input_file_ref idref="fl-da"/>
      </object_component>
      <object_component id="oc-211">
         <name>.text:arm_rfft_128_fast_init_f32</name>
         <load_address>0x21f24</load_address>
         <run_address>0x21f24</run_address>
         <size>0x3c</size>
         <input_file_ref idref="fl-17"/>
      </object_component>
      <object_component id="oc-20b">
         <name>.text:arm_rfft_256_fast_init_f32</name>
         <load_address>0x21f60</load_address>
         <run_address>0x21f60</run_address>
         <size>0x3c</size>
         <input_file_ref idref="fl-17"/>
      </object_component>
      <object_component id="oc-21d">
         <name>.text:arm_rfft_32_fast_init_f32</name>
         <load_address>0x21f9c</load_address>
         <run_address>0x21f9c</run_address>
         <size>0x3c</size>
         <input_file_ref idref="fl-17"/>
      </object_component>
      <object_component id="oc-217">
         <name>.text:arm_rfft_64_fast_init_f32</name>
         <load_address>0x21fd8</load_address>
         <run_address>0x21fd8</run_address>
         <size>0x3c</size>
         <input_file_ref idref="fl-17"/>
      </object_component>
      <object_component id="oc-25b">
         <name>.text:arm_sqrt_f32</name>
         <load_address>0x22014</load_address>
         <run_address>0x22014</run_address>
         <size>0x38</size>
         <input_file_ref idref="fl-11"/>
      </object_component>
      <object_component id="oc-23d">
         <name>.text:arm_sqrt_f32</name>
         <load_address>0x2204c</load_address>
         <run_address>0x2204c</run_address>
         <size>0x38</size>
         <input_file_ref idref="fl-15"/>
      </object_component>
      <object_component id="oc-66">
         <name>.text:_c_int00_noargs:_c_int00_noargs</name>
         <load_address>0x22084</load_address>
         <run_address>0x22084</run_address>
         <size>0x34</size>
         <input_file_ref idref="fl-df"/>
      </object_component>
      <object_component id="oc-2f3">
         <name>.text:sqrtf</name>
         <load_address>0x220b8</load_address>
         <run_address>0x220b8</run_address>
         <size>0x28</size>
         <input_file_ref idref="fl-d9"/>
      </object_component>
      <object_component id="oc-10e">
         <name>.text:UARTprintf</name>
         <load_address>0x220e0</load_address>
         <run_address>0x220e0</run_address>
         <size>0x24</size>
         <input_file_ref idref="fl-4"/>
      </object_component>
      <object_component id="oc-7a">
         <name>.text:SystemInit</name>
         <load_address>0x22104</load_address>
         <run_address>0x22104</run_address>
         <size>0x20</size>
         <input_file_ref idref="fl-3"/>
      </object_component>
      <object_component id="oc-22a">
         <name>.text:UARTCharsAvail</name>
         <load_address>0x22124</load_address>
         <run_address>0x22124</run_address>
         <size>0x1e</size>
         <input_file_ref idref="fl-22"/>
      </object_component>
      <object_component id="oc-230">
         <name>.text:UARTCharGetNonBlocking</name>
         <load_address>0x22142</load_address>
         <run_address>0x22142</run_address>
         <size>0x1c</size>
         <input_file_ref idref="fl-22"/>
      </object_component>
      <object_component id="oc-82">
         <name>.text:ADCIntClearEx</name>
         <load_address>0x2215e</load_address>
         <run_address>0x2215e</run_address>
         <size>0x12</size>
         <input_file_ref idref="fl-1e"/>
      </object_component>
      <object_component id="oc-236">
         <name>.text:toupper</name>
         <load_address>0x22170</load_address>
         <run_address>0x22170</run_address>
         <size>0x10</size>
         <input_file_ref idref="fl-de"/>
      </object_component>
      <object_component id="oc-1c">
         <name>.text:decompress:none:__TI_decompress_none</name>
         <load_address>0x22180</load_address>
         <run_address>0x22180</run_address>
         <size>0xe</size>
         <input_file_ref idref="fl-dc"/>
      </object_component>
      <object_component id="oc-28">
         <name>.text:Reset_Handler</name>
         <load_address>0x2218e</load_address>
         <run_address>0x2218e</run_address>
         <size>0xc</size>
         <input_file_ref idref="fl-5"/>
      </object_component>
      <object_component id="oc-5a">
         <name>.text:decompress:ZI:__TI_zero_init</name>
         <load_address>0x2219a</load_address>
         <run_address>0x2219a</run_address>
         <size>0xc</size>
         <input_file_ref idref="fl-db"/>
      </object_component>
      <object_component id="oc-39b">
         <name>.text:__aeabi_errno_addr</name>
         <load_address>0x221a8</load_address>
         <run_address>0x221a8</run_address>
         <size>0x8</size>
         <input_file_ref idref="fl-e0"/>
      </object_component>
      <object_component id="oc-b9">
         <name>.text:_system_pre_init</name>
         <load_address>0x221b0</load_address>
         <run_address>0x221b0</run_address>
         <size>0x4</size>
         <input_file_ref idref="fl-e5"/>
      </object_component>
      <object_component id="oc-16d">
         <name>.text:abort:abort</name>
         <load_address>0x221b4</load_address>
         <run_address>0x221b4</run_address>
         <size>0x4</size>
         <input_file_ref idref="fl-e7"/>
      </object_component>
      <object_component id="oc-3ba">
         <name>.const:twiddleCoef_4096</name>
         <load_address>0x208</load_address>
         <run_address>0x208</run_address>
         <size>0x8000</size>
         <input_file_ref idref="fl-18"/>
      </object_component>
      <object_component id="oc-3c3">
         <name>.const:twiddleCoef_2048</name>
         <load_address>0x8208</load_address>
         <run_address>0x8208</run_address>
         <size>0x4000</size>
         <input_file_ref idref="fl-18"/>
      </object_component>
      <object_component id="oc-2ca">
         <name>.const:twiddleCoef_rfft_4096</name>
         <load_address>0xc208</load_address>
         <run_address>0xc208</run_address>
         <size>0x4000</size>
         <input_file_ref idref="fl-18"/>
      </object_component>
      <object_component id="oc-3cb">
         <name>.const:twiddleCoef_1024</name>
         <load_address>0x10208</load_address>
         <run_address>0x10208</run_address>
         <size>0x2000</size>
         <input_file_ref idref="fl-18"/>
      </object_component>
      <object_component id="oc-2ce">
         <name>.const:twiddleCoef_rfft_2048</name>
         <load_address>0x12208</load_address>
         <run_address>0x12208</run_address>
         <size>0x2000</size>
         <input_file_ref idref="fl-18"/>
      </object_component>
      <object_component id="oc-3bd">
         <name>.const:armBitRevIndexTable4096</name>
         <load_address>0x14208</load_address>
         <run_address>0x14208</run_address>
         <size>0x1f80</size>
         <input_file_ref idref="fl-18"/>
      </object_component>
      <object_component id="oc-3c6">
         <name>.const:armBitRevIndexTable2048</name>
         <load_address>0x16188</load_address>
         <run_address>0x16188</run_address>
         <size>0x1dc0</size>
         <input_file_ref idref="fl-18"/>
      </object_component>
      <object_component id="oc-3d3">
         <name>.const:twiddleCoef_512</name>
         <load_address>0x17f48</load_address>
         <run_address>0x17f48</run_address>
         <size>0x1000</size>
         <input_file_ref idref="fl-18"/>
      </object_component>
      <object_component id="oc-2d2">
         <name>.const:twiddleCoef_rfft_1024</name>
         <load_address>0x18f48</load_address>
         <run_address>0x18f48</run_address>
         <size>0x1000</size>
         <input_file_ref idref="fl-18"/>
      </object_component>
      <object_component id="oc-3ce">
         <name>.const:armBitRevIndexTable1024</name>
         <load_address>0x19f48</load_address>
         <run_address>0x19f48</run_address>
         <size>0xe10</size>
         <input_file_ref idref="fl-18"/>
      </object_component>
      <object_component id="oc-1ef">
         <name>.const:sinTable_f32</name>
         <load_address>0x1ad58</load_address>
         <run_address>0x1ad58</run_address>
         <size>0x804</size>
         <input_file_ref idref="fl-18"/>
      </object_component>
      <object_component id="oc-3db">
         <name>.const:twiddleCoef_256</name>
         <load_address>0x1b55c</load_address>
         <run_address>0x1b55c</run_address>
         <size>0x800</size>
         <input_file_ref idref="fl-18"/>
      </object_component>
      <object_component id="oc-2d6">
         <name>.const:twiddleCoef_rfft_512</name>
         <load_address>0x1bd5c</load_address>
         <run_address>0x1bd5c</run_address>
         <size>0x800</size>
         <input_file_ref idref="fl-18"/>
      </object_component>
      <object_component id="oc-3e3">
         <name>.const:twiddleCoef_128</name>
         <load_address>0x1c55c</load_address>
         <run_address>0x1c55c</run_address>
         <size>0x400</size>
         <input_file_ref idref="fl-18"/>
      </object_component>
      <object_component id="oc-2da">
         <name>.const:twiddleCoef_rfft_256</name>
         <load_address>0x1c95c</load_address>
         <run_address>0x1c95c</run_address>
         <size>0x400</size>
         <input_file_ref idref="fl-18"/>
      </object_component>
      <object_component id="oc-3d6">
         <name>.const:armBitRevIndexTable512</name>
         <load_address>0x1cd5c</load_address>
         <run_address>0x1cd5c</run_address>
         <size>0x380</size>
         <input_file_ref idref="fl-18"/>
      </object_component>
      <object_component id="oc-3de">
         <name>.const:armBitRevIndexTable256</name>
         <load_address>0x1d0dc</load_address>
         <run_address>0x1d0dc</run_address>
         <size>0x370</size>
         <input_file_ref idref="fl-18"/>
      </object_component>
      <object_component id="oc-3eb">
         <name>.const:twiddleCoef_64</name>
         <load_address>0x1d44c</load_address>
         <run_address>0x1d44c</run_address>
         <size>0x200</size>
         <input_file_ref idref="fl-18"/>
      </object_component>
      <object_component id="oc-2de">
         <name>.const:twiddleCoef_rfft_128</name>
         <load_address>0x1d64c</load_address>
         <run_address>0x1d64c</run_address>
         <size>0x200</size>
         <input_file_ref idref="fl-18"/>
      </object_component>
      <object_component id="oc-1d5">
         <name>.const:g_pppui32XTALtoVCO</name>
         <load_address>0x1d84c</load_address>
         <run_address>0x1d84c</run_address>
         <size>0x1b0</size>
         <input_file_ref idref="fl-20"/>
      </object_component>
      <object_component id="oc-3e6">
         <name>.const:armBitRevIndexTable128</name>
         <load_address>0x1d9fc</load_address>
         <run_address>0x1d9fc</run_address>
         <size>0x1a0</size>
         <input_file_ref idref="fl-18"/>
      </object_component>
      <object_component id="oc-2ee">
         <name>.const:.string:_ctypes_</name>
         <load_address>0x1db9c</load_address>
         <run_address>0x1db9c</run_address>
         <size>0x101</size>
         <input_file_ref idref="fl-ea"/>
      </object_component>
      <object_component id="oc-3f3">
         <name>.const:twiddleCoef_32</name>
         <load_address>0x1dca0</load_address>
         <run_address>0x1dca0</run_address>
         <size>0x100</size>
         <input_file_ref idref="fl-18"/>
      </object_component>
      <object_component id="oc-2e2">
         <name>.const:twiddleCoef_rfft_64</name>
         <load_address>0x1dda0</load_address>
         <run_address>0x1dda0</run_address>
         <size>0x100</size>
         <input_file_ref idref="fl-18"/>
      </object_component>
      <object_component id="oc-3fb">
         <name>.const:twiddleCoef_16</name>
         <load_address>0x1dea0</load_address>
         <run_address>0x1dea0</run_address>
         <size>0x80</size>
         <input_file_ref idref="fl-18"/>
      </object_component>
      <object_component id="oc-2e6">
         <name>.const:twiddleCoef_rfft_32</name>
         <load_address>0x1df20</load_address>
         <run_address>0x1df20</run_address>
         <size>0x80</size>
         <input_file_ref idref="fl-18"/>
      </object_component>
      <object_component id="oc-3ee">
         <name>.const:armBitRevIndexTable64</name>
         <load_address>0x1dfa0</load_address>
         <run_address>0x1dfa0</run_address>
         <size>0x70</size>
         <input_file_ref idref="fl-18"/>
      </object_component>
      <object_component id="oc-3f6">
         <name>.const:armBitRevIndexTable32</name>
         <load_address>0x1e010</load_address>
         <run_address>0x1e010</run_address>
         <size>0x60</size>
         <input_file_ref idref="fl-18"/>
      </object_component>
      <object_component id="oc-292">
         <name>.const:g_sXTALtoMEMTIM</name>
         <load_address>0x1e070</load_address>
         <run_address>0x1e070</run_address>
         <size>0x30</size>
         <input_file_ref idref="fl-20"/>
      </object_component>
      <object_component id="oc-3fe">
         <name>.const:armBitRevIndexTable16</name>
         <load_address>0x1e0a0</load_address>
         <run_address>0x1e0a0</run_address>
         <size>0x28</size>
         <input_file_ref idref="fl-18"/>
      </object_component>
      <object_component id="oc-1cf">
         <name>.const:g_pui32Xtals</name>
         <load_address>0x1e0c8</load_address>
         <run_address>0x1e0c8</run_address>
         <size>0x28</size>
         <input_file_ref idref="fl-20"/>
      </object_component>
      <object_component id="oc-364">
         <name>.const:.string</name>
         <load_address>0x1e0f0</load_address>
         <run_address>0x1e0f0</run_address>
         <size>0x12</size>
         <input_file_ref idref="fl-4"/>
      </object_component>
      <object_component id="oc-36f">
         <name>.const:arm_cfft_sR_f32_len1024</name>
         <load_address>0x1e104</load_address>
         <run_address>0x1e104</run_address>
         <size>0x10</size>
         <input_file_ref idref="fl-1d"/>
      </object_component>
      <object_component id="oc-378">
         <name>.const:arm_cfft_sR_f32_len128</name>
         <load_address>0x1e114</load_address>
         <run_address>0x1e114</run_address>
         <size>0x10</size>
         <input_file_ref idref="fl-1d"/>
      </object_component>
      <object_component id="oc-381">
         <name>.const:arm_cfft_sR_f32_len16</name>
         <load_address>0x1e124</load_address>
         <run_address>0x1e124</run_address>
         <size>0x10</size>
         <input_file_ref idref="fl-1d"/>
      </object_component>
      <object_component id="oc-36c">
         <name>.const:arm_cfft_sR_f32_len2048</name>
         <load_address>0x1e134</load_address>
         <run_address>0x1e134</run_address>
         <size>0x10</size>
         <input_file_ref idref="fl-1d"/>
      </object_component>
      <object_component id="oc-375">
         <name>.const:arm_cfft_sR_f32_len256</name>
         <load_address>0x1e144</load_address>
         <run_address>0x1e144</run_address>
         <size>0x10</size>
         <input_file_ref idref="fl-1d"/>
      </object_component>
      <object_component id="oc-37e">
         <name>.const:arm_cfft_sR_f32_len32</name>
         <load_address>0x1e154</load_address>
         <run_address>0x1e154</run_address>
         <size>0x10</size>
         <input_file_ref idref="fl-1d"/>
      </object_component>
      <object_component id="oc-369">
         <name>.const:arm_cfft_sR_f32_len4096</name>
         <load_address>0x1e164</load_address>
         <run_address>0x1e164</run_address>
         <size>0x10</size>
         <input_file_ref idref="fl-1d"/>
      </object_component>
      <object_component id="oc-372">
         <name>.const:arm_cfft_sR_f32_len512</name>
         <load_address>0x1e174</load_address>
         <run_address>0x1e174</run_address>
         <size>0x10</size>
         <input_file_ref idref="fl-1d"/>
      </object_component>
      <object_component id="oc-37b">
         <name>.const:arm_cfft_sR_f32_len64</name>
         <load_address>0x1e184</load_address>
         <run_address>0x1e184</run_address>
         <size>0x10</size>
         <input_file_ref idref="fl-1d"/>
      </object_component>
      <object_component id="oc-2ac">
         <name>.const:g_ui32UARTBase</name>
         <load_address>0x1e194</load_address>
         <run_address>0x1e194</run_address>
         <size>0xc</size>
         <input_file_ref idref="fl-4"/>
      </object_component>
      <object_component id="oc-2a3">
         <name>.const:g_ui32UARTPeriph</name>
         <load_address>0x1e1a0</load_address>
         <run_address>0x1e1a0</run_address>
         <size>0xc</size>
         <input_file_ref idref="fl-4"/>
      </object_component>
      <object_component id="oc-1d2">
         <name>.const:g_pui32VCOFrequencies</name>
         <load_address>0x1e1ac</load_address>
         <run_address>0x1e1ac</run_address>
         <size>0x8</size>
         <input_file_ref idref="fl-20"/>
      </object_component>
      <object_component id="oc-2bb">
         <name>.const</name>
         <load_address>0x1e1b4</load_address>
         <run_address>0x1e1b4</run_address>
         <size>0x4</size>
         <input_file_ref idref="fl-4"/>
      </object_component>
      <object_component id="oc-466">
         <name>.cinit..data.load</name>
         <load_address>0x221b8</load_address>
         <run_address>0x221b8</run_address>
         <size>0x15</size>
      </object_component>
      <object_component id="oc-464">
         <name>__TI_handler_table</name>
         <load_address>0x221d0</load_address>
         <run_address>0x221d0</run_address>
         <size>0xc</size>
      </object_component>
      <object_component id="oc-467">
         <name>.cinit..bss.load</name>
         <load_address>0x221e0</load_address>
         <run_address>0x221e0</run_address>
         <size>0x8</size>
      </object_component>
      <object_component id="oc-465">
         <name>__TI_cinit_table</name>
         <load_address>0x221e8</load_address>
         <run_address>0x221e8</run_address>
         <size>0x10</size>
      </object_component>
      <object_component id="oc-8b">
         <name>.data</name>
         <load_address>0x20004e18</load_address>
         <run_address>0x20004e18</run_address>
         <size>0x14</size>
         <input_file_ref idref="fl-2"/>
      </object_component>
      <object_component id="oc-d1">
         <name>.data</name>
         <load_address>0x20004e38</load_address>
         <run_address>0x20004e38</run_address>
         <size>0x4</size>
         <input_file_ref idref="fl-3"/>
      </object_component>
      <object_component id="oc-2a6">
         <name>.data</name>
         <load_address>0x20004e2c</load_address>
         <run_address>0x20004e2c</run_address>
         <size>0x5</size>
         <input_file_ref idref="fl-4"/>
      </object_component>
      <object_component id="oc-407">
         <name>.data</name>
         <load_address>0x20004e34</load_address>
         <run_address>0x20004e34</run_address>
         <size>0x4</size>
         <input_file_ref idref="fl-e0"/>
      </object_component>
      <object_component id="oc-88">
         <name>.bss:adcBufA</name>
         <uninitialized>true</uninitialized>
         <run_address>0x20003000</run_address>
         <size>0x800</size>
         <input_file_ref idref="fl-2"/>
      </object_component>
      <object_component id="oc-8e">
         <name>.bss:adcBufB</name>
         <uninitialized>true</uninitialized>
         <run_address>0x20003800</run_address>
         <size>0x800</size>
         <input_file_ref idref="fl-2"/>
      </object_component>
      <object_component id="oc-160">
         <name>.bss:rfft</name>
         <uninitialized>true</uninitialized>
         <run_address>0x20004c00</run_address>
         <size>0x18</size>
         <input_file_ref idref="fl-2"/>
      </object_component>
      <object_component id="oc-163">
         <name>.bss:x_time</name>
         <uninitialized>true</uninitialized>
         <run_address>0x20002000</run_address>
         <size>0x1000</size>
         <input_file_ref idref="fl-2"/>
      </object_component>
      <object_component id="oc-166">
         <name>.bss:X_freq</name>
         <uninitialized>true</uninitialized>
         <run_address>0x20000000</run_address>
         <size>0x1000</size>
         <input_file_ref idref="fl-2"/>
      </object_component>
      <object_component id="oc-169">
         <name>.bss:mag</name>
         <uninitialized>true</uninitialized>
         <run_address>0x20004000</run_address>
         <size>0x800</size>
         <input_file_ref idref="fl-2"/>
      </object_component>
      <object_component id="oc-15d">
         <name>.bss:hann</name>
         <uninitialized>true</uninitialized>
         <run_address>0x20001000</run_address>
         <size>0x1000</size>
         <input_file_ref idref="fl-2"/>
      </object_component>
      <object_component id="oc-15c">
         <name>.common:pui8ControlTable</name>
         <uninitialized>true</uninitialized>
         <run_address>0x20004800</run_address>
         <size>0x400</size>
      </object_component>
      <object_component id="oc-25">
         <name>.stack</name>
         <uninitialized>true</uninitialized>
         <run_address>0x20004c18</run_address>
         <size>0x4</size>
         <input_file_ref idref="fl-df"/>
      </object_component>
      <object_component id="oc-469">
         <name>.stack</name>
         <uninitialized>true</uninitialized>
         <run_address>0x20004c18</run_address>
         <size>0x0</size>
      </object_component>
      <object_component id="oc-dd">
         <name>.debug_info</name>
         <load_address>0x0</load_address>
         <run_address>0x0</run_address>
         <size>0xcdc</size>
         <input_file_ref idref="fl-2"/>
      </object_component>
      <object_component id="oc-8c">
         <name>.debug_info</name>
         <load_address>0xcdc</load_address>
         <run_address>0xcdc</run_address>
         <size>0x184</size>
         <input_file_ref idref="fl-2"/>
      </object_component>
      <object_component id="oc-89">
         <name>.debug_info</name>
         <load_address>0xe60</load_address>
         <run_address>0xe60</run_address>
         <size>0xd0</size>
         <input_file_ref idref="fl-2"/>
      </object_component>
      <object_component id="oc-8f">
         <name>.debug_info</name>
         <load_address>0xf30</load_address>
         <run_address>0xf30</run_address>
         <size>0xd0</size>
         <input_file_ref idref="fl-2"/>
      </object_component>
      <object_component id="oc-161">
         <name>.debug_info</name>
         <load_address>0x1000</load_address>
         <run_address>0x1000</run_address>
         <size>0xca</size>
         <input_file_ref idref="fl-2"/>
      </object_component>
      <object_component id="oc-164">
         <name>.debug_info</name>
         <load_address>0x10ca</load_address>
         <run_address>0x10ca</run_address>
         <size>0xce</size>
         <input_file_ref idref="fl-2"/>
      </object_component>
      <object_component id="oc-167">
         <name>.debug_info</name>
         <load_address>0x1198</load_address>
         <run_address>0x1198</run_address>
         <size>0xce</size>
         <input_file_ref idref="fl-2"/>
      </object_component>
      <object_component id="oc-16a">
         <name>.debug_info</name>
         <load_address>0x1266</load_address>
         <run_address>0x1266</run_address>
         <size>0xc8</size>
         <input_file_ref idref="fl-2"/>
      </object_component>
      <object_component id="oc-15e">
         <name>.debug_info</name>
         <load_address>0x132e</load_address>
         <run_address>0x132e</run_address>
         <size>0xca</size>
         <input_file_ref idref="fl-2"/>
      </object_component>
      <object_component id="oc-12d">
         <name>.debug_info</name>
         <load_address>0x13f8</load_address>
         <run_address>0x13f8</run_address>
         <size>0x183</size>
         <input_file_ref idref="fl-2"/>
      </object_component>
      <object_component id="oc-151">
         <name>.debug_info</name>
         <load_address>0x157b</load_address>
         <run_address>0x157b</run_address>
         <size>0x248</size>
         <input_file_ref idref="fl-2"/>
      </object_component>
      <object_component id="oc-157">
         <name>.debug_info</name>
         <load_address>0x17c3</load_address>
         <run_address>0x17c3</run_address>
         <size>0x20e</size>
         <input_file_ref idref="fl-2"/>
      </object_component>
      <object_component id="oc-35">
         <name>.debug_info</name>
         <load_address>0x19d1</load_address>
         <run_address>0x19d1</run_address>
         <size>0x19a</size>
         <input_file_ref idref="fl-2"/>
      </object_component>
      <object_component id="oc-109">
         <name>.debug_info</name>
         <load_address>0x1b6b</load_address>
         <run_address>0x1b6b</run_address>
         <size>0x18a</size>
         <input_file_ref idref="fl-2"/>
      </object_component>
      <object_component id="oc-c0">
         <name>.debug_info</name>
         <load_address>0x1cf5</load_address>
         <run_address>0x1cf5</run_address>
         <size>0x4c8</size>
         <input_file_ref idref="fl-2"/>
      </object_component>
      <object_component id="oc-e1">
         <name>.debug_info</name>
         <load_address>0x21bd</load_address>
         <run_address>0x21bd</run_address>
         <size>0x24d4</size>
         <input_file_ref idref="fl-2"/>
      </object_component>
      <object_component id="oc-99">
         <name>.debug_info</name>
         <load_address>0x4691</load_address>
         <run_address>0x4691</run_address>
         <size>0x26b</size>
         <input_file_ref idref="fl-2"/>
      </object_component>
      <object_component id="oc-1b4">
         <name>.debug_info</name>
         <load_address>0x48fc</load_address>
         <run_address>0x48fc</run_address>
         <size>0x1028</size>
         <input_file_ref idref="fl-2"/>
      </object_component>
      <object_component id="oc-1be">
         <name>.debug_info</name>
         <load_address>0x5924</load_address>
         <run_address>0x5924</run_address>
         <size>0x186</size>
         <input_file_ref idref="fl-2"/>
      </object_component>
      <object_component id="oc-ed">
         <name>.debug_info</name>
         <load_address>0x5aaa</load_address>
         <run_address>0x5aaa</run_address>
         <size>0x8b</size>
         <input_file_ref idref="fl-2"/>
      </object_component>
      <object_component id="oc-e8">
         <name>.debug_info</name>
         <load_address>0x5b35</load_address>
         <run_address>0x5b35</run_address>
         <size>0x2a4</size>
         <input_file_ref idref="fl-2"/>
      </object_component>
      <object_component id="oc-92">
         <name>.debug_info</name>
         <load_address>0x5dd9</load_address>
         <run_address>0x5dd9</run_address>
         <size>0xbb</size>
         <input_file_ref idref="fl-2"/>
      </object_component>
      <object_component id="oc-1e8">
         <name>.debug_info</name>
         <load_address>0x5e94</load_address>
         <run_address>0x5e94</run_address>
         <size>0x2c</size>
         <input_file_ref idref="fl-2"/>
      </object_component>
      <object_component id="oc-1b9">
         <name>.debug_info</name>
         <load_address>0x5ec0</load_address>
         <run_address>0x5ec0</run_address>
         <size>0x35</size>
         <input_file_ref idref="fl-2"/>
      </object_component>
      <object_component id="oc-d2">
         <name>.debug_info</name>
         <load_address>0x5ef5</load_address>
         <run_address>0x5ef5</run_address>
         <size>0xe9</size>
         <input_file_ref idref="fl-3"/>
      </object_component>
      <object_component id="oc-7d">
         <name>.debug_info</name>
         <load_address>0x5fde</load_address>
         <run_address>0x5fde</run_address>
         <size>0x125</size>
         <input_file_ref idref="fl-3"/>
      </object_component>
      <object_component id="oc-43">
         <name>.debug_info</name>
         <load_address>0x6103</load_address>
         <run_address>0x6103</run_address>
         <size>0x84</size>
         <input_file_ref idref="fl-3"/>
      </object_component>
      <object_component id="oc-1e7">
         <name>.debug_info</name>
         <load_address>0x6187</load_address>
         <run_address>0x6187</run_address>
         <size>0x7da</size>
         <input_file_ref idref="fl-4"/>
      </object_component>
      <object_component id="oc-2aa">
         <name>.debug_info</name>
         <load_address>0x6961</load_address>
         <run_address>0x6961</run_address>
         <size>0xd5</size>
         <input_file_ref idref="fl-4"/>
      </object_component>
      <object_component id="oc-2bc">
         <name>.debug_info</name>
         <load_address>0x6a36</load_address>
         <run_address>0x6a36</run_address>
         <size>0xcf</size>
         <input_file_ref idref="fl-4"/>
      </object_component>
      <object_component id="oc-2ad">
         <name>.debug_info</name>
         <load_address>0x6b05</load_address>
         <run_address>0x6b05</run_address>
         <size>0xdd</size>
         <input_file_ref idref="fl-4"/>
      </object_component>
      <object_component id="oc-2a4">
         <name>.debug_info</name>
         <load_address>0x6be2</load_address>
         <run_address>0x6be2</run_address>
         <size>0xe1</size>
         <input_file_ref idref="fl-4"/>
      </object_component>
      <object_component id="oc-1da">
         <name>.debug_info</name>
         <load_address>0x6cc3</load_address>
         <run_address>0x6cc3</run_address>
         <size>0x1e8</size>
         <input_file_ref idref="fl-4"/>
      </object_component>
      <object_component id="oc-2b3">
         <name>.debug_info</name>
         <load_address>0x6eab</load_address>
         <run_address>0x6eab</run_address>
         <size>0x185</size>
         <input_file_ref idref="fl-4"/>
      </object_component>
      <object_component id="oc-2a7">
         <name>.debug_info</name>
         <load_address>0x7030</load_address>
         <run_address>0x7030</run_address>
         <size>0x1e4</size>
         <input_file_ref idref="fl-4"/>
      </object_component>
      <object_component id="oc-1e2">
         <name>.debug_info</name>
         <load_address>0x7214</load_address>
         <run_address>0x7214</run_address>
         <size>0x2e5</size>
         <input_file_ref idref="fl-4"/>
      </object_component>
      <object_component id="oc-10f">
         <name>.debug_info</name>
         <load_address>0x74f9</load_address>
         <run_address>0x74f9</run_address>
         <size>0x150</size>
         <input_file_ref idref="fl-4"/>
      </object_component>
      <object_component id="oc-3c">
         <name>.debug_info</name>
         <load_address>0x7649</load_address>
         <run_address>0x7649</run_address>
         <size>0x2c9</size>
         <input_file_ref idref="fl-5"/>
      </object_component>
      <object_component id="oc-14">
         <name>.debug_info</name>
         <load_address>0x7912</load_address>
         <run_address>0x7912</run_address>
         <size>0xf4</size>
         <input_file_ref idref="fl-5"/>
      </object_component>
      <object_component id="oc-29">
         <name>.debug_info</name>
         <load_address>0x7a06</load_address>
         <run_address>0x7a06</run_address>
         <size>0x15a</size>
         <input_file_ref idref="fl-5"/>
      </object_component>
      <object_component id="oc-31">
         <name>.debug_info</name>
         <load_address>0x7b60</load_address>
         <run_address>0x7b60</run_address>
         <size>0x142</size>
         <input_file_ref idref="fl-5"/>
      </object_component>
      <object_component id="oc-262">
         <name>.debug_info</name>
         <load_address>0x7ca2</load_address>
         <run_address>0x7ca2</run_address>
         <size>0x3b4</size>
         <input_file_ref idref="fl-11"/>
      </object_component>
      <object_component id="oc-25f">
         <name>.debug_info</name>
         <load_address>0x8056</load_address>
         <run_address>0x8056</run_address>
         <size>0x204</size>
         <input_file_ref idref="fl-11"/>
      </object_component>
      <object_component id="oc-148">
         <name>.debug_info</name>
         <load_address>0x825a</load_address>
         <run_address>0x825a</run_address>
         <size>0x2c6</size>
         <input_file_ref idref="fl-11"/>
      </object_component>
      <object_component id="oc-f9">
         <name>.debug_info</name>
         <load_address>0x8520</load_address>
         <run_address>0x8520</run_address>
         <size>0x2c</size>
         <input_file_ref idref="fl-11"/>
      </object_component>
      <object_component id="oc-123">
         <name>.debug_info</name>
         <load_address>0x854c</load_address>
         <run_address>0x854c</run_address>
         <size>0x272</size>
         <input_file_ref idref="fl-12"/>
      </object_component>
      <object_component id="oc-264">
         <name>.debug_info</name>
         <load_address>0x87be</load_address>
         <run_address>0x87be</run_address>
         <size>0x392</size>
         <input_file_ref idref="fl-13"/>
      </object_component>
      <object_component id="oc-14b">
         <name>.debug_info</name>
         <load_address>0x8b50</load_address>
         <run_address>0x8b50</run_address>
         <size>0x2e3</size>
         <input_file_ref idref="fl-13"/>
      </object_component>
      <object_component id="oc-246">
         <name>.debug_info</name>
         <load_address>0x8e33</load_address>
         <run_address>0x8e33</run_address>
         <size>0x38d</size>
         <input_file_ref idref="fl-14"/>
      </object_component>
      <object_component id="oc-13c">
         <name>.debug_info</name>
         <load_address>0x91c0</load_address>
         <run_address>0x91c0</run_address>
         <size>0x28a</size>
         <input_file_ref idref="fl-14"/>
      </object_component>
      <object_component id="oc-244">
         <name>.debug_info</name>
         <load_address>0x944a</load_address>
         <run_address>0x944a</run_address>
         <size>0x3ad</size>
         <input_file_ref idref="fl-15"/>
      </object_component>
      <object_component id="oc-23e">
         <name>.debug_info</name>
         <load_address>0x97f7</load_address>
         <run_address>0x97f7</run_address>
         <size>0x1fd</size>
         <input_file_ref idref="fl-15"/>
      </object_component>
      <object_component id="oc-133">
         <name>.debug_info</name>
         <load_address>0x99f4</load_address>
         <run_address>0x99f4</run_address>
         <size>0x2a6</size>
         <input_file_ref idref="fl-15"/>
      </object_component>
      <object_component id="oc-25a">
         <name>.debug_info</name>
         <load_address>0x9c9a</load_address>
         <run_address>0x9c9a</run_address>
         <size>0x3e1</size>
         <input_file_ref idref="fl-16"/>
      </object_component>
      <object_component id="oc-254">
         <name>.debug_info</name>
         <load_address>0xa07b</load_address>
         <run_address>0xa07b</run_address>
         <size>0x338</size>
         <input_file_ref idref="fl-16"/>
      </object_component>
      <object_component id="oc-248">
         <name>.debug_info</name>
         <load_address>0xa3b3</load_address>
         <run_address>0xa3b3</run_address>
         <size>0x330</size>
         <input_file_ref idref="fl-16"/>
      </object_component>
      <object_component id="oc-13f">
         <name>.debug_info</name>
         <load_address>0xa6e3</load_address>
         <run_address>0xa6e3</run_address>
         <size>0x2da</size>
         <input_file_ref idref="fl-16"/>
      </object_component>
      <object_component id="oc-224">
         <name>.debug_info</name>
         <load_address>0xa9bd</load_address>
         <run_address>0xa9bd</run_address>
         <size>0x613</size>
         <input_file_ref idref="fl-17"/>
      </object_component>
      <object_component id="oc-220">
         <name>.debug_info</name>
         <load_address>0xafd0</load_address>
         <run_address>0xafd0</run_address>
         <size>0x258</size>
         <input_file_ref idref="fl-17"/>
      </object_component>
      <object_component id="oc-21a">
         <name>.debug_info</name>
         <load_address>0xb228</load_address>
         <run_address>0xb228</run_address>
         <size>0x258</size>
         <input_file_ref idref="fl-17"/>
      </object_component>
      <object_component id="oc-214">
         <name>.debug_info</name>
         <load_address>0xb480</load_address>
         <run_address>0xb480</run_address>
         <size>0x25a</size>
         <input_file_ref idref="fl-17"/>
      </object_component>
      <object_component id="oc-20e">
         <name>.debug_info</name>
         <load_address>0xb6da</load_address>
         <run_address>0xb6da</run_address>
         <size>0x25a</size>
         <input_file_ref idref="fl-17"/>
      </object_component>
      <object_component id="oc-208">
         <name>.debug_info</name>
         <load_address>0xb934</load_address>
         <run_address>0xb934</run_address>
         <size>0x25a</size>
         <input_file_ref idref="fl-17"/>
      </object_component>
      <object_component id="oc-203">
         <name>.debug_info</name>
         <load_address>0xbb8e</load_address>
         <run_address>0xbb8e</run_address>
         <size>0x25c</size>
         <input_file_ref idref="fl-17"/>
      </object_component>
      <object_component id="oc-1fd">
         <name>.debug_info</name>
         <load_address>0xbdea</load_address>
         <run_address>0xbdea</run_address>
         <size>0x25c</size>
         <input_file_ref idref="fl-17"/>
      </object_component>
      <object_component id="oc-1f7">
         <name>.debug_info</name>
         <load_address>0xc046</load_address>
         <run_address>0xc046</run_address>
         <size>0x25f</size>
         <input_file_ref idref="fl-17"/>
      </object_component>
      <object_component id="oc-12a">
         <name>.debug_info</name>
         <load_address>0xc2a5</load_address>
         <run_address>0xc2a5</run_address>
         <size>0x26c</size>
         <input_file_ref idref="fl-17"/>
      </object_component>
      <object_component id="oc-225">
         <name>.debug_info</name>
         <load_address>0xc511</load_address>
         <run_address>0xc511</run_address>
         <size>0x2d</size>
         <input_file_ref idref="fl-17"/>
      </object_component>
      <object_component id="oc-2c3">
         <name>.debug_info</name>
         <load_address>0xc53e</load_address>
         <run_address>0xc53e</run_address>
         <size>0x818</size>
         <input_file_ref idref="fl-18"/>
      </object_component>
      <object_component id="oc-3fc">
         <name>.debug_info</name>
         <load_address>0xcd56</load_address>
         <run_address>0xcd56</run_address>
         <size>0x132</size>
         <input_file_ref idref="fl-18"/>
      </object_component>
      <object_component id="oc-3f4">
         <name>.debug_info</name>
         <load_address>0xce88</load_address>
         <run_address>0xce88</run_address>
         <size>0x132</size>
         <input_file_ref idref="fl-18"/>
      </object_component>
      <object_component id="oc-3ec">
         <name>.debug_info</name>
         <load_address>0xcfba</load_address>
         <run_address>0xcfba</run_address>
         <size>0x132</size>
         <input_file_ref idref="fl-18"/>
      </object_component>
      <object_component id="oc-3e4">
         <name>.debug_info</name>
         <load_address>0xd0ec</load_address>
         <run_address>0xd0ec</run_address>
         <size>0x134</size>
         <input_file_ref idref="fl-18"/>
      </object_component>
      <object_component id="oc-3dc">
         <name>.debug_info</name>
         <load_address>0xd220</load_address>
         <run_address>0xd220</run_address>
         <size>0x134</size>
         <input_file_ref idref="fl-18"/>
      </object_component>
      <object_component id="oc-3d4">
         <name>.debug_info</name>
         <load_address>0xd354</load_address>
         <run_address>0xd354</run_address>
         <size>0x134</size>
         <input_file_ref idref="fl-18"/>
      </object_component>
      <object_component id="oc-3cc">
         <name>.debug_info</name>
         <load_address>0xd488</load_address>
         <run_address>0xd488</run_address>
         <size>0x136</size>
         <input_file_ref idref="fl-18"/>
      </object_component>
      <object_component id="oc-3c4">
         <name>.debug_info</name>
         <load_address>0xd5be</load_address>
         <run_address>0xd5be</run_address>
         <size>0x136</size>
         <input_file_ref idref="fl-18"/>
      </object_component>
      <object_component id="oc-3bb">
         <name>.debug_info</name>
         <load_address>0xd6f4</load_address>
         <run_address>0xd6f4</run_address>
         <size>0x136</size>
         <input_file_ref idref="fl-18"/>
      </object_component>
      <object_component id="oc-3ff">
         <name>.debug_info</name>
         <load_address>0xd82a</load_address>
         <run_address>0xd82a</run_address>
         <size>0x140</size>
         <input_file_ref idref="fl-18"/>
      </object_component>
      <object_component id="oc-3f7">
         <name>.debug_info</name>
         <load_address>0xd96a</load_address>
         <run_address>0xd96a</run_address>
         <size>0x140</size>
         <input_file_ref idref="fl-18"/>
      </object_component>
      <object_component id="oc-3ef">
         <name>.debug_info</name>
         <load_address>0xdaaa</load_address>
         <run_address>0xdaaa</run_address>
         <size>0x140</size>
         <input_file_ref idref="fl-18"/>
      </object_component>
      <object_component id="oc-3e7">
         <name>.debug_info</name>
         <load_address>0xdbea</load_address>
         <run_address>0xdbea</run_address>
         <size>0x142</size>
         <input_file_ref idref="fl-18"/>
      </object_component>
      <object_component id="oc-3df">
         <name>.debug_info</name>
         <load_address>0xdd2c</load_address>
         <run_address>0xdd2c</run_address>
         <size>0x142</size>
         <input_file_ref idref="fl-18"/>
      </object_component>
      <object_component id="oc-3d7">
         <name>.debug_info</name>
         <load_address>0xde6e</load_address>
         <run_address>0xde6e</run_address>
         <size>0x142</size>
         <input_file_ref idref="fl-18"/>
      </object_component>
      <object_component id="oc-3cf">
         <name>.debug_info</name>
         <load_address>0xdfb0</load_address>
         <run_address>0xdfb0</run_address>
         <size>0x144</size>
         <input_file_ref idref="fl-18"/>
      </object_component>
      <object_component id="oc-3c7">
         <name>.debug_info</name>
         <load_address>0xe0f4</load_address>
         <run_address>0xe0f4</run_address>
         <size>0x144</size>
         <input_file_ref idref="fl-18"/>
      </object_component>
      <object_component id="oc-3be">
         <name>.debug_info</name>
         <load_address>0xe238</load_address>
         <run_address>0xe238</run_address>
         <size>0x144</size>
         <input_file_ref idref="fl-18"/>
      </object_component>
      <object_component id="oc-2e7">
         <name>.debug_info</name>
         <load_address>0xe37c</load_address>
         <run_address>0xe37c</run_address>
         <size>0x13c</size>
         <input_file_ref idref="fl-18"/>
      </object_component>
      <object_component id="oc-2e3">
         <name>.debug_info</name>
         <load_address>0xe4b8</load_address>
         <run_address>0xe4b8</run_address>
         <size>0x13c</size>
         <input_file_ref idref="fl-18"/>
      </object_component>
      <object_component id="oc-2df">
         <name>.debug_info</name>
         <load_address>0xe5f4</load_address>
         <run_address>0xe5f4</run_address>
         <size>0x13e</size>
         <input_file_ref idref="fl-18"/>
      </object_component>
      <object_component id="oc-2db">
         <name>.debug_info</name>
         <load_address>0xe732</load_address>
         <run_address>0xe732</run_address>
         <size>0x13e</size>
         <input_file_ref idref="fl-18"/>
      </object_component>
      <object_component id="oc-2d7">
         <name>.debug_info</name>
         <load_address>0xe870</load_address>
         <run_address>0xe870</run_address>
         <size>0x13e</size>
         <input_file_ref idref="fl-18"/>
      </object_component>
      <object_component id="oc-2d3">
         <name>.debug_info</name>
         <load_address>0xe9ae</load_address>
         <run_address>0xe9ae</run_address>
         <size>0x140</size>
         <input_file_ref idref="fl-18"/>
      </object_component>
      <object_component id="oc-2cf">
         <name>.debug_info</name>
         <load_address>0xeaee</load_address>
         <run_address>0xeaee</run_address>
         <size>0x140</size>
         <input_file_ref idref="fl-18"/>
      </object_component>
      <object_component id="oc-2cb">
         <name>.debug_info</name>
         <load_address>0xec2e</load_address>
         <run_address>0xec2e</run_address>
         <size>0x140</size>
         <input_file_ref idref="fl-18"/>
      </object_component>
      <object_component id="oc-1f0">
         <name>.debug_info</name>
         <load_address>0xed6e</load_address>
         <run_address>0xed6e</run_address>
         <size>0x12f</size>
         <input_file_ref idref="fl-18"/>
      </object_component>
      <object_component id="oc-317">
         <name>.debug_info</name>
         <load_address>0xee9d</load_address>
         <run_address>0xee9d</run_address>
         <size>0x444</size>
         <input_file_ref idref="fl-19"/>
      </object_component>
      <object_component id="oc-301">
         <name>.debug_info</name>
         <load_address>0xf2e1</load_address>
         <run_address>0xf2e1</run_address>
         <size>0x383</size>
         <input_file_ref idref="fl-19"/>
      </object_component>
      <object_component id="oc-306">
         <name>.debug_info</name>
         <load_address>0xf664</load_address>
         <run_address>0xf664</run_address>
         <size>0x4ee</size>
         <input_file_ref idref="fl-19"/>
      </object_component>
      <object_component id="oc-24f">
         <name>.debug_info</name>
         <load_address>0xfb52</load_address>
         <run_address>0xfb52</run_address>
         <size>0x339</size>
         <input_file_ref idref="fl-19"/>
      </object_component>
      <object_component id="oc-385">
         <name>.debug_info</name>
         <load_address>0xfe8b</load_address>
         <run_address>0xfe8b</run_address>
         <size>0x594</size>
         <input_file_ref idref="fl-1a"/>
      </object_component>
      <object_component id="oc-2c5">
         <name>.debug_info</name>
         <load_address>0x1041f</load_address>
         <run_address>0x1041f</run_address>
         <size>0x250</size>
         <input_file_ref idref="fl-1a"/>
      </object_component>
      <object_component id="oc-3a6">
         <name>.debug_info</name>
         <load_address>0x1066f</load_address>
         <run_address>0x1066f</run_address>
         <size>0x393</size>
         <input_file_ref idref="fl-1b"/>
      </object_component>
      <object_component id="oc-30c">
         <name>.debug_info</name>
         <load_address>0x10a02</load_address>
         <run_address>0x10a02</run_address>
         <size>0x634</size>
         <input_file_ref idref="fl-1b"/>
      </object_component>
      <object_component id="oc-312">
         <name>.debug_info</name>
         <load_address>0x11036</load_address>
         <run_address>0x11036</run_address>
         <size>0x199</size>
         <input_file_ref idref="fl-1c"/>
      </object_component>
      <object_component id="oc-3c2">
         <name>.debug_info</name>
         <load_address>0x111cf</load_address>
         <run_address>0x111cf</run_address>
         <size>0x186a</size>
         <input_file_ref idref="fl-1d"/>
      </object_component>
      <object_component id="oc-382">
         <name>.debug_info</name>
         <load_address>0x12a39</load_address>
         <run_address>0x12a39</run_address>
         <size>0x13f</size>
         <input_file_ref idref="fl-1d"/>
      </object_component>
      <object_component id="oc-37f">
         <name>.debug_info</name>
         <load_address>0x12b78</load_address>
         <run_address>0x12b78</run_address>
         <size>0x13f</size>
         <input_file_ref idref="fl-1d"/>
      </object_component>
      <object_component id="oc-37c">
         <name>.debug_info</name>
         <load_address>0x12cb7</load_address>
         <run_address>0x12cb7</run_address>
         <size>0x13f</size>
         <input_file_ref idref="fl-1d"/>
      </object_component>
      <object_component id="oc-379">
         <name>.debug_info</name>
         <load_address>0x12df6</load_address>
         <run_address>0x12df6</run_address>
         <size>0x141</size>
         <input_file_ref idref="fl-1d"/>
      </object_component>
      <object_component id="oc-376">
         <name>.debug_info</name>
         <load_address>0x12f37</load_address>
         <run_address>0x12f37</run_address>
         <size>0x141</size>
         <input_file_ref idref="fl-1d"/>
      </object_component>
      <object_component id="oc-373">
         <name>.debug_info</name>
         <load_address>0x13078</load_address>
         <run_address>0x13078</run_address>
         <size>0x141</size>
         <input_file_ref idref="fl-1d"/>
      </object_component>
      <object_component id="oc-370">
         <name>.debug_info</name>
         <load_address>0x131b9</load_address>
         <run_address>0x131b9</run_address>
         <size>0x143</size>
         <input_file_ref idref="fl-1d"/>
      </object_component>
      <object_component id="oc-36d">
         <name>.debug_info</name>
         <load_address>0x132fc</load_address>
         <run_address>0x132fc</run_address>
         <size>0x143</size>
         <input_file_ref idref="fl-1d"/>
      </object_component>
      <object_component id="oc-36a">
         <name>.debug_info</name>
         <load_address>0x1343f</load_address>
         <run_address>0x1343f</run_address>
         <size>0x143</size>
         <input_file_ref idref="fl-1d"/>
      </object_component>
      <object_component id="oc-291">
         <name>.debug_info</name>
         <load_address>0x13582</load_address>
         <run_address>0x13582</run_address>
         <size>0x889</size>
         <input_file_ref idref="fl-1e"/>
      </object_component>
      <object_component id="oc-115">
         <name>.debug_info</name>
         <load_address>0x13e0b</load_address>
         <run_address>0x13e0b</run_address>
         <size>0x2b9</size>
         <input_file_ref idref="fl-1e"/>
      </object_component>
      <object_component id="oc-84">
         <name>.debug_info</name>
         <load_address>0x140c4</load_address>
         <run_address>0x140c4</run_address>
         <size>0x20f</size>
         <input_file_ref idref="fl-1e"/>
      </object_component>
      <object_component id="oc-348">
         <name>.debug_info</name>
         <load_address>0x142d3</load_address>
         <run_address>0x142d3</run_address>
         <size>0x26b</size>
         <input_file_ref idref="fl-1e"/>
      </object_component>
      <object_component id="oc-343">
         <name>.debug_info</name>
         <load_address>0x1453e</load_address>
         <run_address>0x1453e</run_address>
         <size>0x1028</size>
         <input_file_ref idref="fl-1e"/>
      </object_component>
      <object_component id="oc-1ad">
         <name>.debug_info</name>
         <load_address>0x15566</load_address>
         <run_address>0x15566</run_address>
         <size>0x297</size>
         <input_file_ref idref="fl-1e"/>
      </object_component>
      <object_component id="oc-296">
         <name>.debug_info</name>
         <load_address>0x157fd</load_address>
         <run_address>0x157fd</run_address>
         <size>0xef</size>
         <input_file_ref idref="fl-1e"/>
      </object_component>
      <object_component id="oc-d6">
         <name>.debug_info</name>
         <load_address>0x158ec</load_address>
         <run_address>0x158ec</run_address>
         <size>0xbb</size>
         <input_file_ref idref="fl-1e"/>
      </object_component>
      <object_component id="oc-29e">
         <name>.debug_info</name>
         <load_address>0x159a7</load_address>
         <run_address>0x159a7</run_address>
         <size>0x3de</size>
         <input_file_ref idref="fl-20"/>
      </object_component>
      <object_component id="oc-1d0">
         <name>.debug_info</name>
         <load_address>0x15d85</load_address>
         <run_address>0x15d85</run_address>
         <size>0x12b</size>
         <input_file_ref idref="fl-20"/>
      </object_component>
      <object_component id="oc-1d6">
         <name>.debug_info</name>
         <load_address>0x15eb0</load_address>
         <run_address>0x15eb0</run_address>
         <size>0x137</size>
         <input_file_ref idref="fl-20"/>
      </object_component>
      <object_component id="oc-293">
         <name>.debug_info</name>
         <load_address>0x15fe7</load_address>
         <run_address>0x15fe7</run_address>
         <size>0x131</size>
         <input_file_ref idref="fl-20"/>
      </object_component>
      <object_component id="oc-1d3">
         <name>.debug_info</name>
         <load_address>0x16118</load_address>
         <run_address>0x16118</run_address>
         <size>0x13e</size>
         <input_file_ref idref="fl-20"/>
      </object_component>
      <object_component id="oc-1c4">
         <name>.debug_info</name>
         <load_address>0x16256</load_address>
         <run_address>0x16256</run_address>
         <size>0x208</size>
         <input_file_ref idref="fl-20"/>
      </object_component>
      <object_component id="oc-1ca">
         <name>.debug_info</name>
         <load_address>0x1645e</load_address>
         <run_address>0x1645e</run_address>
         <size>0x289</size>
         <input_file_ref idref="fl-20"/>
      </object_component>
      <object_component id="oc-103">
         <name>.debug_info</name>
         <load_address>0x166e7</load_address>
         <run_address>0x166e7</run_address>
         <size>0x3c7</size>
         <input_file_ref idref="fl-20"/>
      </object_component>
      <object_component id="oc-351">
         <name>.debug_info</name>
         <load_address>0x16aae</load_address>
         <run_address>0x16aae</run_address>
         <size>0x51</size>
         <input_file_ref idref="fl-20"/>
      </object_component>
      <object_component id="oc-11b">
         <name>.debug_info</name>
         <load_address>0x16aff</load_address>
         <run_address>0x16aff</run_address>
         <size>0x25b</size>
         <input_file_ref idref="fl-21"/>
      </object_component>
      <object_component id="oc-22b">
         <name>.debug_info</name>
         <load_address>0x16d5a</load_address>
         <run_address>0x16d5a</run_address>
         <size>0x1d6</size>
         <input_file_ref idref="fl-22"/>
      </object_component>
      <object_component id="oc-231">
         <name>.debug_info</name>
[...]
      </symbol>
      <symbol id="sm-4b0">
         <name>arm_cfft_sR_f32_len16</name>
         <value>0x1e124</value>
         <object_component_ref idref="oc-381"/>
      </symbol>
      <symbol id="sm-4b1">
         <name>arm_cfft_sR_f32_len32</name>
         <value>0x1e154</value>
         <object_component_ref idref="oc-37e"/>
      </symbol>
      <symbol id="sm-4b2">
         <name>arm_cfft_sR_f32_len4096</name>
         <value>0x1e164</value>
         <object_component_ref idref="oc-369"/>
      </symbol>
      <symbol id="sm-4b3">
         <name>arm_cfft_sR_f32_len1024</name>
         <value>0x1e104</value>
         <object_component_ref idref="oc-36f"/>
      </symbol>
      <symbol id="sm-4b4">
         <name>arm_cfft_sR_f32_len2048</name>
         <value>0x1e134</value>
         <object_component_ref idref="oc-36c"/>
      </symbol>
      <symbol id="sm-4e4">
         <name>ADCIntClearEx</name>
         <value>0x2215f</value>
         <object_component_ref idref="oc-82"/>
      </symbol>
      <symbol id="sm-4e5">
         <name>ADCSequenceStepConfigure</name>
         <value>0x21461</value>
         <object_component_ref idref="oc-114"/>
      </symbol>
      <symbol id="sm-556">
         <name>SysCtlClockFreqSet</name>
         <value>0x207bd</value>
         <object_component_ref idref="oc-102"/>
      </symbol>
      <symbol id="sm-564">
         <name>TimerControlTrigger</name>
         <value>0x21bf3</value>
         <object_component_ref idref="oc-11a"/>
      </symbol>
      <symbol id="sm-57b">
         <name>UARTCharsAvail</name>
         <value>0x22125</value>
         <object_component_ref idref="oc-22a"/>
      </symbol>
      <symbol id="sm-57c">
         <name>UARTCharGetNonBlocking</name>
         <value>0x22143</value>
         <object_component_ref idref="oc-230"/>
      </symbol>
      <symbol id="sm-58d">
         <name>sqrtf</name>
         <value>0x220b9</value>
         <object_component_ref idref="oc-2f3"/>
      </symbol>
      <symbol id="sm-59c">
         <name>__aeabi_uidivmod</name>
         <value>0x21ee5</value>
         <object_component_ref idref="oc-2b6"/>
      </symbol>
      <symbol id="sm-59d">
         <name>__aeabi_uidiv</name>
         <value>0x21ee5</value>
         <object_component_ref idref="oc-2b6"/>
      </symbol>
      <symbol id="sm-5af">
         <name>__TI_zero_init</name>
         <value>0x2219b</value>
         <object_component_ref idref="oc-5a"/>
      </symbol>
      <symbol id="sm-5c6">
         <name>__TI_decompress_none</name>
         <value>0x22181</value>
         <object_component_ref idref="oc-1c"/>
      </symbol>
      <symbol id="sm-5e9">
         <name>__TI_decompress_lzss</name>
         <value>0x21b25</value>
         <object_component_ref idref="oc-16"/>
      </symbol>
      <symbol id="sm-5f8">
         <name>toupper</name>
         <value>0x22171</value>
         <object_component_ref idref="oc-236"/>
      </symbol>
      <symbol id="sm-60b">
         <name>__stack</name>
         <value>0x20004c18</value>
         <object_component_ref idref="oc-25"/>
      </symbol>
      <symbol id="sm-60c">
         <name>_c_int00_noargs</name>
         <value>0x22085</value>
         <object_component_ref idref="oc-66"/>
      </symbol>
      <symbol id="sm-622">
         <name>__aeabi_errno_addr</name>
         <value>0x221a9</value>
         <object_component_ref idref="oc-39b"/>
      </symbol>
      <symbol id="sm-623">
         <name>errno</name>
         <value>0x20004e34</value>
         <object_component_ref idref="oc-407"/>
      </symbol>
      <symbol id="sm-62d">
         <name>__aeabi_idiv0</name>
         <value>0x20c73</value>
         <object_component_ref idref="oc-35e"/>
      </symbol>
      <symbol id="sm-62e">
         <name>__aeabi_ldiv0</name>
         <value>0x20c73</value>
         <object_component_ref idref="oc-35e"/>
      </symbol>
      <symbol id="sm-649">
         <name>memcpy</name>
         <value>0x21755</value>
         <object_component_ref idref="oc-48"/>
      </symbol>
      <symbol id="sm-64a">
         <name>__aeabi_memcpy</name>
         <value>0x21755</value>
         <object_component_ref idref="oc-48"/>
      </symbol>
      <symbol id="sm-64b">
         <name>__aeabi_memcpy8</name>
         <value>0x21755</value>
         <object_component_ref idref="oc-48"/>
      </symbol>
      <symbol id="sm-64c">
         <name>__aeabi_memcpy4</name>
         <value>0x21755</value>
         <object_component_ref idref="oc-48"/>
      </symbol>
      <symbol id="sm-65b">
         <name>__aeabi_memset</name>
         <value>0x21883</value>
         <object_component_ref idref="oc-b3"/>
      </symbol>
      <symbol id="sm-65c">
         <name>memset</name>
         <value>0x21889</value>
         <object_component_ref idref="oc-b3"/>
      </symbol>
      <symbol id="sm-65d">
         <name>__aeabi_memset8</name>
         <value>0x21883</value>
         <object_component_ref idref="oc-b3"/>
      </symbol>
      <symbol id="sm-65e">
         <name>__aeabi_memset4</name>
         <value>0x21883</value>
         <object_component_ref idref="oc-b3"/>
      </symbol>
      <symbol id="sm-65f">
         <name>__aeabi_memclr8</name>
         <value>0x21881</value>
         <object_component_ref idref="oc-b3"/>
      </symbol>
      <symbol id="sm-660">
         <name>__aeabi_memclr4</name>
         <value>0x21881</value>
         <object_component_ref idref="oc-b3"/>
      </symbol>
      <symbol id="sm-661">
         <name>__aeabi_memclr</name>
         <value>0x21881</value>
         <object_component_ref idref="oc-b3"/>
      </symbol>
      <symbol id="sm-689">
         <name>__TI_auto_init_nobinit_nopinit</name>
         <value>0x21da1</value>
         <object_component_ref idref="oc-179"/>
      </symbol>
      <symbol id="sm-693">
         <name>_system_pre_init</name>
         <value>0x221b1</value>
         <object_component_ref idref="oc-b9"/>
      </symbol>
      <symbol id="sm-69f">
         <name>C$$EXIT</name>
         <value>0x221b5</value>
         <object_component_ref idref="oc-16d"/>
      </symbol>
      <symbol id="sm-6a0">
         <name>abort</name>
         <value>0x221b5</value>
         <object_component_ref idref="oc-16d"/>
      </symbol>
      <symbol id="sm-6ad">
         <name>_ctypes_</name>
         <value>0x1db9c</value>
         <object_component_ref idref="oc-2ee"/>
      </symbol>
      <symbol id="sm-6ae">
         <name>__TI_static_base__</name>
         <value>0x0</value>
      </symbol>
      <symbol id="sm-6b1">
         <name>__mpu_init</name>
         <value>0x0</value>
      </symbol>
      <symbol id="sm-6b2">
         <name>_system_post_cinit</name>
         <value>0x0</value>
      </symbol>
      <symbol id="sm-6b3">
         <name>NMI_Handler</name>
         <value>0x204af</value>
      </symbol>
      <symbol id="sm-6b4">
         <name>HardFault_Handler</name>
         <value>0x204af</value>
      </symbol>
      <symbol id="sm-6b5">
         <name>MemManage_Handler</name>
         <value>0x204af</value>
      </symbol>
      <symbol id="sm-6b6">
         <name>BusFault_Handler</name>
         <value>0x204af</value>
      </symbol>
      <symbol id="sm-6b7">
         <name>UsageFault_Handler</name>
         <value>0x204af</value>
      </symbol>
      <symbol id="sm-6b8">
         <name>SVC_Handler</name>
         <value>0x204af</value>
      </symbol>
      <symbol id="sm-6b9">
         <name>DebugMon_Handler</name>
         <value>0x204af</value>
      </symbol>
      <symbol id="sm-6ba">
         <name>PendSV_Handler</name>
         <value>0x204af</value>
      </symbol>
      <symbol id="sm-6bb">
         <name>SysTick_Handler</name>
         <value>0x204af</value>
      </symbol>
      <symbol id="sm-6bc">
         <name>GPIOA_IRQHandler</name>
         <value>0x204af</value>
      </symbol>
      <symbol id="sm-6bd">
         <name>GPIOB_IRQHandler</name>
         <value>0x204af</value>
      </symbol>
      <symbol id="sm-6be">
         <name>GPIOC_IRQHandler</name>
         <value>0x204af</value>
      </symbol>
      <symbol id="sm-6bf">
         <name>GPIOD_IRQHandler</name>
         <value>0x204af</value>
      </symbol>
      <symbol id="sm-6c0">
         <name>GPIOE_IRQHandler</name>
         <value>0x204af</value>
      </symbol>
      <symbol id="sm-6c1">
         <name>UART0_IRQHandler</name>
         <value>0x204af</value>
      </symbol>
      <symbol id="sm-6c2">
         <name>UART1_IRQHandler</name>
         <value>0x204af</value>
      </symbol>
      <symbol id="sm-6c3">
         <name>SSI0_IRQHandler</name>
         <value>0x204af</value>
      </symbol>
      <symbol id="sm-6c4">
         <name>I2C0_IRQHandler</name>
         <value>0x204af</value>
      </symbol>
      <symbol id="sm-6c5">
         <name>PWM0_FAULT_IRQHandler</name>
         <value>0x204af</value>
      </symbol>
      <symbol id="sm-6c6">
         <name>PWM0_0_IRQHandler</name>
         <value>0x204af</value>
      </symbol>
      <symbol id="sm-6c7">
         <name>PWM0_1_IRQHandler</name>
         <value>0x204af</value>
      </symbol>
      <symbol id="sm-6c8">
         <name>PWM0_2_IRQHandler</name>
         <value>0x204af</value>
      </symbol>
      <symbol id="sm-6c9">
         <name>QEI0_IRQHandler</name>
         <value>0x204af</value>
      </symbol>
      <symbol id="sm-6ca">
         <name>ADC0SS0_IRQHandler</name>
         <value>0x204af</value>
      </symbol>
      <symbol id="sm-6cb">
         <name>ADC0SS1_IRQHandler</name>
         <value>0x204af</value>
      </symbol>
      <symbol id="sm-6cc">
         <name>ADC0SS2_IRQHandler</name>
         <value>0x216b5</value>
      </symbol>
      <symbol id="sm-6cd">
         <name>ADC0SS3_IRQHandler</name>
         <value>0x204af</value>
      </symbol>
      <symbol id="sm-6ce">
         <name>WATCHDOG_IRQHandler</name>
         <value>0x204af</value>
      </symbol>
      <symbol id="sm-6cf">
         <name>TIMER0A_IRQHandler</name>
         <value>0x204af</value>
      </symbol>
      <symbol id="sm-6d0">
         <name>TIMER0B_IRQHandler</name>
         <value>0x204af</value>
      </symbol>
      <symbol id="sm-6d1">
         <name>TIMER1A_IRQHandler</name>
         <value>0x204af</value>
      </symbol>
      <symbol id="sm-6d2">
         <name>TIMER1B_IRQHandler</name>
         <value>0x204af</value>
      </symbol>
      <symbol id="sm-6d3">
         <name>TIMER2A_IRQHandler</name>
         <value>0x204af</value>
      </symbol>
      <symbol id="sm-6d4">
         <name>TIMER2B_IRQHandler</name>
         <value>0x204af</value>
      </symbol>
      <symbol id="sm-6d5">
         <name>COMP0_IRQHandler</name>
         <value>0x204af</value>
      </symbol>
      <symbol id="sm-6d6">
         <name>COMP1_IRQHandler</name>
         <value>0x204af</value>
      </symbol>
      <symbol id="sm-6d7">
         <name>COMP2_IRQHandler</name>
         <value>0x204af</value>
      </symbol>
      <symbol id="sm-6d8">
         <name>SYSCTL_IRQHandler</name>
         <value>0x204af</value>
      </symbol>
      <symbol id="sm-6d9">
         <name>FLASH_IRQHandler</name>
         <value>0x204af</value>
      </symbol>
      <symbol id="sm-6da">
         <name>GPIOF_IRQHandler</name>
         <value>0x204af</value>
      </symbol>
      <symbol id="sm-6db">
         <name>GPIOG_IRQHandler</name>
         <value>0x204af</value>
      </symbol>
      <symbol id="sm-6dc">
         <name>GPIOH_IRQHandler</name>
         <value>0x204af</value>
      </symbol>
      <symbol id="sm-6dd">
         <name>UART2_IRQHandler</name>
         <value>0x204af</value>
      </symbol>
      <symbol id="sm-6de">
         <name>SSI1_IRQHandler</name>
         <value>0x204af</value>
      </symbol>
      <symbol id="sm-6df">
         <name>TIMER3A_IRQHandler</name>
         <value>0x204af</value>
      </symbol>
      <symbol id="sm-6e0">
         <name>TIMER3B_IRQHandler</name>
         <value>0x204af</value>
      </symbol>
      <symbol id="sm-6e1">
         <name>I2C1_IRQHandler</name>
         <value>0x204af</value>
      </symbol>
      <symbol id="sm-6e2">
         <name>CAN0_IRQHandler</name>
         <value>0x204af</value>
      </symbol>
      <symbol id="sm-6e3">
         <name>CAN1_IRQHandler</name>
         <value>0x204af</value>
      </symbol>
      <symbol id="sm-6e4">
         <name>EMAC0_IRQHandler</name>
         <value>0x204af</value>
      </symbol>
      <symbol id="sm-6e5">
         <name>HIBERNATE_IRQHandler</name>
         <value>0x204af</value>
      </symbol>
      <symbol id="sm-6e6">
         <name>USB0_IRQHandler</name>
         <value>0x204af</value>
      </symbol>
      <symbol id="sm-6e7">
         <name>PWM0_3_IRQHandler</name>
         <value>0x204af</value>
      </symbol>
      <symbol id="sm-6e8">
         <name>UDMA_IRQHandler</name>
         <value>0x204af</value>
      </symbol>
      <symbol id="sm-6e9">
         <name>UDMAERR_IRQHandler</name>
         <value>0x204af</value>
      </symbol>
      <symbol id="sm-6ea">
         <name>ADC1SS0_IRQHandler</name>
         <value>0x204af</value>
      </symbol>
      <symbol id="sm-6eb">
         <name>ADC1SS1_IRQHandler</name>
         <value>0x204af</value>
      </symbol>
      <symbol id="sm-6ec">
         <name>ADC1SS2_IRQHandler</name>
         <value>0x204af</value>
      </symbol>
      <symbol id="sm-6ed">
         <name>ADC1SS3_IRQHandler</name>
         <value>0x204af</value>
      </symbol>
      <symbol id="sm-6ee">
         <name>EPI0_IRQHandler</name>
         <value>0x204af</value>
      </symbol>
      <symbol id="sm-6ef">
         <name>GPIOJ_IRQHandler</name>
         <value>0x204af</value>
      </symbol>
      <symbol id="sm-6f0">
         <name>GPIOK_IRQHandler</name>
         <value>0x204af</value>
      </symbol>
      <symbol id="sm-6f1">
         <name>GPIOL_IRQHandler</name>
         <value>0x204af</value>
      </symbol>
      <symbol id="sm-6f2">
         <name>SSI2_IRQHandler</name>
         <value>0x204af</value>
      </symbol>
      <symbol id="sm-6f3">
         <name>SSI3_IRQHandler</name>
         <value>0x204af</value>
      </symbol>
      <symbol id="sm-6f4">
         <name>UART3_IRQHandler</name>
         <value>0x204af</value>
      </symbol>
      <symbol id="sm-6f5">
         <name>UART4_IRQHandler</name>
         <value>0x204af</value>
      </symbol>
      <symbol id="sm-6f6">
         <name>UART5_IRQHandler</name>
         <value>0x204af</value>
      </symbol>
      <symbol id="sm-6f7">
         <name>UART6_IRQHandler</name>
         <value>0x204af</value>
      </symbol>
      <symbol id="sm-6f8">
         <name>UART7_IRQHandler</name>
         <value>0x204af</value>
      </symbol>
      <symbol id="sm-6f9">
         <name>I2C2_IRQHandler</name>
         <value>0x204af</value>
      </symbol>
      <symbol id="sm-6fa">
         <name>I2C3_IRQHandler</name>
         <value>0x204af</value>
      </symbol>
      <symbol id="sm-6fb">
         <name>TIMER4A_IRQHandler</name>
         <value>0x204af</value>
      </symbol>
      <symbol id="sm-6fc">
         <name>TIMER4B_IRQHandler</name>
         <value>0x204af</value>
      </symbol>
      <symbol id="sm-6fd">
         <name>TIMER5A_IRQHandler</name>
         <value>0x204af</value>
      </symbol>
      <symbol id="sm-6fe">
         <name>TIMER5B_IRQHandler</name>
         <value>0x204af</value>
      </symbol>
      <symbol id="sm-6ff">
         <name>SYSEXC_IRQHandler</name>
         <value>0x204af</value>
      </symbol>
      <symbol id="sm-700">
         <name>I2C4_IRQHandler</name>
         <value>0x204af</value>
      </symbol>
      <symbol id="sm-701">
         <name>I2C5_IRQHandler</name>
         <value>0x204af</value>
      </symbol>
      <symbol id="sm-702">
         <name>GPIOM_IRQHandler</name>
         <value>0x204af</value>
      </symbol>
      <symbol id="sm-703">
         <name>GPION_IRQHandler</name>
         <value>0x204af</value>
      </symbol>
      <symbol id="sm-704">
         <name>TAMPER0_IRQHandler</name>
         <value>0x204af</value>
      </symbol>
      <symbol id="sm-705">
         <name>GPIOP0_IRQHandler</name>
         <value>0x204af</value>
      </symbol>
      <symbol id="sm-706">
         <name>GPIOP1_IRQHandler</name>
         <value>0x204af</value>
      </symbol>
      <symbol id="sm-707">
         <name>GPIOP2_IRQHandler</name>
         <value>0x204af</value>
      </symbol>
      <symbol id="sm-708">
         <name>GPIOP3_IRQHandler</name>
         <value>0x204af</value>
      </symbol>
      <symbol id="sm-709">
         <name>GPIOP4_IRQHandler</name>
         <value>0x204af</value>
      </symbol>
      <symbol id="sm-70a">
         <name>GPIOP5_IRQHandler</name>
         <value>0x204af</value>
      </symbol>
      <symbol id="sm-70b">
         <name>GPIOP6_IRQHandler</name>
         <value>0x204af</value>
      </symbol>
      <symbol id="sm-70c">
         <name>GPIOP7_IRQHandler</name>
         <value>0x204af</value>
      </symbol>
      <symbol id="sm-70d">
         <name>GPIOQ0_IRQHandler</name>
         <value>0x204af</value>
      </symbol>
      <symbol id="sm-70e">
         <name>GPIOQ1_IRQHandler</name>
         <value>0x204af</value>
      </symbol>
      <symbol id="sm-70f">
         <name>GPIOQ2_IRQHandler</name>
         <value>0x204af</value>
      </symbol>
      <symbol id="sm-710">
         <name>GPIOQ3_IRQHandler</name>
         <value>0x204af</value>
      </symbol>
      <symbol id="sm-711">
         <name>GPIOQ4_IRQHandler</name>
         <value>0x204af</value>
      </symbol>
      <symbol id="sm-712">
         <name>GPIOQ5_IRQHandler</name>
         <value>0x204af</value>
      </symbol>
      <symbol id="sm-713">
         <name>GPIOQ6_IRQHandler</name>
         <value>0x204af</value>
      </symbol>
      <symbol id="sm-714">
         <name>GPIOQ7_IRQHandler</name>
         <value>0x204af</value>
      </symbol>
      <symbol id="sm-715">
         <name>SHA0_IRQHandler</name>
         <value>0x204af</value>
      </symbol>
      <symbol id="sm-716">
         <name>AES0_IRQHandler</name>
         <value>0x204af</value>
      </symbol>
      <symbol id="sm-717">
         <name>DES0_IRQHandler</name>
         <value>0x204af</value>
      </symbol>
      <symbol id="sm-718">
         <name>TIMER6A_IRQHandler</name>
         <value>0x204af</value>
      </symbol>
      <symbol id="sm-719">
         <name>TIMER6B_IRQHandler</name>
         <value>0x204af</value>
      </symbol>
      <symbol id="sm-71a">
         <name>TIMER7A_IRQHandler</name>
         <value>0x204af</value>
      </symbol>
      <symbol id="sm-71b">
         <name>TIMER7B_IRQHandler</name>
         <value>0x204af</value>
      </symbol>
      <symbol id="sm-71c">
         <name>I2C6_IRQHandler</name>
         <value>0x204af</value>
      </symbol>
      <symbol id="sm-71d">
         <name>I2C7_IRQHandler</name>
         <value>0x204af</value>
      </symbol>
      <symbol id="sm-71e">
         <name>I2C8_IRQHandler</name>
         <value>0x204af</value>
      </symbol>
      <symbol id="sm-71f">
         <name>I2C9_IRQHandler</name>
         <value>0x204af</value>
      </symbol>
   </symbol_table>
   <title>Link successful</title>
</link_info>
