******************************************************************************
                  TI ARM Linker PC v20.2.7                     
******************************************************************************
>> Linked Tue Oct 28 14:53:57 2025

OUTPUT FILE NAME:   <CPE403_DA2.out>
ENTRY POINT SYMBOL: "_c_int00_noargs"  address: 00022085


MEMORY CONFIGURATION

         name            origin    length      used     unused   attr    fill
----------------------  --------  ---------  --------  --------  ----  --------
  FLASH                 00000000   00100000  000221f8  000dde08  R  X
  SRAM                  20000000   00040000  00004e3c  0003b1c4  RW X


SEGMENT ALLOCATION MAP

run origin  load origin   length   init length attrs members
----------  ----------- ---------- ----------- ----- -------
00000000    00000000    000221f8   000221f8    r-x
  00000000    00000000    00000208   00000208    r-- .intvecs
  00000208    00000208    0001dfb0   0001dfb0    r-- .const
  0001e1b8    0001e1b8    00004000   00004000    r-x .text
  000221b8    000221b8    00000040   00000040    r-- .cinit
20000000    20000000    00004e3c   00000000    rw-
  20000000    20000000    00004c18   00000000    rw- .bss
  20004c18    20004c18    00000200   00000000    rw- .stack
  20004e18    20004e18    00000024   00000000    rw- .data


SECTION ALLOCATION MAP

 output                                  attributes/
section   page    origin      length       input sections
--------  ----  ----------  ----------   ----------------
.intvecs   0    00000000    00000208     
                  00000000    00000208     startup_msp432e401y_ccs.obj (.intvecs:retain)

.const     0    00000208    0001dfb0     
                  00000208    00008000     arm_cortexM4lf_math.a : arm_common_tables.o (.const:twiddleCoef_4096)
                  00008208    00004000                           : arm_common_tables.o (.const:twiddleCoef_2048)
                  0000c208    00004000                           : arm_common_tables.o (.const:twiddleCoef_rfft_4096)
                  00010208    00002000                           : arm_common_tables.o (.const:twiddleCoef_1024)
                  00012208    00002000                           : arm_common_tables.o (.const:twiddleCoef_rfft_2048)
                  00014208    00001f80                           : arm_common_tables.o (.const:armBitRevIndexTable4096)
                  00016188    00001dc0                           : arm_common_tables.o (.const:armBitRevIndexTable2048)
                  00017f48    00001000                           : arm_common_tables.o (.const:twiddleCoef_512)
                  00018f48    00001000                           : arm_common_tables.o (.const:twiddleCoef_rfft_1024)
                  00019f48    00000e10                           : arm_common_tables.o (.const:armBitRevIndexTable1024)
                  0001ad58    00000804                           : arm_common_tables.o (.const:sinTable_f32)
                  0001b55c    00000800                           : arm_common_tables.o (.const:twiddleCoef_256)
                  0001bd5c    00000800                           : arm_common_tables.o (.const:twiddleCoef_rfft_512)
                  0001c55c    00000400                           : arm_common_tables.o (.const:twiddleCoef_128)
                  0001c95c    00000400                           : arm_common_tables.o (.const:twiddleCoef_rfft_256)
                  0001cd5c    00000380                           : arm_common_tables.o (.const:armBitRevIndexTable512)
                  0001d0dc    00000370                           : arm_common_tables.o (.const:armBitRevIndexTable256)
                  0001d44c    00000200                           : arm_common_tables.o (.const:twiddleCoef_64)
                  0001d64c    00000200                           : arm_common_tables.o (.const:twiddleCoef_rfft_128)
                  0001d84c    000001b0     msp432e4_driverlib.a : sysctl.o (.const:g_pppui32XTALtoVCO)
                  0001d9fc    000001a0     arm_cortexM4lf_math.a : arm_common_tables.o (.const:armBitRevIndexTable128)
                  0001db9c    00000101     rtsv7M4_T_le_v4SPD16_eabi.lib : ctype.c.obj (.const:.string:_ctypes_)
                  0001dc9d    00000003     --HOLE-- [fill = 0]
                  0001dca0    00000100     arm_cortexM4lf_math.a : arm_common_tables.o (.const:twiddleCoef_32)
                  0001dda0    00000100                           : arm_common_tables.o (.const:twiddleCoef_rfft_64)
                  0001dea0    00000080                           : arm_common_tables.o (.const:twiddleCoef_16)
                  0001df20    00000080                           : arm_common_tables.o (.const:twiddleCoef_rfft_32)
                  0001dfa0    00000070                           : arm_common_tables.o (.const:armBitRevIndexTable64)
                  0001e010    00000060                           : arm_common_tables.o (.const:armBitRevIndexTable32)
                  0001e070    00000030     msp432e4_driverlib.a : sysctl.o (.const:g_sXTALtoMEMTIM)
                  0001e0a0    00000028     arm_cortexM4lf_math.a : arm_common_tables.o (.const:armBitRevIndexTable16)
                  0001e0c8    00000028     msp432e4_driverlib.a : sysctl.o (.const:g_pui32Xtals)
                  0001e0f0    00000012     uartstdio.obj (.const:.string)
                  0001e102    00000002     --HOLE-- [fill = 0]
                  0001e104    00000010     arm_cortexM4lf_math.a : arm_const_structs.o (.const:arm_cfft_sR_f32_len1024)
                  0001e114    00000010                           : arm_const_structs.o (.const:arm_cfft_sR_f32_len128)
                  0001e124    00000010                           : arm_const_structs.o (.const:arm_cfft_sR_f32_len16)
                  0001e134    00000010                           : arm_const_structs.o (.const:arm_cfft_sR_f32_len2048)
                  0001e144    00000010                           : arm_const_structs.o (.const:arm_cfft_sR_f32_len256)
                  0001e154    00000010                           : arm_const_structs.o (.const:arm_cfft_sR_f32_len32)
                  0001e164    00000010                           : arm_const_structs.o (.const:arm_cfft_sR_f32_len4096)
                  0001e174    00000010                           : arm_const_structs.o (.const:arm_cfft_sR_f32_len512)
                  0001e184    00000010                           : arm_const_structs.o (.const:arm_cfft_sR_f32_len64)
                  0001e194    0000000c     uartstdio.obj (.const:g_ui32UARTBase)
                  0001e1a0    0000000c     uartstdio.obj (.const:g_ui32UARTPeriph)
                  0001e1ac    00000008     msp432e4_driverlib.a : sysctl.o (.const:g_pui32VCOFrequencies)
                  0001e1b4    00000004     uartstdio.obj (.const)

.text      0    0001e1b8    00004000     
                  0001e1b8    00000f08     arm_cortexM4lf_math.a : arm_cfft_radix8_f32.o (.text:arm_radix8_butterfly_f32)
                  0001f0c0    00000a70                           : arm_cfft_f32.o (.text:arm_cfft_radix8by4_f32)
                  0001fb30    0000057c     CPE403_DA2.obj (.text:main)
                  000200ac    00000402     arm_cortexM4lf_math.a : arm_cfft_f32.o (.text:arm_cfft_radix8by2_f32)
                  000204ae    00000002     startup_msp432e401y_ccs.obj (.text:Default_Handler)
                  000204b0    0000030c     uartstdio.obj (.text:UARTvprintf)
                  000207bc    000002e0     msp432e4_driverlib.a : sysctl.o (.text:SysCtlClockFreqSet)
                  00020a9c    000001d6     arm_cortexM4lf_math.a : arm_rfft_fast_f32.o (.text:stage_rfft_f32)
                  00020c72    00000002     rtsv7M4_T_le_v4SPD16_eabi.lib : div0.asm.obj (.text)
                  00020c74    000001c8     arm_cortexM4lf_math.a : arm_cfft_init_f32.o (.text:arm_cfft_init_f32)
                  00020e3c    00000198                           : arm_rfft_fast_f32.o (.text:merge_rfft_f32)
                  00020fd4    0000014c     CPE403_DA2.obj (.text:print_status)
                  00021120    0000013a     arm_cortexM4lf_math.a : arm_cfft_f32.o (.text:arm_cfft_f32)
                  0002125a    00000002     --HOLE-- [fill = 0]
                  0002125c    00000108                           : arm_cos_f32.o (.text:arm_cos_f32)
                  00021364    000000fc     CPE403_DA2.obj (.text:stream_fft_frame)
                  00021460    000000ee     msp432e4_driverlib.a : adc.o (.text:ADCSequenceStepConfigure)
                  0002154e    000000c0     arm_cortexM4lf_math.a : arm_bitreversal2.o (.text)
                  0002160e    00000002     --HOLE-- [fill = 0]
                  00021610    000000a4                           : arm_rfft_fast_init_f32.o (.text:arm_rfft_fast_init_f32)
                  000216b4    000000a0     CPE403_DA2.obj (.text:ADC0SS2_IRQHandler)
                  00021754    0000009c     rtsv7M4_T_le_v4SPD16_eabi.lib : memcpy_t2.asm.obj (.text)
                  000217f0    00000090     msp432e4_driverlib.a : sysctl.o (.text:_SysCtlFrequencyGet)
                  00021880    0000007a     rtsv7M4_T_le_v4SPD16_eabi.lib : memset_t2.asm.obj (.text)
                  000218fa    00000002     --HOLE-- [fill = 0]
                  000218fc    00000074     uartstdio.obj (.text:UARTStdioConfig)
                  00021970    00000074     arm_cortexM4lf_math.a : arm_max_f32.o (.text:arm_max_f32)
                  000219e4    00000070     CPE403_DA2.obj (.text:poll_uart_toggle)
                  00021a54    00000068     CPE403_DA2.obj (.text:ConfigureUART)
                  00021abc    00000068     arm_cortexM4lf_math.a : arm_rms_f32.o (.text:arm_rms_f32)
                  00021b24    00000068     rtsv7M4_T_le_v4SPD16_eabi.lib : copy_decompress_lzss.c.obj (.text:decompress:lzss:__TI_decompress_lzss)
                  00021b8c    00000066     arm_cortexM4lf_math.a : arm_cmplx_mag_f32.o (.text:arm_cmplx_mag_f32)
                  00021bf2    00000060     msp432e4_driverlib.a : timer.o (.text:TimerControlTrigger)
                  00021c52    00000002     --HOLE-- [fill = 0]
                  00021c54    0000005c     uartstdio.obj (.text:UARTwrite)
                  00021cb0    0000005c     arm_cortexM4lf_math.a : arm_mean_f32.o (.text:arm_mean_f32)
                  00021d0c    00000050                           : arm_rfft_fast_f32.o (.text:arm_rfft_fast_f32)
                  00021d5c    00000044     msp432e4_driverlib.a : sysctl.o (.text:_SysCtlMemTimingGet)
                  00021da0    00000044     rtsv7M4_T_le_v4SPD16_eabi.lib : autoinit.c.obj (.text:__TI_auto_init_nobinit_nopinit:__TI_auto_init_nobinit_nopinit)
                  00021de4    00000040     arm_cortexM4lf_math.a : arm_rfft_fast_init_f32.o (.text:arm_rfft_1024_fast_init_f32)
                  00021e24    00000040                           : arm_rfft_fast_init_f32.o (.text:arm_rfft_2048_fast_init_f32)
                  00021e64    00000040                           : arm_rfft_fast_init_f32.o (.text:arm_rfft_4096_fast_init_f32)
                  00021ea4    00000040                           : arm_rfft_fast_init_f32.o (.text:arm_rfft_512_fast_init_f32)
                  00021ee4    00000040     rtsv7M4_T_le_v4SPD16_eabi.lib : u_divt2.asm.obj (.text)
                  00021f24    0000003c     arm_cortexM4lf_math.a : arm_rfft_fast_init_f32.o (.text:arm_rfft_128_fast_init_f32)
                  00021f60    0000003c                           : arm_rfft_fast_init_f32.o (.text:arm_rfft_256_fast_init_f32)
                  00021f9c    0000003c                           : arm_rfft_fast_init_f32.o (.text:arm_rfft_32_fast_init_f32)
                  00021fd8    0000003c                           : arm_rfft_fast_init_f32.o (.text:arm_rfft_64_fast_init_f32)
                  00022014    00000038                           : arm_cmplx_mag_f32.o (.text:arm_sqrt_f32)
                  0002204c    00000038                           : arm_rms_f32.o (.text:arm_sqrt_f32)
                  00022084    00000034     rtsv7M4_T_le_v4SPD16_eabi.lib : boot_cortex_m.c.obj (.text:_c_int00_noargs:_c_int00_noargs)
                  000220b8    00000028                                   : e_sqrtf.c.obj (.text:sqrtf)
                  000220e0    00000024     uartstdio.obj (.text:UARTprintf)
                  00022104    00000020     system_msp432e401y.obj (.text:SystemInit)
                  00022124    0000001e     msp432e4_driverlib.a : uart.o (.text:UARTCharsAvail)
                  00022142    0000001c                          : uart.o (.text:UARTCharGetNonBlocking)
                  0002215e    00000012                          : adc.o (.text:ADCIntClearEx)
                  00022170    00000010     rtsv7M4_T_le_v4SPD16_eabi.lib : toupper.c.obj (.text:toupper)
                  00022180    0000000e                                   : copy_decompress_none.c.obj (.text:decompress:none:__TI_decompress_none)
                  0002218e    0000000c     startup_msp432e401y_ccs.obj (.text:Reset_Handler)
                  0002219a    0000000c     rtsv7M4_T_le_v4SPD16_eabi.lib : copy_zero_init.c.obj (.text:decompress:ZI:__TI_zero_init)
                  000221a6    00000002     --HOLE-- [fill = 0]
                  000221a8    00000008                                   : errno.c.obj (.text:__aeabi_errno_addr)
                  000221b0    00000004                                   : pre_init.c.obj (.text:_system_pre_init)
                  000221b4    00000004                                   : exit.c.obj (.text:abort:abort)

.cinit     0    000221b8    00000040     
                  000221b8    00000015     (.cinit..data.load) [load image, compression = lzss]
                  000221cd    00000003     --HOLE-- [fill = 0]
                  000221d0    0000000c     (__TI_handler_table)
                  000221dc    00000004     --HOLE-- [fill = 0]
                  000221e0    00000008     (.cinit..bss.load) [load image, compression = zero_init]
                  000221e8    00000010     (__TI_cinit_table)

.init_array 
*          0    00000000    00000000     UNINITIALIZED

.bss       0    20000000    00004c18     UNINITIALIZED
                  20000000    00001000     CPE403_DA2.obj (.bss:X_freq)
                  20001000    00001000     CPE403_DA2.obj (.bss:hann)
                  20002000    00001000     CPE403_DA2.obj (.bss:x_time)
                  20003000    00000800     CPE403_DA2.obj (.bss:adcBufA)
                  20003800    00000800     CPE403_DA2.obj (.bss:adcBufB)
                  20004000    00000800     CPE403_DA2.obj (.bss:mag)
                  20004800    00000400     (.common:pui8ControlTable)
                  20004c00    00000018     CPE403_DA2.obj (.bss:rfft)

.data      0    20004e18    00000024     UNINITIALIZED
                  20004e18    00000014     CPE403_DA2.obj (.data)
                  20004e2c    00000005     uartstdio.obj (.data)
                  20004e31    00000003     --HOLE--
                  20004e34    00000004     rtsv7M4_T_le_v4SPD16_eabi.lib : errno.c.obj (.data)
                  20004e38    00000004     system_msp432e401y.obj (.data)

.stack     0    20004c18    00000200     UNINITIALIZED
                  20004c18    00000004     rtsv7M4_T_le_v4SPD16_eabi.lib : boot_cortex_m.c.obj (.stack)
                  20004c1c    000001fc     --HOLE--

__llvm_prf_cnts 
*          0    20000000    00000000     UNINITIALIZED

MODULE SUMMARY

       Module                        code    ro data   rw data
       ------                        ----    -------   -------
    .\
       CPE403_DA2.obj                2364    0         19500  
       uartstdio.obj                 1024    46        5      
       system_msp432e401y.obj        32      0         4      
    +--+-----------------------------+-------+---------+---------+
       Total:                        3420    46        19509  
                                                              
    .\ccs\
       startup_msp432e401y_ccs.obj   14      520       0      
    +--+-----------------------------+-------+---------+---------+
       Total:                        14      520       0      
                                                              
    C:/ti/simplelink_msp432e4_sdk_4_20_00_12/source/third_party/CMSIS/DSP_Lib/lib/ccs/m4f/arm_cortexM4lf_math.a
       arm_common_tables.o           0       121820    0      
       arm_cfft_f32.o                4012    0         0      
       arm_cfft_radix8_f32.o         3848    0         0      
       arm_rfft_fast_f32.o           958     0         0      
       arm_rfft_fast_init_f32.o      660     0         0      
       arm_cfft_init_f32.o           456     0         0      
       arm_cos_f32.o                 264     0         0      
       arm_bitreversal2.o            192     0         0      
       arm_rms_f32.o                 160     0         0      
       arm_cmplx_mag_f32.o           158     0         0      
       arm_const_structs.o           0       144       0      
       arm_max_f32.o                 116     0         0      
       arm_mean_f32.o                92      0         0      
    +--+-----------------------------+-------+---------+---------+
       Total:                        10916   121964    0      
                                                              
    C:/ti/simplelink_msp432e4_sdk_4_20_00_12/source/ti/devices/msp432e4/driverlib/lib/ccs/m4f/msp432e4_driverlib.a
       sysctl.o                      948     528       0      
       adc.o                         256     0         0      
       timer.o                       96      0         0      
       uart.o                        58      0         0      
    +--+-----------------------------+-------+---------+---------+
       Total:                        1358    528       0      
                                                              
    C:\ti\ccs1281\ccs\tools\compiler\ti-cgt-arm_20.2.7.LTS\lib\rtsv7M4_T_le_v4SPD16_eabi.lib
       ctype.c.obj                   0       257       0      
       memcpy_t2.asm.obj             156     0         0      
       memset_t2.asm.obj             122     0         0      
       copy_decompress_lzss.c.obj    104     0         0      
       autoinit.c.obj                68      0         0      
       u_divt2.asm.obj               64      0         0      
       boot_cortex_m.c.obj           52      0         0      
       e_sqrtf.c.obj                 40      0         0      
       toupper.c.obj                 16      0         0      
       copy_decompress_none.c.obj    14      0         0      
       copy_zero_init.c.obj          12      0         0      
       errno.c.obj                   8       0         4      
       exit.c.obj                    4       0         0      
       pre_init.c.obj                4       0         0      
       div0.asm.obj                  2       0         0      
    +--+-----------------------------+-------+---------+---------+
       Total:                        666     257       4      
                                                              
       Stack:                        0       0         512    
       Linker Generated:             0       57        0      
    +--+-----------------------------+-------+---------+---------+
       Grand Total:                  16374   123372    20025  


LINKER GENERATED COPY TABLES

__TI_cinit_table @ 000221e8 records: 2, size/record: 8, table size: 16
	.data: load addr=000221b8, load size=00000015 bytes, run addr=20004e18, run size=00000024 bytes, compression=lzss
	.bss: load addr=000221e0, load size=00000008 bytes, run addr=20000000, run size=00004c18 bytes, compression=zero_init


LINKER GENERATED HANDLER TABLE

__TI_handler_table @ 000221d0 records: 3, size/record: 4, table size: 12
	index: 0, handler: __TI_decompress_lzss
	index: 1, handler: __TI_decompress_none
	index: 2, handler: __TI_zero_init


GLOBAL SYMBOLS: SORTED ALPHABETICALLY BY Name 

address   name                          
-------   ----                          
000204af  ADC0SS0_IRQHandler            
000204af  ADC0SS1_IRQHandler            
000216b5  ADC0SS2_IRQHandler            
000216b5  ADC0SS2_IRQHandler            
000204af  ADC0SS3_IRQHandler            
000204af  ADC1SS0_IRQHandler            
000204af  ADC1SS1_IRQHandler            
000204af  ADC1SS2_IRQHandler            
000204af  ADC1SS3_IRQHandler            
0002215f  ADCIntClearEx                 
00021461  ADCSequenceStepConfigure      
000204af  AES0_IRQHandler               
000204af  BusFault_Handler              
000221b5  C$$EXIT                       
000204af  CAN0_IRQHandler               
000204af  CAN1_IRQHandler               
000204af  COMP0_IRQHandler              
000204af  COMP1_IRQHandler              
000204af  COMP2_IRQHandler              
000204af  DES0_IRQHandler               
000204af  DebugMon_Handler              
000204af  Default_Handler               
000204af  EMAC0_IRQHandler              
000204af  EPI0_IRQHandler               
000204af  FLASH_IRQHandler              
000204af  GPIOA_IRQHandler              
000204af  GPIOB_IRQHandler              
000204af  GPIOC_IRQHandler              
000204af  GPIOD_IRQHandler              
000204af  GPIOE_IRQHandler              
000204af  GPIOF_IRQHandler              
000204af  GPIOG_IRQHandler              
000204af  GPIOH_IRQHandler              
000204af  GPIOJ_IRQHandler              
000204af  GPIOK_IRQHandler              
000204af  GPIOL_IRQHandler              
000204af  GPIOM_IRQHandler              
000204af  GPION_IRQHandler              
000204af  GPIOP0_IRQHandler             
000204af  GPIOP1_IRQHandler             
000204af  GPIOP2_IRQHandler             
000204af  GPIOP3_IRQHandler             
000204af  GPIOP4_IRQHandler             
000204af  GPIOP5_IRQHandler             
000204af  GPIOP6_IRQHandler             
000204af  GPIOP7_IRQHandler             
000204af  GPIOQ0_IRQHandler             
000204af  GPIOQ1_IRQHandler             
000204af  GPIOQ2_IRQHandler             
000204af  GPIOQ3_IRQHandler             
000204af  GPIOQ4_IRQHandler             
000204af  GPIOQ5_IRQHandler             
000204af  GPIOQ6_IRQHandler             
000204af  GPIOQ7_IRQHandler             
000204af  HIBERNATE_IRQHandler          
000204af  HardFault_Handler             
000204af  I2C0_IRQHandler               
000204af  I2C1_IRQHandler               
000204af  I2C2_IRQHandler               
000204af  I2C3_IRQHandler               
000204af  I2C4_IRQHandler               
000204af  I2C5_IRQHandler               
000204af  I2C6_IRQHandler               
000204af  I2C7_IRQHandler               
000204af  I2C8_IRQHandler               
000204af  I2C9_IRQHandler               
000204af  MemManage_Handler             
000204af  NMI_Handler                   
000204af  PWM0_0_IRQHandler             
000204af  PWM0_1_IRQHandler             
000204af  PWM0_2_IRQHandler             
000204af  PWM0_3_IRQHandler             
000204af  PWM0_FAULT_IRQHandler         
000204af  PendSV_Handler                
000204af  QEI0_IRQHandler               
0002218f  Reset_Handler                 
000204af  SHA0_IRQHandler               
000204af  SSI0_IRQHandler               
000204af  SSI1_IRQHandler               
000204af  SSI2_IRQHandler               
000204af  SSI3_IRQHandler               
000204af  SVC_Handler                   
000204af  SYSCTL_IRQHandler             
000204af  SYSEXC_IRQHandler             
000207bd  SysCtlClockFreqSet            
000204af  SysTick_Handler               
20004e38  SystemCoreClock               
00022105  SystemInit                    
000204af  TAMPER0_IRQHandler            
000204af  TIMER0A_IRQHandler            
000204af  TIMER0B_IRQHandler            
000204af  TIMER1A_IRQHandler            
000204af  TIMER1B_IRQHandler            
000204af  TIMER2A_IRQHandler            
000204af  TIMER2B_IRQHandler            
000204af  TIMER3A_IRQHandler            
000204af  TIMER3B_IRQHandler            
000204af  TIMER4A_IRQHandler            
000204af  TIMER4B_IRQHandler            
000204af  TIMER5A_IRQHandler            
000204af  TIMER5B_IRQHandler            
000204af  TIMER6A_IRQHandler            
000204af  TIMER6B_IRQHandler            
000204af  TIMER7A_IRQHandler            
000204af  TIMER7B_IRQHandler            
00021bf3  TimerControlTrigger           
000204af  UART0_IRQHandler              
000204af  UART1_IRQHandler              
000204af  UART2_IRQHandler              
000204af  UART3_IRQHandler              
000204af  UART4_IRQHandler              
000204af  UART5_IRQHandler              
000204af  UART6_IRQHandler              
000204af  UART7_IRQHandler              
00022143  UARTCharGetNonBlocking        
00022125  UARTCharsAvail                
000218fd  UARTStdioConfig               
000220e1  UARTprintf                    
000204b1  UARTvprintf                   
00021c55  UARTwrite                     
000204af  UDMAERR_IRQHandler            
000204af  UDMA_IRQHandler               
000204af  USB0_IRQHandler               
000204af  UsageFault_Handler            
000204af  WATCHDOG_IRQHandler           
20004e18  __STACK_END                   
00000200  __STACK_SIZE                  
20004e18  __STACK_TOP                   
000221e8  __TI_CINIT_Base               
000221f8  __TI_CINIT_Limit              
000221d0  __TI_Handler_Table_Base       
000221dc  __TI_Handler_Table_Limit      
00021da1  __TI_auto_init_nobinit_nopinit
00021b25  __TI_decompress_lzss          
00022181  __TI_decompress_none          
ffffffff  __TI_pprof_out_hndl           
ffffffff  __TI_prof_data_size           
ffffffff  __TI_prof_data_start          
00000000  __TI_static_base__            
0002219b  __TI_zero_init                
000221a9  __aeabi_errno_addr            
00020c73  __aeabi_idiv0                 
00020c73  __aeabi_ldiv0                 
00021881  __aeabi_memclr                
00021881  __aeabi_memclr4               
00021881  __aeabi_memclr8               
00021755  __aeabi_memcpy                
00021755  __aeabi_memcpy4               
00021755  __aeabi_memcpy8               
00021883  __aeabi_memset                
00021883  __aeabi_memset4               
00021883  __aeabi_memset8               
00021ee5  __aeabi_uidiv                 
00021ee5  __aeabi_uidivmod              
ffffffff  __binit__                     
ffffffff  __c_args__                    
UNDEFED   __mpu_init                    
20004c18  __stack                       
20000000  __start___llvm_prf_cnts       
20000000  __stop___llvm_prf_cnts        
00022085  _c_int00_noargs               
0001db9c  _ctypes_                      
UNDEFED   _system_post_cinit            
000221b1  _system_pre_init              
000221b5  abort                         
00019f48  armBitRevIndexTable1024       
0001d9fc  armBitRevIndexTable128        
0001e0a0  armBitRevIndexTable16         
00016188  armBitRevIndexTable2048       
0001d0dc  armBitRevIndexTable256        
0001e010  armBitRevIndexTable32         
00014208  armBitRevIndexTable4096       
0001cd5c  armBitRevIndexTable512        
0001dfa0  armBitRevIndexTable64         
000215b9  arm_bitreversal_16            
0002154f  arm_bitreversal_32            
00021121  arm_cfft_f32                  
00020c75  arm_cfft_init_f32             
000200ad  arm_cfft_radix8by2_f32        
0001f0c1  arm_cfft_radix8by4_f32        
0001e104  arm_cfft_sR_f32_len1024       
0001e114  arm_cfft_sR_f32_len128        
0001e124  arm_cfft_sR_f32_len16         
0001e134  arm_cfft_sR_f32_len2048       
0001e144  arm_cfft_sR_f32_len256        
0001e154  arm_cfft_sR_f32_len32         
0001e164  arm_cfft_sR_f32_len4096       
0001e174  arm_cfft_sR_f32_len512        
0001e184  arm_cfft_sR_f32_len64         
00021b8d  arm_cmplx_mag_f32             
0002125d  arm_cos_f32                   
00021971  arm_max_f32                   
00021cb1  arm_mean_f32                  
0001e1b9  arm_radix8_butterfly_f32      
00021d0d  arm_rfft_fast_f32             
00021611  arm_rfft_fast_init_f32        
00021abd  arm_rms_f32                   
ffffffff  binit                         
20004e34  errno                         
00000000  interruptVectors              
0001fb31  main                          
00021755  memcpy                        
00021889  memset                        
00020e3d  merge_rfft_f32                
20004800  pui8ControlTable              
20004e20  setBufAReady                  
20004e21  setBufBReady                  
0001ad58  sinTable_f32                  
000220b9  sqrtf                         
00020a9d  stage_rfft_f32                
00022171  toupper                       
00010208  twiddleCoef_1024              
0001c55c  twiddleCoef_128               
0001dea0  twiddleCoef_16                
00008208  twiddleCoef_2048              
0001b55c  twiddleCoef_256               
0001dca0  twiddleCoef_32                
00000208  twiddleCoef_4096              
00017f48  twiddleCoef_512               
0001d44c  twiddleCoef_64                
00018f48  twiddleCoef_rfft_1024         
0001d64c  twiddleCoef_rfft_128          
00012208  twiddleCoef_rfft_2048         
0001c95c  twiddleCoef_rfft_256          
0001df20  twiddleCoef_rfft_32           
0000c208  twiddleCoef_rfft_4096         
0001bd5c  twiddleCoef_rfft_512          
0001dda0  twiddleCoef_rfft_64           


GLOBAL SYMBOLS: SORTED BY Symbol Address 

address   name                          
-------   ----                          
00000000  __TI_static_base__            
00000000  interruptVectors              
00000200  __STACK_SIZE                  
00000208  twiddleCoef_4096              
00008208  twiddleCoef_2048              
0000c208  twiddleCoef_rfft_4096         
00010208  twiddleCoef_1024              
00012208  twiddleCoef_rfft_2048         
00014208  armBitRevIndexTable4096       
00016188  armBitRevIndexTable2048       
00017f48  twiddleCoef_512               
00018f48  twiddleCoef_rfft_1024         
00019f48  armBitRevIndexTable1024       
0001ad58  sinTable_f32                  
0001b55c  twiddleCoef_256               
0001bd5c  twiddleCoef_rfft_512          
0001c55c  twiddleCoef_128               
0001c95c  twiddleCoef_rfft_256          
0001cd5c  armBitRevIndexTable512        
0001d0dc  armBitRevIndexTable256        
0001d44c  twiddleCoef_64                
0001d64c  twiddleCoef_rfft_128          
0001d9fc  armBitRevIndexTable128        
0001db9c  _ctypes_                      
0001dca0  twiddleCoef_32                
0001dda0  twiddleCoef_rfft_64           
0001dea0  twiddleCoef_16                
0001df20  twiddleCoef_rfft_32           
0001dfa0  armBitRevIndexTable64         
0001e010  armBitRevIndexTable32         
0001e0a0  armBitRevIndexTable16         
0001e104  arm_cfft_sR_f32_len1024       
0001e114  arm_cfft_sR_f32_len128        
0001e124  arm_cfft_sR_f32_len16         
0001e134  arm_cfft_sR_f32_len2048       
0001e144  arm_cfft_sR_f32_len256        
0001e154  arm_cfft_sR_f32_len32         
0001e164  arm_cfft_sR_f32_len4096       
0001e174  arm_cfft_sR_f32_len512        
0001e184  arm_cfft_sR_f32_len64         
0001e1b9  arm_radix8_butterfly_f32      
0001f0c1  arm_cfft_radix8by4_f32        
0001fb31  main                          
000200ad  arm_cfft_radix8by2_f32        
000204af  ADC0SS0_IRQHandler            
000204af  ADC0SS1_IRQHandler            
000204af  ADC0SS3_IRQHandler            
000204af  ADC1SS0_IRQHandler            
000204af  ADC1SS1_IRQHandler            
000204af  ADC1SS2_IRQHandler            
000204af  ADC1SS3_IRQHandler            
000204af  AES0_IRQHandler               
000204af  BusFault_Handler              
000204af  CAN0_IRQHandler               
000204af  CAN1_IRQHandler               
000204af  COMP0_IRQHandler              
000204af  COMP1_IRQHandler              
000204af  COMP2_IRQHandler              
000204af  DES0_IRQHandler               
000204af  DebugMon_Handler              
000204af  Default_Handler               
000204af  EMAC0_IRQHandler              
000204af  EPI0_IRQHandler               
000204af  FLASH_IRQHandler              
000204af  GPIOA_IRQHandler              
000204af  GPIOB_IRQHandler              
000204af  GPIOC_IRQHandler              
000204af  GPIOD_IRQHandler              
000204af  GPIOE_IRQHandler              
000204af  GPIOF_IRQHandler              
000204af  GPIOG_IRQHandler              
000204af  GPIOH_IRQHandler              
000204af  GPIOJ_IRQHandler              
000204af  GPIOK_IRQHandler              
000204af  GPIOL_IRQHandler              
000204af  GPIOM_IRQHandler              
000204af  GPION_IRQHandler              
000204af  GPIOP0_IRQHandler             
000204af  GPIOP1_IRQHandler             
000204af  GPIOP2_IRQHandler             
000204af  GPIOP3_IRQHandler             
000204af  GPIOP4_IRQHandler             
000204af  GPIOP5_IRQHandler             
000204af  GPIOP6_IRQHandler             
000204af  GPIOP7_IRQHandler             
000204af  GPIOQ0_IRQHandler             
000204af  GPIOQ1_IRQHandler             
000204af  GPIOQ2_IRQHandler             
000204af  GPIOQ3_IRQHandler             
000204af  GPIOQ4_IRQHandler             
000204af  GPIOQ5_IRQHandler             
000204af  GPIOQ6_IRQHandler             
000204af  GPIOQ7_IRQHandler             
000204af  HIBERNATE_IRQHandler          
000204af  HardFault_Handler             
000204af  I2C0_IRQHandler               
000204af  I2C1_IRQHandler               
000204af  I2C2_IRQHandler               
000204af  I2C3_IRQHandler               
000204af  I2C4_IRQHandler               
000204af  I2C5_IRQHandler               
000204af  I2C6_IRQHandler               
000204af  I2C7_IRQHandler               
000204af  I2C8_IRQHandler               
000204af  I2C9_IRQHandler               
000204af  MemManage_Handler             
000204af  NMI_Handler                   
000204af  PWM0_0_IRQHandler             
000204af  PWM0_1_IRQHandler             
000204af  PWM0_2_IRQHandler             
000204af  PWM0_3_IRQHandler             
000204af  PWM0_FAULT_IRQHandler         
000204af  PendSV_Handler                
000204af  QEI0_IRQHandler               
000204af  SHA0_IRQHandler               
000204af  SSI0_IRQHandler               
000204af  SSI1_IRQHandler               
000204af  SSI2_IRQHandler               
000204af  SSI3_IRQHandler               
000204af  SVC_Handler                   
000204af  SYSCTL_IRQHandler             
000204af  SYSEXC_IRQHandler             
000204af  SysTick_Handler               
000204af  TAMPER0_IRQHandler            
000204af  TIMER0A_IRQHandler            
000204af  TIMER0B_IRQHandler            
000204af  TIMER1A_IRQHandler            
000204af  TIMER1B_IRQHandler            
000204af  TIMER2A_IRQHandler            
000204af  TIMER2B_IRQHandler            
000204af  TIMER3A_IRQHandler            
000204af  TIMER3B_IRQHandler            
000204af  TIMER4A_IRQHandler            
000204af  TIMER4B_IRQHandler            
000204af  TIMER5A_IRQHandler            
000204af  TIMER5B_IRQHandler            
000204af  TIMER6A_IRQHandler            
000204af  TIMER6B_IRQHandler            
000204af  TIMER7A_IRQHandler            
000204af  TIMER7B_IRQHandler            
000204af  UART0_IRQHandler              
000204af  UART1_IRQHandler              
000204af  UART2_IRQHandler              
000204af  UART3_IRQHandler              
000204af  UART4_IRQHandler              
000204af  UART5_IRQHandler              
000204af  UART6_IRQHandler              
000204af  UART7_IRQHandler              
000204af  UDMAERR_IRQHandler            
000204af  UDMA_IRQHandler               
000204af  USB0_IRQHandler               
000204af  UsageFault_Handler            
000204af  WATCHDOG_IRQHandler           
000204b1  UARTvprintf                   
000207bd  SysCtlClockFreqSet            
00020a9d  stage_rfft_f32                
00020c73  __aeabi_idiv0                 
00020c73  __aeabi_ldiv0                 
00020c75  arm_cfft_init_f32             
00020e3d  merge_rfft_f32                
00021121  arm_cfft_f32                  
0002125d  arm_cos_f32                   
00021461  ADCSequenceStepConfigure      
0002154f  arm_bitreversal_32            
000215b9  arm_bitreversal_16            
00021611  arm_rfft_fast_init_f32        
000216b5  ADC0SS2_IRQHandler            
000216b5  ADC0SS2_IRQHandler            
00021755  __aeabi_memcpy                
00021755  __aeabi_memcpy4               
00021755  __aeabi_memcpy8               
00021755  memcpy                        
00021881  __aeabi_memclr                
00021881  __aeabi_memclr4               
00021881  __aeabi_memclr8               
00021883  __aeabi_memset                
00021883  __aeabi_memset4               
00021883  __aeabi_memset8               
00021889  memset                        
000218fd  UARTStdioConfig               
00021971  arm_max_f32                   
00021abd  arm_rms_f32                   
00021b25  __TI_decompress_lzss          
00021b8d  arm_cmplx_mag_f32             
00021bf3  TimerControlTrigger           
00021c55  UARTwrite                     
00021cb1  arm_mean_f32                  
00021d0d  arm_rfft_fast_f32             
00021da1  __TI_auto_init_nobinit_nopinit
00021ee5  __aeabi_uidiv                 
00021ee5  __aeabi_uidivmod              
00022085  _c_int00_noargs               
000220b9  sqrtf                         
000220e1  UARTprintf                    
00022105  SystemInit                    
00022125  UARTCharsAvail                
00022143  UARTCharGetNonBlocking        
0002215f  ADCIntClearEx                 
00022171  toupper                       
00022181  __TI_decompress_none          
0002218f  Reset_Handler                 
0002219b  __TI_zero_init                
000221a9  __aeabi_errno_addr            
000221b1  _system_pre_init              
000221b5  C$$EXIT                       
000221b5  abort                         
000221d0  __TI_Handler_Table_Base       
000221dc  __TI_Handler_Table_Limit      
000221e8  __TI_CINIT_Base               
000221f8  __TI_CINIT_Limit              
20000000  __start___llvm_prf_cnts       
20000000  __stop___llvm_prf_cnts        
20004800  pui8ControlTable              
20004c18  __stack                       
20004e18  __STACK_END                   
20004e18  __STACK_TOP                   
20004e20  setBufAReady                  
20004e21  setBufBReady                  
20004e34  errno                         
20004e38  SystemCoreClock               
ffffffff  __TI_pprof_out_hndl           
ffffffff  __TI_prof_data_size           
ffffffff  __TI_prof_data_start          
ffffffff  __binit__                     
ffffffff  __c_args__                    
ffffffff  binit                         
UNDEFED   __mpu_init                    
UNDEFED   _system_post_cinit            

[228 symbols]
