******************************************************************************
                  TI ARM Linker PC v20.2.7                     
******************************************************************************
>> Linked Sat Nov  8 19:16:57 2025

OUTPUT FILE NAME:   <CPE403_DA3.out>
ENTRY POINT SYMBOL: "_c_int00"  address: 000089ad


MEMORY CONFIGURATION

         name            origin    length      used     unused   attr    fill
----------------------  --------  ---------  --------  --------  ----  --------
  FLASH                 00000000   00100000  0000e944  000f16bc  R  X
  SRAM                  20000000   00040000  00023db8  0001c248  RW X


SEGMENT ALLOCATION MAP

run origin  load origin   length   init length attrs members
----------  ----------- ---------- ----------- ----- -------
00000000    00000000    0000e950   0000e950    r-x
  00000000    00000000    0000003c   0000003c    r-- .resetVecs
  00000040    00000040    0000b85a   0000b85a    r-x .text
  0000b89c    0000b89c    00002d5e   00002d5e    r-- .const
  0000e600    0000e600    00000350   00000350    r-- .cinit
20000360    20000360    00020000   00000000    r--
  20000360    20000360    00020000   00000000    r-- .priheap
20020380    20020380    00003658   00000000    rw-
  20020380    20020380    00002e68   00000000    rw- .bss
  200231e8    200231e8    000007f0   00000000    rw- .data
2003fc00    2003fc00    00000400   00000000    rw-
  2003fc00    2003fc00    00000400   00000000    rw- .stack


SECTION ALLOCATION MAP

 output                                  attributes/
section   page    origin      length       input sections
--------  ----  ----------  ----------   ----------------
.text      0    00000040    0000b85a     
                  00000040    00000a4e     rtsv7M4_T_le_v4SPD16_eabi.lib : _printfi.c.obj (.text:__TI_printfi)
                  00000a8e    00000002     ti_drivers_config.obj (.text:Board_initHook)
                  00000a90    00000430     sysbios.aem4f : BIOS.obj (.text:ti_sysbios_family_arm_m3_Hwi_excDumpRegs__I)
                  00000ec0    00000340     ti.targets.arm.rtsarm.aem4f : System.oem4f (.text:xdc_runtime_System_doPrint__I)
                  00001200    000002f0     drivers_msp432e4.aem4f : UARTMSP432E4.oem4f (.text:UARTMSP432E4_open)
                  000014f0    000002ec     sysbios.aem4f : BIOS.obj (.text:ti_sysbios_knl_Semaphore_pend__E)
                  000017dc    00000004     dpl_msp432e4.aem4f : ClockP_tirtos.oem4f (.text:ClockP_getCpuFreq)
                  000017e0    000002a0     sysbios.aem4f : BIOS.obj (.text:ti_sysbios_family_arm_msp432e4_init_Boot_sysCtlClockFreqSetI__I)
                  00001a80    00000284                   : BIOS.obj (.text:ti_sysbios_knl_Task_Instance_finalize__E)
                  00001d04    00000270     rtsv7M4_T_le_v4SPD16_eabi.lib : _printfi.c.obj (.text:_pconv_a)
                  00001f74    00000264     mutex.obj (.text:main)
                  000021d8    00000248     sysbios.aem4f : BIOS.obj (.text:ti_sysbios_heaps_HeapMem_freeUnprotected__E)
                  00002420    0000023a     msp432e4_driverlib.a : gpio.o (.text:GPIOPadConfigSet)
                  0000265a    00000006     drivers_msp432e4.aem4f : ADCMSP432E4.oem4f (.text:ADCMSP432E4_control)
                  00002660    00000200     sysbios.aem4f : BIOS.obj (.text:ti_sysbios_heaps_HeapMem_allocUnprotected__E)
                  00002860    000001f4                   : BIOS.obj (.text:ti_sysbios_family_arm_m3_Hwi_excHandlerMax__I)
                  00002a54    00000004     dpl_msp432e4.aem4f : ClockP_tirtos.oem4f (.text:ClockP_setTimeout)
                  00002a58    000001e4     sysbios.aem4f : BIOS.obj (.text:ti_sysbios_family_arm_lm4_Timer_start__E)
                  00002c3c    00000004     dpl_msp432e4.aem4f : ClockP_tirtos.oem4f (.text:ClockP_start)
                  00002c40    000001d8     sysbios.aem4f : BIOS.obj (.text:ti_sysbios_knl_Task_Instance_init__E)
                  00002e18    000001d0     rtsv7M4_T_le_v4SPD16_eabi.lib : _printfi.c.obj (.text:_pconv_g)
                  00002fe8    000001b6                                   : fd_add_t2.asm.obj (.text)
                  0000319e    00000002     drivers_msp432e4.aem4f : PWMMSP432E4.oem4f (.text:PWMMSP432E4_init)
                  000031a0    00000184                            : GPIOMSP432E4.oem4f (.text:GPIO_setConfig)
                  00003324    00000004     dpl_msp432e4.aem4f : ClockP_tirtos.oem4f (.text:ClockP_stop)
                  00003328    00000178     sysbios.aem4f : BIOS.obj (.text:ti_sysbios_family_arm_lm4_TimestampProvider_get64__E)
                  000034a0    00000174                   : BIOS.obj (.text:ti_sysbios_family_arm_m3_Hwi_excBusFault__I)
                  00003614    00000004     dpl_msp432e4.aem4f : HwiP_tirtos.oem4f (.text:HwiP_disable)
                  00003618    00000164     sysbios.aem4f : BIOS.obj (.text:ti_sysbios_family_arm_m3_Hwi_excUsageFault__I)
                  0000377c    00000160     drivers_msp432e4.aem4f : PWMMSP432E4.oem4f (.text:PWMMSP432E4_setDutyAndPeriod)
                  000038dc    00000160     mutex.obj (.text:pwmTaskFxn)
                  00003a3c    00000150     drivers_msp432e4.aem4f : PWMMSP432E4.oem4f (.text:initHw)
                  00003b8c    00000004     dpl_msp432e4.aem4f : SemaphoreP_tirtos.oem4f (.text:SemaphoreP_post)
                  00003b90    00000148     sysbios.aem4f : BIOS.obj (.text:ti_sysbios_family_arm_m3_Hwi_excMemFault__I)
                  00003cd8    00000144                   : BIOS.obj (.text:ti_sysbios_knl_Clock_workFunc__E)
                  00003e1c    00000004     rtsv7M4_T_le_v4SPD16_eabi.lib : exit.c.obj (.text:abort:abort)
                  00003e20    00000140     sysbios.aem4f : BIOS.obj (.text:ti_sysbios_family_arm_m3_Hwi_dispatchC__I)
                  00003f60    0000013e     mutex_pem4f.oem4f (.text:ti_uia_loggers_LoggerStopMode_writeMemoryRange__E)
                  0000409e    00000002     drivers_msp432e4.aem4f : UARTMSP432E4.oem4f (.text:UARTMSP432E4_init)
                  000040a0    0000013c     rtsv7M4_T_le_v4SPD16_eabi.lib : _printfi.c.obj (.text:_pconv_e)
                  000041dc    00000004     mutex_pem4f.oem4f (.text:ti_sysbios_BIOS_RtsGateProxy_enter__E)
                  000041e0    0000013c     sysbios.aem4f : BIOS.obj (.text:ti_sysbios_heaps_HeapMem_Instance_init__E)
                  0000431c    00000004     mutex_pem4f.oem4f (.text:ti_sysbios_BIOS_RtsGateProxy_leave__E)
                  00004320    0000013c     sysbios.aem4f : BIOS.obj (.text:ti_sysbios_knl_Semaphore_post__E)
                  0000445c    00000136     rtsv7M4_T_le_v4SPD16_eabi.lib : fd_div_t2.asm.obj (.text)
                  00004592    00000002                                   : _lock.c.obj (.text:_nop)
                  00004594    00000124                                   : _printfi.c.obj (.text:fcvt)
                  000046b8    00000124     sysbios.aem4f : BIOS.obj (.text:ti_sysbios_knl_Swi_run__I)
                  000047dc    00000004                   : BIOS.obj (.text:ti_sysbios_family_arm_lm4_Timer_masterEnable__I)
                  000047e0    0000011c                   : BIOS.obj (.text:ti_sysbios_knl_Clock_Instance_init__E)
                  000048fc    00000110     rtsv7M4_T_le_v4SPD16_eabi.lib : s_scalbn.c.obj (.text:scalbn)
                  00004a0c    00000004     mutex_pem4f.oem4f (.text:ti_sysbios_family_arm_m3_Hwi_delete)
                  00004a10    00000110     sysbios.aem4f : BIOS.obj (.text:ti_sysbios_knl_Task_postInit__I)
                  00004b20    00000110                   : BIOS.obj (.text:ti_sysbios_knl_Task_schedule__I)
                  00004c30    0000010c     mutex_pem4f.oem4f (.text:ti_uia_loggers_LoggerStopMode_write8__E)
                  00004d3c    00000106     mutex_pem4f.oem4f (.text:xdc_runtime_System_printfExtend__I)
                  00004e42    000000fc     rtsv7M4_T_le_v4SPD16_eabi.lib : fd_mul_t2.asm.obj (.text)
                  00004f3e    00000002                                   : div0.asm.obj (.text)
                  00004f40    000000fc     sysbios.aem4f : BIOS.obj (.text:ti_sysbios_knl_Task_startCore__E)
                  0000503c    000000fc     ti.targets.arm.rtsarm.aem4f : Startup.oem4f (.text:xdc_runtime_Startup_startMods__I)
                  00005138    000000f8     sysbios.aem4f : BIOS.obj (.text:ti_sysbios_utils_Load_updateThreadContexts__E)
                  00005230    000000f4     mutex_pem4f.oem4f (.text:ti_uia_loggers_LoggerStopMode_write4__E)
                  00005324    000000f0     sysbios.aem4f : m3_Hwi_asm.obj (.text:ti_sysbios_family_arm_m3_Hwi_dispatch__I)
                  00005414    000000ee     msp432e4_driverlib.a : adc.o (.text:ADCSequenceStepConfigure)
                  00005502    00000002     mutex_pem4f.oem4f (.text:ti_sysbios_BIOS_nullFunc__I)
                  00005504    000000e8     mutex_pem4f.oem4f (.text:ti_uia_loggers_LoggerStopMode_write2__E)
                  000055ec    000000e8     ti.targets.arm.rtsarm.aem4f : Core-mem.oem4f (.text:xdc_runtime_Core_createObject__I)
                  000056d4    000000e8                                 : Error.oem4f (.text:xdc_runtime_Error_policyDefault__E)
                  000057bc    000000e4     drivers_msp432e4.aem4f : ADCMSP432E4.oem4f (.text:ADCMSP432E4_open)
                  000058a0    000000e4     mutex_pem4f.oem4f (.text:ti_uia_loggers_LoggerStopMode_write1__E)
                  00005984    00000004     mutex_pem4f.oem4f (.text:ti_sysbios_family_arm_m3_TaskSupport_Module__startupDone__S)
                  00005988    000000d8     sysbios.aem4f : BIOS.obj (.text:ti_sysbios_family_arm_lm4_TimestampProvider_get32__E)
                  00005a60    000000d8     mutex_pem4f.oem4f (.text:ti_uia_loggers_LoggerStopMode_write0__E)
                  00005b38    000000d0     sysbios.aem4f : BIOS.obj (.text:ti_sysbios_family_arm_m3_Hwi_Module_startup__E)
                  00005c08    000000cc     ti.targets.arm.rtsarm.aem4f : Core-smem.oem4f (.text:xdc_runtime_Core_constructObject__I)
                  00005cd4    00000004     mutex_pem4f.oem4f (.text:ti_sysbios_heaps_HeapMem_Module_GateProxy_enter__E)
                  00005cd8    000000c8     sysbios.aem4f : BIOS.obj (.text:ti_sysbios_knl_Task_exit__E)
                  00005da0    000000be     drivers_msp432e4.aem4f : UARTMSP432E4.oem4f (.text:UARTMSP432E4_close)
                  00005e5e    00000002     mutex_pem4f.oem4f (.text:ti_uia_loggers_LoggerStopMode_setFilterLevel__E)
                  00005e60    000000bc     sysbios.aem4f : BIOS.obj (.text:ti_sysbios_family_arm_m3_Hwi_excDebugMon__I)
                  00005f1c    00000004     mutex_pem4f.oem4f (.text:ti_sysbios_heaps_HeapMem_Module_GateProxy_leave__E)
                  00005f20    000000bc     sysbios.aem4f : BIOS.obj (.text:ti_sysbios_family_arm_m3_Hwi_excHardFault__I)
                  00005fdc    00000004     mutex_pem4f.oem4f (.text:ti_sysbios_knl_Clock_TimerProxy_getMaxTicks__E)
                  00005fe0    000000bc     sysbios.aem4f : BIOS.obj (.text:ti_sysbios_utils_Load_logLoads__I)
                  0000609c    000000b8     drivers_msp432e4.aem4f : ADCMSP432E4.oem4f (.text:ADCMSP432E4_convert)
                  00006154    000000b6                            : UARTMSP432E4.oem4f (.text:readTaskCallback)
                  0000620a    00000006                            : PWMMSP432E4.oem4f (.text:PWMMSP432E4_control)
                  00006210    000000b4     sysbios.aem4f : BIOS.obj (.text:ti_sysbios_gates_GateMutex_enter__E)
                  000062c4    00000004     mutex_pem4f.oem4f (.text:ti_sysbios_knl_Clock_TimerProxy_getPeriod__E)
                  000062c8    000000b4     sysbios.aem4f : BIOS.obj (.text:ti_sysbios_knl_Task_checkStacks__E)
                  0000637c    000000b4     mutex.obj (.text:uartTaskFxn)
                  00006430    000000b1     rtsv7M4_T_le_v4SPD16_eabi.lib : _printfi.c.obj (.text:_ltostr)
                  000064e1    00000001     --HOLE-- [fill = 0]
                  000064e2    000000b0     drivers_msp432e4.aem4f : UARTMSP432E4.oem4f (.text:readTaskBlocking)
                  00006592    00000006     ti.targets.arm.rtsarm.aem4f : System.oem4f (.text:xdc_runtime_System_Module_startup__E)
                  00006598    000000b0     sysbios.aem4f : BIOS.obj (.text:ti_sysbios_family_arm_lm4_Timer_enableTiva__I)
                  00006648    000000b0                   : BIOS.obj (.text:ti_sysbios_utils_Load_idleFxn__E)
                  000066f8    000000b0                   : BIOS.obj (.text:ti_sysbios_utils_Load_updateLoads__E)
                  000067a8    000000ac     drivers_msp432e4.aem4f : GPIOMSP432E4.oem4f (.text:GPIO_init)
                  00006854    00000004     mutex_pem4f.oem4f (.text:ti_sysbios_knl_Clock_delete)
                  00006858    000000ac     sysbios.aem4f : BIOS.obj (.text:ti_sysbios_family_arm_m3_Hwi_Instance_init__E)
                  00006904    00000004     mutex_pem4f.oem4f (.text:ti_sysbios_knl_Semaphore_delete)
                  00006908    000000ac     sysbios.aem4f : BIOS.obj (.text:ti_sysbios_knl_Swi_post__E)
                  000069b4    00000004     ti.uia.loggers.aem4f : LoggerStopMode.oem4f (.text:ti_uia_loggers_LoggerStopMode_getContents__E)
                  000069b8    000000a8     sysbios.aem4f : BIOS.obj (.text:ti_sysbios_family_arm_lm4_Timer_enableTimers__I)
                  00006a60    000000a8                   : BIOS.obj (.text:ti_sysbios_knl_Task_blockI__E)
                  00006b08    000000a4     msp432e4_driverlib.a : gpio.o (.text:GPIOIntTypeSet)
                  00006bac    00000004     mutex_pem4f.oem4f (.text:ti_uia_loggers_LoggerStopMode_getFilterLevel__E)
                  00006bb0    000000a4     sysbios.aem4f : BIOS.obj (.text:ti_sysbios_knl_Clock_Instance_finalize__E)
                  00006c54    000000a2     ti.targets.arm.rtsarm.aem4f : Text.oem4f (.text:xdc_runtime_Text_putSite__E)
                  00006cf6    00000002     ti.uia.loggers.aem4f : LoggerStopMode.oem4f (.text:ti_uia_loggers_LoggerStopMode_setPriority__E)
                  00006cf8    000000a0     drivers_msp432e4.aem4f : PWMMSP432E4.oem4f (.text:PWMMSP432E4_setDuty)
                  00006d98    000000a0     auto_init.aem4f : auto_init.oem4f (.text)
                  00006e38    0000009e     drivers_msp432e4.aem4f : UARTMSP432E4.oem4f (.text:UARTMSP432E4_readPolling)
                  00006ed6    0000009c     rtsv7M4_T_le_v4SPD16_eabi.lib : memcpy_t2.asm.obj (.text)
                  00006f72    00000004     ti.uia.loggers.aem4f : LoggerStopMode.oem4f (.text:ti_uia_loggers_LoggerStopMode_getInstanceId__E)
                  00006f76    00000002     --HOLE-- [fill = 0]
                  00006f78    0000009c     sysbios.aem4f : BIOS.obj (.text:ti_sysbios_knl_Semaphore_Instance_init__E)
                  00007014    0000009a     drivers_msp432e4.aem4f : PWMMSP432E4.oem4f (.text:PWMMSP432E4_setPeriod)
                  000070ae    00000098                            : UARTMSP432E4.oem4f (.text:UARTMSP432E4_write)
                  00007146    00000096     rtsv7M4_T_le_v4SPD16_eabi.lib : ull_div_t2.asm.obj (.text)
                  000071dc    00000094     drivers_msp432e4.aem4f : PWMMSP432E4.oem4f (.text:PWMMSP432E4_open)
                  00007270    00000094                            : UARTMSP432E4.oem4f (.text:readIsrTextBlocking)
                  00007304    00000004     ti.uia.loggers.aem4f : LoggerStopMode.oem4f (.text:ti_uia_loggers_LoggerStopMode_getMaxLength__E)
                  00007308    00000094     sysbios.aem4f : BIOS.obj (.text:ti_sysbios_family_arm_m3_Hwi_initNVIC__E)
                  0000739c    00000004     ti.uia.loggers.aem4f : LoggerStopMode.oem4f (.text:ti_uia_loggers_LoggerStopMode_getPriority__E)
                  000073a0    00000094     sysbios.aem4f : BIOS.obj (.text:ti_sysbios_knl_Task_unblockI__E)
                  00007434    00000092     drivers_msp432e4.aem4f : PWMMSP432E4.oem4f (.text:PWMMSP432E4_close)
                  000074c6    00000090                            : UARTMSP432E4.oem4f (.text:UARTMSP432E4_control)
                  00007556    00000002     --HOLE-- [fill = 0]
                  00007558    00000090     sysbios.aem4f : BIOS.obj (.text:ti_sysbios_knl_Task_Module_startup__E)
                  000075e8    00000090                   : BIOS.obj (.text:ti_sysbios_utils_Load_startup__E)
                  00007678    00000090     ti.uia.loggers.aem4f : LoggerStopMode.oem4f (.text:ti_uia_loggers_LoggerStopMode_initQueueDescriptor__E)
                  00007708    0000008c     sysbios.aem4f : m3_TaskSupport_asm.obj (.text:ti_sysbios_family_arm_m3_TaskSupport_buildTaskStack)
                  00007794    00000088     drivers_msp432e4.aem4f : UARTMSP432E4.oem4f (.text:readIsrTextCallback)
                  0000781c    00000086     rtsv7M4_T_le_v4SPD16_eabi.lib : fd_cmp_t2.asm.obj (.text:__aeabi_cdcmple)
                  000078a2    00000086                                   : fd_cmp_t2.asm.obj (.text:__aeabi_cdrcmple)
                  00007928    00000084     sysbios.aem4f : BIOS.obj (.text:ti_sysbios_family_arm_m3_Hwi_postInit__I)
                  000079ac    00000080     msp432e4_driverlib.a : interrupt.o (.text:IntEnable)
                  00007a2c    0000007c     drivers_msp432e4.aem4f : UARTMSP432E4.oem4f (.text:writeData)
                  00007aa8    0000007a     rtsv7M4_T_le_v4SPD16_eabi.lib : memset_t2.asm.obj (.text)
                  00007b22    00000076     msp432e4_driverlib.a : uart.o (.text:UARTConfigSetExpClk)
                  00007b98    00000074     sysbios.aem4f : BIOS.obj (.text:ti_sysbios_knl_Clock_start__E)
                  00007c0c    00000074     ti.uia.runtime.aem4f : QueueDescriptor.oem4f (.text:ti_uia_runtime_QueueDescriptor_addToList__E)
                  00007c80    00000074     ti.targets.arm.rtsarm.aem4f : Error.oem4f (.text:xdc_runtime_Error_print__E)
                  00007cf4    00000074                                 : Text.oem4f (.text:xdc_runtime_Text_putMod__E)
                  00007d68    00000070     sysbios.aem4f : BIOS.obj (.text:ti_sysbios_heaps_HeapMem_initPrimary__I)
                  00007dd8    00000070     ti.targets.arm.rtsarm.aem4f : Memory.oem4f (.text:xdc_runtime_Memory_alloc__E)
                  00007e48    0000006e     rtsv7M4_T_le_v4SPD16_eabi.lib : _printfi.c.obj (.text:_mcpy)
                  00007eb6    00000002     --HOLE-- [fill = 0]
                  00007eb8    0000006d     ti.targets.arm.rtsarm.aem4f : System.oem4f (.text:xdc_runtime_System_formatNum__I)
                  00007f25    00000003     --HOLE-- [fill = 0]
                  00007f28    0000006c     drivers_msp432e4.aem4f : PowerMSP432E4.oem4f (.text:Power_releaseDependency)
                  00007f94    00000004     ti.uia.loggers.aem4f : LoggerStopMode.oem4f (.text:ti_uia_loggers_LoggerStopMode_getTransferType__E)
                  00007f98    0000006c     sysbios.aem4f : BIOS.obj (.text:ti_sysbios_knl_Swi_restoreHwi__E)
                  00008004    00000004     ti.targets.arm.rtsarm.aem4f : Error.oem4f (.text:xdc_runtime_Error_getSite__E)
                  00008008    0000006c     sysbios.aem4f : BIOS.obj (.text:ti_sysbios_utils_Load_taskCreateHook__E)
                  00008074    00000068     drivers_msp432e4.aem4f : GPIOMSP432E4.oem4f (.text:GPIO_hwiIntFxn)
                  000080dc    00000068                            : PowerMSP432E4.oem4f (.text:Power_setDependency)
                  00008144    00000068     rtsv7M4_T_le_v4SPD16_eabi.lib : copy_decompress_lzss.c.obj (.text:decompress:lzss:__TI_decompress_lzss)
                  000081ac    00000068     drivers_msp432e4.aem4f : UARTMSP432E4.oem4f (.text:readIsrBinaryBlocking)
                  00008214    00000066     ti.uia.loggers.aem4f : LoggerStopMode.oem4f (.text:ti_uia_loggers_LoggerStopMode_flush__E)
                  0000827a    00000066     ti.targets.arm.rtsarm.aem4f : Core-mem.oem4f (.text:xdc_runtime_Core_deleteObject__I)
                  000082e0    00000064     drivers_msp432e4.aem4f : PowerMSP432E4.oem4f (.text:Power_init)
                  00008344    00000064     rtsv7M4_T_le_v4SPD16_eabi.lib : s_frexp.c.obj (.text:frexp)
                  000083a8    00000064     drivers_msp432e4.aem4f : UARTMSP432E4.oem4f (.text:readIsrBinaryCallback)
                  0000840c    00000004     mutex_pem4f.oem4f (.text:xdc_runtime_System_Module_GateProxy_enter__E)
                  00008410    00000064     sysbios.aem4f : BIOS.obj (.text:ti_sysbios_family_arm_lm4_Timer_Module_startup__E)
                  00008474    00000004     mutex_pem4f.oem4f (.text:xdc_runtime_System_Module_GateProxy_leave__E)
                  00008478    00000064     sysbios.aem4f : BIOS.obj (.text:ti_sysbios_knl_Clock_logTick__E)
                  000084dc    00000004     ti.targets.arm.rtsarm.aem4f : System.oem4f (.text:xdc_runtime_System_aprintf_va__F)
                  000084e0    00000064     sysbios.aem4f : BIOS.obj (.text:ti_sysbios_utils_Load_addTask__E)
                  00008544    00000004     ti.targets.arm.rtsarm.aem4f : System.oem4f (.text:xdc_runtime_System_printf_va__F)
                  00008548    00000064     sysbios.aem4f : BIOS.obj (.text:ti_sysbios_utils_Load_logCPULoad__I)
                  000085ac    00000060     drivers_msp432e4.aem4f : ADCMSP432E4.oem4f (.text:ADCMSP432E4_close)
                  0000860c    00000004     --HOLE-- [fill = 0]
                  00008610    00000060     sysbios.aem4f : BIOS.obj (.text:ti_sysbios_family_arm_lm4_Timer_isrStub__E)
                  00008670    00000060                   : BIOS.obj (.text:ti_sysbios_utils_Load_updateCurrentThreadTime__E)
                  000086d0    0000005f     ti.targets.arm.rtsarm.aem4f : Text.oem4f (.text:xdc_runtime_Text_putLab__E)
                  0000872f    00000001     --HOLE-- [fill = 0]
                  00008730    0000005c     msp432e4_driverlib.a : gpio.o (.text:GPIODirModeSet)
                  0000878c    0000005c     mutex.obj (.text:adcTaskFxn)
                  000087e8    0000005c     drivers_msp432e4.aem4f : UARTMSP432E4.oem4f (.text:getPowerResourceId)
                  00008844    00000004     --HOLE-- [fill = 0]
                  00008848    0000005c     sysbios.aem4f : BIOS.obj (.text:ti_sysbios_knl_Swi_schedule__I)
                  000088a4    00000058     msp432e4_driverlib.a : adc.o (.text:ADCIntStatus)
                  000088fc    00000058     drivers_msp432e4.aem4f : GPIOMSP432E4.oem4f (.text:GPIO_setCallback)
                  00008954    00000058     rtsv7M4_T_le_v4SPD16_eabi.lib : hostwrite.c.obj (.text:HOSTwrite)
                  000089ac    00000058     boot.aem4f : boot.oem4f (.text)
                  00008a04    00000058     sysbios.aem4f : m3_Hwi_asm_switch.obj (.text:ti_sysbios_family_arm_m3_Hwi_initStacks__E)
                  00008a5c    00000004     --HOLE-- [fill = 0]
                  00008a60    00000058                   : BIOS.obj (.text:ti_sysbios_heaps_HeapMem_alloc__E)
                  00008ab8    00000056     drivers_msp432e4.aem4f : PWMMSP432E4.oem4f (.text:PWMMSP432E4_stop)
                  00008b0e    00000056     rtsv7M4_T_le_v4SPD16_eabi.lib : _printfi.c.obj (.text:_pconv_f)
                  00008b64    00000054     drivers_msp432e4.aem4f : ADCMSP432E4.oem4f (.text:ADCMSP432E4_init)
                  00008bb8    00000054     rtsv7M4_T_le_v4SPD16_eabi.lib : _ltoa.c.obj (.text:__TI_ltoa)
                  00008c0c    00000054     mutex_pem4f.oem4f (.text:ti_sysbios_family_arm_m3_Hwi_create)
                  00008c60    00000054     sysbios.aem4f : BIOS.obj (.text:ti_sysbios_utils_Load_taskSwitchHook__E)
                  00008cb4    00000052     rtsv7M4_T_le_v4SPD16_eabi.lib : _printfi.c.obj (.text:_ecpy)
                  00008d06    00000002     --HOLE-- [fill = 0]
                  00008d08    00000050     drivers_msp432e4.aem4f : ADCMSP432E4.oem4f (.text:ADCMSP432E4_getPowerResourceId)
                  00008d58    00000050     msp432e4_driverlib.a : adc.o (.text:ADCSequenceConfigure)
                  00008da8    00000050     drivers_msp432e4.aem4f : GPIOMSP432E4.oem4f (.text:GPIO_toggle)
                  00008df8    00000050                            : UARTMSP432E4.oem4f (.text:UARTMSP432E4_hwiIntFxn)
                  00008e48    00000050     ti.targets.arm.rtsarm.aem4f : Startup.oem4f (.text:xdc_runtime_Startup_exec__E)
                  00008e98    00000050                                 : Text.oem4f (.text:xdc_runtime_Text_visitRope2__I)
                  00008ee8    0000004c     drivers_msp432e4.aem4f : UARTMSP432E4.oem4f (.text:UARTMSP432E4_writePolling)
                  00008f34    0000004c     rtsv7M4_T_le_v4SPD16_eabi.lib : atoi.c.obj (.text:atoi)
                  00008f80    0000004c                                   : cpy_tbl.c.obj (.text:copy_in)
                  00008fcc    0000004c     drivers_msp432e4.aem4f : PWMMSP432E4.oem4f (.text:getDutyTicks)
                  00009018    0000004c                            : PWMMSP432E4.oem4f (.text:getPeriodTicks)
                  00009064    0000004c                            : UARTMSP432E4.oem4f (.text:ringBufGet)
                  000090b0    0000004c     rtsv7M4_T_le_v4SPD16_eabi.lib : snprintf.c.obj (.text:snprintf)
                  000090fc    00000004     --HOLE-- [fill = 0]
                  00009100    0000004c     sysbios.aem4f : BIOS.obj (.text:ti_sysbios_heaps_HeapMem_getStats__E)
                  0000914c    00000004     --HOLE-- [fill = 0]
                  00009150    0000004c                   : BIOS.obj (.text:ti_sysbios_knl_Swi_runLoop__I)
                  0000919c    00000004     --HOLE-- [fill = 0]
                  000091a0    0000004c                   : BIOS.obj (.text:ti_sysbios_knl_Task_allBlockedFunction__I)
                  000091ec    0000004c     mutex_pem4f.oem4f (.text:ti_sysbios_knl_Task_construct)
                  00009238    0000004c     ti.uia.loggers.aem4f : LoggerStopMode.oem4f (.text:ti_uia_loggers_LoggerStopMode_Module_startup__E)
                  00009284    0000004c     ti.targets.arm.rtsarm.aem4f : Assert.oem4f (.text:xdc_runtime_Assert_raise__I)
                  000092d0    0000004a     msp432e4_driverlib.a : pwm.o (.text:PWMGenConfigure)
                  0000931a    0000004a                          : pwm.o (.text:PWMPulseWidthSet)
                  00009364    00000048     drivers_msp432e4.aem4f : UARTMSP432E4.oem4f (.text:UARTMSP432E4_writeCancel)
                  000093ac    00000048     rtsv7M4_T_le_v4SPD16_eabi.lib : fd_toi_t2.asm.obj (.text)
                  000093f4    00000004     --HOLE-- [fill = 0]
                  000093f8    00000048     sysbios.aem4f : BIOS.obj (.text:ti_sysbios_family_arm_m3_Hwi_disableInterrupt__E)
                  00009440    00000048                   : BIOS.obj (.text:ti_sysbios_family_arm_m3_Hwi_enableInterrupt__E)
                  00009488    00000048                   : BIOS.obj (.text:ti_sysbios_family_arm_m3_Hwi_excReserved__I)
                  000094d0    00000048                   : BIOS.obj (.text:ti_sysbios_utils_Load_taskDeleteHook__E)
                  00009518    00000048     ti.targets.arm.rtsarm.aem4f : Core-params.oem4f (.text:xdc_runtime_Core_assignParams__I)
                  00009560    00000046     drivers_msp432e4.aem4f : RingBuf.oem4f (.text:RingBuf_put)
                  000095a6    00000002     --HOLE-- [fill = 0]
                  000095a8    00000044                            : ADC.oem4f (.text:ADC_init)
                  000095ec    00000044     msp432e4_driverlib.a : gpio.o (.text:GPIOPinConfigure)
                  00009630    00000044     drivers_msp432e4.aem4f : PWM.oem4f (.text:PWM_init)
                  00009674    00000044     msp432e4_driverlib.a : sysctl.o (.text:SysCtlPeripheralPresent)
                  000096b8    00000044                          : sysctl.o (.text:SysCtlPeripheralReady)
                  000096fc    00000044     drivers_msp432e4.aem4f : UART.oem4f (.text:UART_init)
                  00009740    00000044     sysbios.aem4f : BIOS.obj (.text:ti_sysbios_family_arm_lm4_Timer_stop__E)
                  00009784    00000004     --HOLE-- [fill = 0]
                  00009788    00000044                   : BIOS.obj (.text:ti_sysbios_family_arm_m3_Hwi_getStackInfo__E)
                  000097cc    00000004     --HOLE-- [fill = 0]
                  000097d0    00000044                   : BIOS.obj (.text:ti_sysbios_utils_Load_removeTask__E)
                  00009814    00000044     ti.uia.loggers.aem4f : LoggerStopMode.oem4f (.text:ti_uia_loggers_LoggerStopMode_initBuffer__I)
                  00009858    00000044     ti.targets.arm.rtsarm.aem4f : Error.oem4f (.text:xdc_runtime_Error_setX__E)
                  0000989c    00000044                                 : SysMin.oem4f (.text:xdc_runtime_SysMin_flush__E)
                  000098e0    00000044                                 : Text.oem4f (.text:xdc_runtime_Text_xprintf__I)
                  00009924    00000042     msp432e4_driverlib.a : adc.o (.text:ADCSequenceDataGet)
                  00009966    00000042     drivers_msp432e4.aem4f : PWMMSP432E4.oem4f (.text:PWMMSP432E4_start)
                  000099a8    00000040                            : ADC.oem4f (.text:ADC_open)
                  000099e8    00000040     dpl_msp432e4.aem4f : ClockP_tirtos.oem4f (.text:ClockP_create)
                  00009a28    00000040                        : HwiP_tirtos.oem4f (.text:HwiP_create)
                  00009a68    00000040     drivers_msp432e4.aem4f : PWM.oem4f (.text:PWM_open)
                  00009aa8    00000040                            : RingBuf.oem4f (.text:RingBuf_get)
                  00009ae8    00000040     msp432e4_driverlib.a : sysctl.o (.text:SysCtlPeripheralDisable)
                  00009b28    00000040                          : sysctl.o (.text:SysCtlPeripheralEnable)
                  00009b68    00000040                          : sysctl.o (.text:SysCtlPeripheralPowerOff)
                  00009ba8    00000040                          : sysctl.o (.text:SysCtlPeripheralPowerOn)
                  00009be8    00000040                          : sysctl.o (.text:SysCtlPeripheralSleepDisable)
                  00009c28    00000040                          : sysctl.o (.text:SysCtlPeripheralSleepEnable)
                  00009c68    00000040     drivers_msp432e4.aem4f : UARTMSP432E4.oem4f (.text:UARTMSP432E4_read)
                  00009ca8    00000040                            : UART.oem4f (.text:UART_open)
                  00009ce8    00000040     rtsv7M4_T_le_v4SPD16_eabi.lib : u_divt2.asm.obj (.text)
                  00009d28    00000040     sysbios.aem4f : BIOS.obj (.text:ti_sysbios_family_arm_lm4_Timer_startup__E)
                  00009d68    0000003e     rtsv7M4_T_le_v4SPD16_eabi.lib : _printfi.c.obj (.text:_fcpy)
                  00009da6    00000002     --HOLE-- [fill = 0]
                  00009da8    0000003c     sysbios.aem4f : BIOS.obj (.text:ti_sysbios_family_arm_m3_Hwi_Instance_finalize__E)
                  00009de4    00000004     --HOLE-- [fill = 0]
                  00009de8    0000003c                   : BIOS.obj (.text:ti_sysbios_family_arm_m3_Hwi_excSvCall__I)
                  00009e24    0000003c     mutex_pem4f.oem4f (.text:ti_sysbios_knl_Clock_create)
                  00009e60    0000003c     sysbios.aem4f : BIOS.obj (.text:ti_sysbios_knl_Swi_startup__E)
                  00009e9c    00000038     rtsv7M4_T_le_v4SPD16_eabi.lib : trgmsg.c.obj (.text:__TI_writemsg)
                  00009ed4    00000004     --HOLE-- [fill = 0]
                  00009ed8    00000038     sysbios.aem4f : BIOS.obj (.text:ti_sysbios_family_arm_m3_Hwi_excNoIsr__I)
                  00009f10    00000038                   : BIOS.obj (.text:ti_sysbios_knl_Task_processVitalTaskFlag__I)
                  00009f48    00000038     ti.targets.arm.rtsarm.aem4f : System.oem4f (.text:xdc_runtime_System_atexit__E)
                  00009f80    00000036     drivers_msp432e4.aem4f : UARTMSP432E4.oem4f (.text:UARTMSP432E4_readCancel)
                  00009fb6    00000002     --HOLE-- [fill = 0]
                  00009fb8    00000034     rtsv7M4_T_le_v4SPD16_eabi.lib : trgmsg.c.obj (.text:__TI_readmsg)
                  00009fec    00000034     mutex_pem4f.oem4f (.text:ti_sysbios_BIOS_startFunc__I)
                  0000a020    00000034     sysbios.aem4f : BIOS.obj (.text:ti_sysbios_family_arm_m3_Hwi_excNmi__I)
                  0000a054    00000004     --HOLE-- [fill = 0]
                  0000a058    00000034                   : BIOS.obj (.text:ti_sysbios_hal_Hwi_checkStack)
                  0000a08c    00000034     mutex_pem4f.oem4f (.text:ti_sysbios_knl_Semaphore_create)
                  0000a0c0    00000034     ti.uia.loggers.aem4f : LoggerStopMode.oem4f (.text:ti_uia_loggers_LoggerStopMode_reset__E)
                  0000a0f4    00000034     ti.targets.arm.rtsarm.aem4f : Core-label.oem4f (.text:xdc_runtime_Core_assignLabel__I)
                  0000a128    00000034     mutex_pem4f.oem4f (.text:xdc_runtime_Error_policyLog__I)
                  0000a15c    00000034     ti.targets.arm.rtsarm.aem4f : SysMin.oem4f (.text:xdc_runtime_SysMin_abort__E)
                  0000a190    00000034                                 : SysMin.oem4f (.text:xdc_runtime_SysMin_putch__E)
                  0000a1c4    00000032     msp432e4_driverlib.a : pwm.o (.text:PWMOutputInvert)
                  0000a1f6    00000032                          : pwm.o (.text:PWMOutputState)
                  0000a228    00000032     sysbios.aem4f : BIOS.obj (.text:ti_sysbios_hal_Hwi_initStack)
                  0000a25a    00000006     --HOLE-- [fill = 0]
                  0000a260    00000032                   : BIOS.obj (.text:ti_sysbios_knl_Semaphore_pendTimeout__I)
                  0000a292    00000002     --HOLE-- [fill = 0]
                  0000a294    00000030     ti_drivers_config.obj (.text:Board_init)
                  0000a2c4    00000030     drivers_msp432e4.aem4f : GPIOMSP432E4.oem4f (.text:GPIOMSP432E4_undoPinConfig)
                  0000a2f4    00000030                            : GPIOMSP432E4.oem4f (.text:GPIO_disableInt)
                  0000a324    00000030                            : GPIOMSP432E4.oem4f (.text:GPIO_enableInt)
                  0000a354    00000030     msp432e4_driverlib.a : pwm.o (.text:PWMGenPeriodSet)
                  0000a384    00000030                          : uart.o (.text:UARTDisable)
                  0000a3b4    00000030     rtsv7M4_T_le_v4SPD16_eabi.lib : snprintf.c.obj (.text:_outs)
                  0000a3e4    00000030     mutex_pem4f.oem4f (.text:ti_sysbios_BIOS_atExitFunc__I)
                  0000a414    00000004     --HOLE-- [fill = 0]
                  0000a418    00000030     sysbios.aem4f : BIOS.obj (.text:ti_sysbios_family_arm_m3_TaskSupport_start__E)
                  0000a448    00000030     mutex_pem4f.oem4f (.text:ti_sysbios_gates_GateHwi_Object__create__S)
                  0000a478    00000030     mutex_pem4f.oem4f (.text:ti_sysbios_gates_GateMutex_Object__create__S)
                  0000a4a8    00000030     mutex_pem4f.oem4f (.text:ti_sysbios_heaps_HeapMem_Object__create__S)
                  0000a4d8    00000030     sysbios.aem4f : BIOS.obj (.text:ti_sysbios_heaps_HeapMem_free__E)
                  0000a508    00000030     mutex_pem4f.oem4f (.text:ti_sysbios_knl_Clock_construct)
                  0000a538    00000030     mutex_pem4f.oem4f (.text:ti_sysbios_knl_Semaphore_construct)
                  0000a568    00000030     sysbios.aem4f : BIOS.obj (.text:ti_sysbios_knl_Task_restore__E)
                  0000a598    00000030     mutex_pem4f.oem4f (.text:ti_uia_loggers_LoggerStopMode_Object__create__S)
                  0000a5c8    00000030     ti.targets.arm.rtsarm.aem4f : System.oem4f (.text:xdc_runtime_System_processAtExit__E)
                  0000a5f8    0000002f                                 : Text.oem4f (.text:xdc_runtime_Text_printVisFxn__I)
                  0000a627    00000001     --HOLE-- [fill = 0]
                  0000a628    0000002e     rtsv7M4_T_le_v4SPD16_eabi.lib : i_tofd_t2.asm.obj (.text)
                  0000a656    00000002     --HOLE-- [fill = 0]
                  0000a658    0000002c     dpl_msp432e4.aem4f : SemaphoreP_tirtos.oem4f (.text:SemaphoreP_createBinary)
                  0000a684    0000002c     msp432e4_driverlib.a : sysctl.o (.text:SysCtlPeripheralClockGating)
                  0000a6b0    0000002c     mutex_pem4f.oem4f (.text:ti_sysbios_family_arm_m3_Hwi_Handle__label__S)
                  0000a6dc    0000002c     mutex_pem4f.oem4f (.text:ti_sysbios_gates_GateHwi_Handle__label__S)
                  0000a708    0000002c     mutex_pem4f.oem4f (.text:ti_sysbios_gates_GateMutex_Handle__label__S)
                  0000a734    0000002c     mutex_pem4f.oem4f (.text:ti_sysbios_heaps_HeapMem_Handle__label__S)
                  0000a760    0000002c     mutex_pem4f.oem4f (.text:ti_sysbios_knl_Clock_doTick__I)
                  0000a78c    0000002c     mutex_pem4f.oem4f (.text:ti_sysbios_knl_Queue_construct)
                  0000a7b8    0000002c     mutex_pem4f.oem4f (.text:ti_sysbios_knl_Swi_Handle__label__S)
                  0000a7e4    0000002c     mutex_pem4f.oem4f (.text:ti_uia_loggers_LoggerStopMode_Handle__label__S)
                  0000a810    0000002c     ti.targets.arm.rtsarm.aem4f : System.oem4f (.text:xdc_runtime_System_putchar__I)
                  0000a83c    0000002c                                 : Text.oem4f (.text:xdc_runtime_Text_cordText__E)
                  0000a868    00000028     msp432e4_driverlib.a : adc.o (.text:ADCProcessorTrigger)
                  0000a890    00000028     mutex.obj (.text:SwitchHwiFxn)
                  0000a8b8    00000028     sysbios.aem4f : m3_Hwi_asm.obj (.text:ti_sysbios_family_arm_m3_Hwi_excHandlerAsm__I)
                  0000a8e0    00000028                   : BIOS.obj (.text:ti_sysbios_knl_Swi_Module_startup__E)
                  0000a908    00000028     ti.targets.arm.rtsarm.aem4f : System.oem4f (.text:xdc_runtime_System_avprintf__E)
                  0000a930    00000026     sysbios.aem4f : m3_Hwi_asm.obj (.text:ti_sysbios_family_arm_m3_Hwi_pendSV__I)
                  0000a956    00000026     ti.targets.arm.rtsarm.aem4f : System.oem4f (.text:xdc_runtime_System_vprintf__E)
                  0000a97c    00000024     msp432e4_driverlib.a : gpio.o (.text:GPIOPinTypeADC)
                  0000a9a0    00000024                          : gpio.o (.text:GPIOPinTypeGPIOOutput)
                  0000a9c4    00000024                          : gpio.o (.text:GPIOPinTypePWM)
                  0000a9e8    00000024                          : gpio.o (.text:GPIOPinTypeUART)
                  0000aa0c    00000024                          : pwm.o (.text:PWMClockSet)
                  0000aa30    00000024                          : uart.o (.text:UARTCharPutNonBlocking)
                  0000aa54    00000024                          : uart.o (.text:UARTEnable)
                  0000aa78    00000024     mutex_pem4f.oem4f (.text:ti_sysbios_BIOS_errorRaiseHook__I)
                  0000aa9c    00000024     mutex_pem4f.oem4f (.text:ti_sysbios_BIOS_registerRTSLock__I)
                  0000aac0    00000024     mutex_pem4f.oem4f (.text:ti_sysbios_BIOS_removeRTSLock__I)
                  0000aae4    00000024     mutex_pem4f.oem4f (.text:ti_sysbios_gates_GateMutex_Object__delete__S)
                  0000ab08    00000024     sysbios.aem4f : BIOS.obj (.text:ti_sysbios_knl_Clock_Module_startup__E)
                  0000ab2c    00000024     mutex_pem4f.oem4f (.text:ti_sysbios_knl_Clock_Object__delete__S)
                  0000ab50    00000024     mutex_pem4f.oem4f (.text:ti_sysbios_knl_Semaphore_Object__delete__S)
                  0000ab74    00000004     --HOLE-- [fill = 0]
                  0000ab78    00000024     sysbios.aem4f : BIOS.obj (.text:ti_sysbios_knl_Task_restoreHwi__E)
                  0000ab9c    00000022     msp432e4_driverlib.a : gpio.o (.text:GPIOIntStatus)
                  0000abbe    00000002     --HOLE-- [fill = 0]
                  0000abc0    00000022     sysbios.aem4f : BIOS.obj (.text:ti_sysbios_family_arm_lm4_Timer_write__I)
                  0000abe2    00000022     mutex_pem4f.oem4f (.text:xdc_runtime_SysMin_output__I)
                  0000ac04    00000020     msp432e4_driverlib.a : gpio.o (.text:GPIOPinWrite)
                  0000ac24    00000020     drivers_msp432e4.aem4f : RingBuf.oem4f (.text:RingBuf_peek)
                  0000ac44    00000020                            : GPIOMSP432E4.oem4f (.text:getGpioIntIndex)
                  0000ac64    00000020     mutex_pem4f.oem4f (.text:ti_sysbios_BIOS_rtsLock__I)
                  0000ac84    00000020     mutex_pem4f.oem4f (.text:ti_sysbios_family_arm_m3_Hwi_Object__delete__S)
                  0000aca4    00000020     mutex_pem4f.oem4f (.text:ti_sysbios_gates_GateHwi_Object__delete__S)
                  0000acc4    00000020     mutex_pem4f.oem4f (.text:ti_sysbios_heaps_HeapMem_Object__delete__S)
                  0000ace4    00000004     --HOLE-- [fill = 0]
                  0000ace8    00000020     sysbios.aem4f : BIOS.obj (.text:ti_sysbios_knl_Idle_run__E)
                  0000ad08    00000020     mutex_pem4f.oem4f (.text:ti_sysbios_knl_Semaphore_destruct)
                  0000ad28    00000020     mutex_pem4f.oem4f (.text:ti_uia_loggers_LoggerStopMode_Object__delete__S)
                  0000ad48    00000020     ti.targets.arm.rtsarm.aem4f : SysMin.oem4f (.text:xdc_runtime_SysMin_Module_startup__E)
                  0000ad68    0000001e     msp432e4_driverlib.a : uart.o (.text:UARTBusy)
                  0000ad86    0000001e                          : uart.o (.text:UARTCharPut)
                  0000ada4    0000001e                          : uart.o (.text:UARTCharsAvail)
                  0000adc2    0000001e                          : uart.o (.text:UARTIntStatus)
                  0000ade0    0000001e     drivers_msp432e4.aem4f : PWMMSP432E4.oem4f (.text:checkValidPeriod)
                  0000adfe    0000001e     sysbios.aem4f : m3_Hwi_asm_switch.obj (.text:ti_sysbios_family_xxx_Hwi_switchAndRunFunc)
                  0000ae1c    0000001c     drivers_msp432e4.aem4f : ADCMSP432E4.oem4f (.text:ADCMSP432E4_convertToMicroVolts)
                  0000ae38    0000001c     msp432e4_driverlib.a : uart.o (.text:UARTCharGetNonBlocking)
                  0000ae54    0000001c                          : uart.o (.text:UARTFlowControlSet)
                  0000ae70    0000001c                          : uart.o (.text:UARTTxIntModeSet)
                  0000ae8c    0000001c     rtsv7M4_T_le_v4SPD16_eabi.lib : memccpy.c.obj (.text:memccpy)
                  0000aea8    0000001c     sysbios.aem4f : BIOS.obj (.text:ti_sysbios_family_arm_m3_Hwi_excHandler__I)
                  0000aec4    00000004     --HOLE-- [fill = 0]
                  0000aec8    0000001c                   : BIOS.obj (.text:ti_sysbios_gates_GateMutex_Instance_init__E)
                  0000aee4    0000001c     mutex_pem4f.oem4f (.text:ti_sysbios_knl_Queue_destruct)
                  0000af00    0000001c     sysbios.aem4f : BIOS.obj (.text:ti_sysbios_knl_Task_enter__I)
                  0000af1c    0000001c     ti.uia.loggers.aem4f : LoggerStopMode.oem4f (.text:ti_uia_loggers_LoggerStopMode_Instance_init__E)
                  0000af38    0000001c     ti.targets.arm.rtsarm.aem4f : Error.oem4f (.text:xdc_runtime_Error_check__E)
                  0000af54    0000001c                                 : Error.oem4f (.text:xdc_runtime_Error_raiseX__E)
                  0000af70    0000001c                                 : Memory.oem4f (.text:xdc_runtime_Memory_valloc__E)
                  0000af8c    0000001c                                 : Registry.oem4f (.text:xdc_runtime_Registry_findById__E)
                  0000afa8    0000001c                                 : SysMin.oem4f (.text:xdc_runtime_SysMin_exit__E)
                  0000afc4    0000001c                                 : System.oem4f (.text:xdc_runtime_System_abort__E)
                  0000afe0    0000001c                                 : Text.oem4f (.text:xdc_runtime_Text_ropeText__E)
                  0000affc    0000001a     msp432e4_driverlib.a : adc.o (.text:ADCSequenceDisable)
                  0000b016    0000001a                          : adc.o (.text:ADCSequenceEnable)
                  0000b030    0000001a                          : gpio.o (.text:GPIOIntDisable)
                  0000b04a    0000001a                          : gpio.o (.text:GPIOIntEnable)
                  0000b064    0000001a                          : pwm.o (.text:PWMGenDisable)
                  0000b07e    0000001a                          : pwm.o (.text:PWMGenEnable)
                  0000b098    0000001a     rtsv7M4_T_le_v4SPD16_eabi.lib : s_copysign.c.obj (.text:copysign)
                  0000b0b2    0000001a     mutex_pem4f.oem4f (.text:ti_sysbios_knl_Task_Handle__label__S)
                  0000b0cc    0000001a     mutex_pem4f.oem4f (.text:xdc_runtime_System_aprintf__E)
                  0000b0e6    0000001a     mutex_pem4f.oem4f (.text:xdc_runtime_System_printf__E)
                  0000b100    00000018     msp432e4_driverlib.a : adc.o (.text:ADCIntDisableEx)
                  0000b118    00000018                          : gpio.o (.text:GPIOPinRead)
                  0000b130    00000018     drivers_msp432e4.aem4f : PowerMSP432E4.oem4f (.text:Power_idleFunc)
                  0000b148    00000018     msp432e4_driverlib.a : uart.o (.text:UARTFIFOLevelSet)
                  0000b160    00000018                          : uart.o (.text:UARTIntDisable)
                  0000b178    00000018                          : uart.o (.text:UARTIntEnable)
                  0000b190    00000018     drivers_msp432e4.aem4f : UART.oem4f (.text:UART_Params_init)
                  0000b1a8    00000018     rtsv7M4_T_le_v4SPD16_eabi.lib : args_main.c.obj (.text:_args_main)
                  0000b1c0    00000018                                   : snprintf.c.obj (.text:_outc)
                  0000b1d8    00000018     mutex.obj (.text:adcClockFxn)
                  0000b1f0    00000018     drivers_msp432e4.aem4f : PWMMSP432E4.oem4f (.text:checkValidDuty)
                  0000b208    00000018     mutex.obj (.text:pwmClockFxn)
                  0000b220    00000018     mutex_pem4f.oem4f (.text:ti_sysbios_BIOS_rtsUnlock__I)
                  0000b238    00000018     mutex_pem4f.oem4f (.text:ti_sysbios_family_arm_lm4_Timer_Module__startupDone__F)
                  0000b250    00000018     mutex_pem4f.oem4f (.text:ti_sysbios_family_arm_m3_Hwi_Module__startupDone__F)
                  0000b268    00000018     sysbios.aem4f : m3_TaskSupport_asm.obj (.text:ti_sysbios_family_arm_m3_TaskSupport_swap__E)
                  0000b280    00000018                   : BIOS.obj (.text:ti_sysbios_gates_GateMutex_leave__E)
                  0000b298    00000018     mutex.obj (.text:uartClockFxn)
                  0000b2b0    00000018     ti.targets.arm.rtsarm.aem4f : Error.oem4f (.text:xdc_runtime_Error_init__E)
                  0000b2c8    00000018                                 : System.oem4f (.text:xdc_runtime_System_exit__E)
                  0000b2e0    00000016     msp432e4_driverlib.a : adc.o (.text:ADCIntClear)
                  0000b2f6    00000016                          : uart.o (.text:UARTCharGet)
                  0000b30c    00000016     rtsv7M4_T_le_v4SPD16_eabi.lib : strchr.c.obj (.text:strchr)
                  0000b322    00000016     mutex_pem4f.oem4f (.text:ti_sysbios_BIOS_exitFunc__I)
                  0000b338    00000016     mutex.obj (.text:ti_sysbios_knl_Clock_Params_init)
                  0000b34e    00000016     mutex.obj (.text:ti_sysbios_knl_Semaphore_Params_init)
                  0000b364    00000016     mutex.obj (.text:ti_sysbios_knl_Task_Params_init)
                  0000b37a    00000016     ti.uia.loggers.aem4f : LoggerStopMode.oem4f (.text:ti_uia_loggers_LoggerStopMode_disable__E)
                  0000b390    00000016                          : LoggerStopMode.oem4f (.text:ti_uia_loggers_LoggerStopMode_enable__E)
                  0000b3a6    00000014     msp432e4_driverlib.a : gpio.o (.text:GPIOIntClear)
                  0000b3ba    00000002     --HOLE-- [fill = 0]
                  0000b3bc    00000014     drivers_msp432e4.aem4f : GPIOMSP432E4.oem4f (.text:GPIOMSP432E4_getGpioBaseAddr)
                  0000b3d0    00000014                            : GPIOMSP432E4.oem4f (.text:GPIOMSP432E4_getPowerResourceId)
                  0000b3e4    00000014                            : PWM.oem4f (.text:PWM_Params_init)
                  0000b3f8    00000014     rtsv7M4_T_le_v4SPD16_eabi.lib : strlen.c.obj (.text:strlen)
                  0000b40c    00000014     mutex_pem4f.oem4f (.text:ti_sysbios_family_arm_m3_Hwi_Object__get__S)
                  0000b420    00000014     sysbios.aem4f : BIOS.obj (.text:ti_sysbios_family_arm_m3_Hwi_switchFromBootStack__E)
                  0000b434    00000014     mutex_pem4f.oem4f (.text:ti_sysbios_heaps_HeapMem_Object__get__S)
                  0000b448    00000014     mutex_pem4f.oem4f (.text:ti_sysbios_knl_Swi_Object__get__S)
                  0000b45c    00000014     mutex_pem4f.oem4f (.text:ti_sysbios_knl_Task_Object__get__S)
                  0000b470    00000012     drivers_msp432e4.aem4f : RingBuf.oem4f (.text:RingBuf_construct)
                  0000b482    00000012     dpl_msp432e4.aem4f : SemaphoreP_tirtos.oem4f (.text:SemaphoreP_pend)
                  0000b494    00000012     msp432e4_driverlib.a : uart.o (.text:UARTIntClear)
                  0000b4a6    00000012                          : uart.o (.text:UARTRxErrorGet)
                  0000b4b8    00000012     sysbios.aem4f : BIOS.obj (.text:ti_sysbios_hal_Hwi_Module_startup__E)
                  0000b4ca    00000012     rtsv7M4_T_le_v4SPD16_eabi.lib : wcslen.c.obj (.text:wcslen)
                  0000b4dc    00000012     mutex_pem4f.oem4f (.text:xdc_runtime_Startup_exec__I)
                  0000b4ee    00000002     --HOLE-- [fill = 0]
                  0000b4f0    00000010     mutex_pem4f.oem4f (.text:.bootCodeSection:ti_sysbios_family_arm_msp432e4_init_Boot_init__I)
                  0000b500    00000010     dpl_msp432e4.aem4f : HwiP_tirtos.oem4f (.text:HwiP_Params_init)
                  0000b510    00000010                        : PowerMSP432E4_tirtos.oem4f (.text:PowerMSP432E4_sleepPolicy)
                  0000b520    00000010     msp432e4_driverlib.a : uart.o (.text:UARTRxErrorClear)
                  0000b530    00000010     drivers_msp432e4.aem4f : UARTMSP432E4.oem4f (.text:readBlockingTimeout)
                  0000b540    00000010     sysbios.aem4f : BIOS.obj (.text:ti_sysbios_BIOS_getCpuFreq__E)
                  0000b550    00000010                   : BIOS.obj (.text:ti_sysbios_BIOS_setThreadType__E)
                  0000b560    00000010                   : BIOS.obj (.text:ti_sysbios_BIOS_start__E)
                  0000b570    00000010                   : BIOS.obj (.text:ti_sysbios_family_arm_lm4_TimestampProvider_rolloverFunc__E)
                  0000b580    00000010                   : m3_TaskSupport_asm.obj (.text:ti_sysbios_family_arm_m3_TaskSupport_glue)
                  0000b590    00000010                   : BIOS.obj (.text:ti_sysbios_gates_GateMutex_Instance_finalize__E)
                  0000b5a0    00000010                   : BIOS.obj (.text:ti_sysbios_knl_Semaphore_Instance_finalize__E)
                  0000b5b0    00000010                   : BIOS.obj (.text:ti_sysbios_knl_Swi_disable__E)
                  0000b5c0    00000010                   : BIOS.obj (.text:ti_sysbios_knl_Task_disable__E)
                  0000b5d0    00000010     mutex_pem4f.oem4f (.text:ti_uia_loggers_LoggerStopMode_Object__get__S)
                  0000b5e0    00000010     ti.uia.loggers.aem4f : LoggerStopMode.oem4f (.text:ti_uia_loggers_LoggerStopMode_isEmpty__E)
                  0000b5f0    00000010     ti.targets.arm.rtsarm.aem4f : Gate.oem4f (.text:xdc_runtime_Gate_leaveSystem__E)
                  0000b600    00000010                                 : Memory.oem4f (.text:xdc_runtime_Memory_free__E)
                  0000b610    00000010                                 : SysMin.oem4f (.text:xdc_runtime_SysMin_ready__E)
                  0000b620    00000010                                 : System.oem4f (.text:xdc_runtime_System_vsnprintf__E)
                  0000b630    00000010     mutex_pem4f.oem4f (.text:xdc_runtime_Text_visitRope__I)
                  0000b640    0000000e     drivers_msp432e4.aem4f : RingBuf.oem4f (.text:RingBuf_isFull)
                  0000b64e    0000000e     rtsv7M4_T_le_v4SPD16_eabi.lib : copy_decompress_none.c.obj (.text:decompress:none:__TI_decompress_none)
                  0000b65c    00000004     --HOLE-- [fill = 0]
                  0000b660    0000000e     sysbios.aem4f : BIOS.obj (.text:ti_sysbios_knl_Idle_loop__E)
                  0000b66e    00000002     --HOLE-- [fill = 0]
                  0000b670    0000000e                   : BIOS.obj (.text:ti_sysbios_knl_Queue_empty__E)
                  0000b67e    0000000c     dpl_msp432e4.aem4f : ClockP_tirtos.oem4f (.text:ClockP_delete)
                  0000b68a    0000000c                        : HwiP_tirtos.oem4f (.text:HwiP_delete)
                  0000b696    0000000c                        : SemaphoreP_tirtos.oem4f (.text:SemaphoreP_delete)
                  0000b6a2    00000002     --HOLE-- [fill = 0]
                  0000b6a4    0000000c     rtsv7M4_T_le_v4SPD16_eabi.lib : _lock.c.obj (.text:_register_lock)
                  0000b6b0    0000000c                                   : _lock.c.obj (.text:_register_unlock)
                  0000b6bc    0000000c                                   : copy_zero_init.c.obj (.text:decompress:ZI:__TI_zero_init)
                  0000b6c8    0000000c     mutex.obj (.text:heartbeatClockFxn)
                  0000b6d4    00000004     --HOLE-- [fill = 0]
                  0000b6d8    0000000c     sysbios.aem4f : BIOS.obj (.text:ti_sysbios_family_arm_lm4_Timer_getMaxTicks__E)
                  0000b6e4    00000004     --HOLE-- [fill = 0]
                  0000b6e8    0000000c                   : BIOS.obj (.text:ti_sysbios_family_arm_lm4_TimestampProvider_startTimer__E)
                  0000b6f4    0000000c     mutex_pem4f.oem4f (.text:ti_sysbios_family_arm_m3_Hwi_Params__init__S)
                  0000b700    0000000c     sysbios.aem4f : BIOS.obj (.text:ti_sysbios_family_arm_m3_Hwi_disableFxn__E)
                  0000b70c    00000004     --HOLE-- [fill = 0]
                  0000b710    0000000c                   : BIOS.obj (.text:ti_sysbios_family_arm_m3_TaskSupport_checkStack__E)
                  0000b71c    00000004     --HOLE-- [fill = 0]
                  0000b720    0000000c                   : BIOS.obj (.text:ti_sysbios_family_arm_m3_TaskSupport_getStackAlignment__E)
                  0000b72c    00000004     --HOLE-- [fill = 0]
                  0000b730    0000000c                   : BIOS.obj (.text:ti_sysbios_gates_GateHwi_enter__E)
                  0000b73c    0000000c     mutex_pem4f.oem4f (.text:ti_sysbios_knl_Clock_Params__init__S)
                  0000b748    0000000c     mutex_pem4f.oem4f (.text:ti_sysbios_knl_Queue_Object__get__S)
                  0000b754    0000000c     mutex_pem4f.oem4f (.text:ti_sysbios_knl_Semaphore_Params__init__S)
                  0000b760    0000000c     mutex.obj (.text:ti_sysbios_knl_Semaphore_handle)
                  0000b76c    0000000c     mutex_pem4f.oem4f (.text:ti_sysbios_knl_Task_Params__init__S)
                  0000b778    0000000c     sysbios.aem4f : BIOS.obj (.text:ti_sysbios_utils_Load_taskRegHook__E)
                  0000b784    0000000c     ti.targets.arm.rtsarm.aem4f : Gate.oem4f (.text:xdc_runtime_Gate_enterSystem__E)
                  0000b790    0000000c                                 : Memory.oem4f (.text:xdc_runtime_Memory_calloc__E)
                  0000b79c    0000000c                                 : Memory.oem4f (.text:xdc_runtime_Memory_getMaxDefaultTypeAlign__E)
                  0000b7a8    0000000c                                 : Startup.oem4f (.text:xdc_runtime_Startup_rtsDone__E)
                  0000b7b4    0000000a     drivers_msp432e4.aem4f : ADC.oem4f (.text:ADC_convert)
                  0000b7be    0000000a     dpl_msp432e4.aem4f : ClockP_tirtos.oem4f (.text:ClockP_Params_init)
                  0000b7c8    0000000a     drivers_msp432e4.aem4f : PWM.oem4f (.text:PWM_setDuty)
                  0000b7d2    0000000a                            : PWM.oem4f (.text:PWM_start)
                  0000b7dc    0000000a                            : UART.oem4f (.text:UART_write)
                  0000b7e6    0000000a     mutex_pem4f.oem4f (.text:xdc_runtime_IHeap_alloc)
                  0000b7f0    0000000a     mutex_pem4f.oem4f (.text:xdc_runtime_IHeap_free)
                  0000b7fa    00000002     --HOLE-- [fill = 0]
                  0000b7fc    00000008     rtsv7M4_T_le_v4SPD16_eabi.lib : errno.c.obj (.text:__aeabi_errno_addr)
                  0000b804    00000008     drivers_msp432e4.aem4f : UARTMSP432E4.oem4f (.text:readSemCallback)
                  0000b80c    00000008     sysbios.aem4f : BIOS.obj (.text:ti_sysbios_family_arm_lm4_Timer_masterDisable__I)
                  0000b814    00000004     --HOLE-- [fill = 0]
                  0000b818    00000008                   : BIOS.obj (.text:ti_sysbios_family_arm_m3_Hwi_doSwiRestore__I)
                  0000b820    00000008                   : BIOS.obj (.text:ti_sysbios_family_arm_m3_Hwi_startup__E)
                  0000b828    00000008     drivers_msp432e4.aem4f : UARTMSP432E4.oem4f (.text:writeSemCallback)
                  0000b830    00000006     sysbios.aem4f : BIOS.obj (.text:ti_sysbios_family_arm_lm4_TimestampProvider_Module_startup__E)
                  0000b836    00000002     --HOLE-- [fill = 0]
                  0000b838    00000006                   : BIOS.obj (.text:ti_sysbios_family_arm_m3_Hwi_doTaskRestore__I)
                  0000b83e    00000002     --HOLE-- [fill = 0]
                  0000b840    00000006                   : BIOS.obj (.text:ti_sysbios_family_arm_m3_Hwi_restoreFxn__E)
                  0000b846    00000002     --HOLE-- [fill = 0]
                  0000b848    00000006                   : BIOS.obj (.text:ti_sysbios_gates_GateHwi_leave__E)
                  0000b84e    00000002     --HOLE-- [fill = 0]
                  0000b850    00000006                   : BIOS.obj (.text:ti_sysbios_heaps_HeapMem_isBlocking__E)
                  0000b856    00000002     --HOLE-- [fill = 0]
                  0000b858    00000006                   : BIOS.obj (.text:ti_sysbios_knl_Clock_stop__E)
                  0000b85e    00000002     --HOLE-- [fill = 0]
                  0000b860    00000006                   : BIOS.obj (.text:ti_sysbios_knl_Queue_Instance_init__E)
                  0000b866    00000002     --HOLE-- [fill = 0]
                  0000b868    00000004                   : BIOS.obj (.text:ti_sysbios_family_arm_lm4_Timer_getPeriod__E)
                  0000b86c    00000004     --HOLE-- [fill = 0]
                  0000b870    00000004                   : BIOS.obj (.text:ti_sysbios_gates_GateHwi_query__E)
                  0000b874    00000004     --HOLE-- [fill = 0]
                  0000b878    00000004                   : BIOS.obj (.text:ti_sysbios_gates_GateMutex_query__E)
                  0000b87c    00000004     --HOLE-- [fill = 0]
                  0000b880    00000004                   : BIOS.obj (.text:ti_sysbios_knl_Clock_setTimeout__E)
                  0000b884    00000004     --HOLE-- [fill = 0]
                  0000b888    00000004                   : BIOS.obj (.text:ti_sysbios_knl_Task_startup__E)
                  0000b88c    00000004     --HOLE-- [fill = 0]
                  0000b890    00000002                   : BIOS.obj (.text:ti_sysbios_BIOS_linkedWithIncorrectBootLibrary__E)
                  0000b892    00000006     --HOLE-- [fill = 0]
                  0000b898    00000002                   : BIOS.obj (.text:ti_sysbios_gates_GateHwi_Instance_init__E)

.const     0    0000b89c    00002d5e     
                  0000b89c    00001fe9     mutex_pem4f.oem4f (.const:xdc_runtime_Text_charTab__A)
                  0000d885    00000003     drivers_msp432e4.aem4f : GPIOMSP432E4.oem4f (.const:.string:inPinTypes)
                  0000d888    00000210     sysbios.aem4f : BIOS.obj (.const:$O1$$)
                  0000da98    00000101     rtsv7M4_T_le_v4SPD16_eabi.lib : ctype.c.obj (.const:.string:_ctypes_)
                  0000db99    00000001     mutex_pem4f.oem4f (.const:xdc_runtime_Error_policy__C)
                  0000db9a    000000f8     mutex_pem4f.oem4f (.const:xdc_runtime_Text_nodeTab__A)
                  0000dc92    00000002     mutex_pem4f.oem4f (.const:ti_sysbios_family_arm_lm4_TimestampProvider_useClockTimer__C)
                  0000dc94    00000060     mutex_pem4f.oem4f (.const:ti_uia_loggers_LoggerStopMode_Module__FXNS__C)
                  0000dcf4    00000048     mutex_pem4f.oem4f (.const:.string)
                  0000dd3c    00000048     msp432e4_driverlib.a : gpio.o (.const:g_pui32GPIOBaseAddrs)
                  0000dd84    00000048     drivers_msp432e4.aem4f : GPIOMSP432E4.oem4f (.const:gpioBaseAddresses)
                  0000ddcc    00000048                            : GPIOMSP432E4.oem4f (.const:powerMgrIds)
                  0000de14    0000003c     mutex_pem4f.oem4f (.const:ti_sysbios_knl_Task_Object__PARAMS__C)
                  0000de50    00000030     mutex_pem4f.oem4f (.const:ti_sysbios_family_arm_m3_Hwi_Object__PARAMS__C)
                  0000de80    0000002c     ti_drivers_config.obj (.const:uartMSP432E4HWAttrs)
                  0000deac    00000028     drivers_msp432e4.aem4f : UARTMSP432E4.oem4f (.const:UARTMSP432E4_fxnTable)
                  0000ded4    00000028     mutex_pem4f.oem4f (.const:ti_sysbios_heaps_HeapMem_Module__FXNS__C)
                  0000defc    00000028     mutex_pem4f.oem4f (.const:ti_uia_loggers_LoggerStopMode_Object__PARAMS__C)
                  0000df24    00000028     mutex_pem4f.oem4f (.const:xdc_runtime_Startup_sfxnTab__A)
                  0000df4c    00000024     drivers_msp432e4.aem4f : PWMMSP432E4.oem4f (.const:PWMMSP432E4_fxnTable)
                  0000df70    00000024                            : UART.oem4f (.const:UART_defaultParams)
                  0000df94    00000024     mutex_pem4f.oem4f (.const:ti_sysbios_gates_GateHwi_Module__FXNS__C)
                  0000dfb8    00000024     mutex_pem4f.oem4f (.const:ti_sysbios_gates_GateMutex_Module__FXNS__C)
                  0000dfdc    00000024     mutex_pem4f.oem4f (.const:ti_sysbios_heaps_HeapMem_Object__PARAMS__C)
                  0000e000    00000024     mutex_pem4f.oem4f (.const:ti_sysbios_knl_Clock_Object__PARAMS__C)
                  0000e024    00000024     mutex_pem4f.oem4f (.const:ti_sysbios_knl_Semaphore_Object__PARAMS__C)
                  0000e048    00000020     drivers_msp432e4.aem4f : GPIOMSP432E4.oem4f (.const:.string:gpioInterruptVectors)
                  0000e068    00000020                            : UARTMSP432E4.oem4f (.const:staticFxnTable)
                  0000e088    00000020     mutex_pem4f.oem4f (.const:ti_sysbios_family_arm_m3_Hwi_Object__DESC__C)
                  0000e0a8    00000020     mutex_pem4f.oem4f (.const:ti_sysbios_gates_GateHwi_Object__DESC__C)
                  0000e0c8    00000020     mutex_pem4f.oem4f (.const:ti_sysbios_gates_GateMutex_Object__DESC__C)
                  0000e0e8    00000020     mutex_pem4f.oem4f (.const:ti_sysbios_heaps_HeapMem_Object__DESC__C)
                  0000e108    00000020     mutex_pem4f.oem4f (.const:ti_sysbios_knl_Clock_Object__DESC__C)
                  0000e128    00000020     mutex_pem4f.oem4f (.const:ti_sysbios_knl_Queue_Object__DESC__C)
                  0000e148    00000020     mutex_pem4f.oem4f (.const:ti_sysbios_knl_Semaphore_Object__DESC__C)
                  0000e168    00000020     mutex_pem4f.oem4f (.const:ti_sysbios_knl_Task_Object__DESC__C)
                  0000e188    00000020     mutex_pem4f.oem4f (.const:ti_uia_loggers_LoggerStopMode_Object__DESC__C)
                  0000e1a8    00000018     drivers_msp432e4.aem4f : ADCMSP432E4.oem4f (.const:ADCMSP432E4_fxnTable)
                  0000e1c0    00000018                            : PWM.oem4f (.const:PWM_defaultParams)
                  0000e1d8    00000018     mutex_pem4f.oem4f (.const:ti_sysbios_gates_GateHwi_Object__PARAMS__C)
                  0000e1f0    00000018     mutex_pem4f.oem4f (.const:ti_sysbios_gates_GateMutex_Object__PARAMS__C)
                  0000e208    00000018     mutex_pem4f.oem4f (.const:ti_sysbios_knl_Queue_Object__PARAMS__C)
                  0000e220    00000018     mutex_pem4f.oem4f (.const:ti_sysbios_knl_Task_hooks__A)
                  0000e238    00000014     ti_drivers_config.obj (.const:GPIOMSP432E4_config)
                  0000e24c    00000014     msp432e4_driverlib.a : interrupt.o (.const:g_pui32EnRegs)
                  0000e260    00000014     drivers_msp432e4.aem4f : UARTMSP432E4.oem4f (.const:parityType)
                  0000e274    00000014     mutex_pem4f.oem4f (.const:xdc_runtime_Startup_sfxnRts__A)
                  0000e288    00000010     ti_drivers_config.obj (.const:ADCMSP432E4HWAttrs)
                  0000e298    00000010     drivers_msp432e4.aem4f : UARTMSP432E4.oem4f (.const:dataLength)
                  0000e2a8    00000010     ti_drivers_config.obj (.const:pwmMSP432E4HWAttrs)
                  0000e2b8    00000010     mutex_pem4f.oem4f (.const:xdc_runtime_Startup_firstFxns__A)
                  0000e2c8    0000000c     ti_drivers_config.obj (.const:ADC_config)
                  0000e2d4    0000000c     ti_drivers_config.obj (.const:PWM_config)
                  0000e2e0    0000000c     ti_drivers_config.obj (.const:UART_config)
                  0000e2ec    0000000c     mutex_pem4f.oem4f (.const:ti_sysbios_knl_Idle_funcList__A)
                  0000e2f8    00000008     drivers_msp432e4.aem4f : ADC.oem4f (.const:ADC_defaultParams)
                  0000e300    00000008     ti_drivers_config.obj (.const:PowerMSP432E4_config)
                  0000e308    00000008     drivers_msp432e4.aem4f : ADCMSP432E4.oem4f (.const:adcInterrupts)
                  0000e310    00000008                            : UARTMSP432E4.oem4f (.const:stopBits)
                  0000e318    00000008     ti_drivers_config.obj (.const)
                  0000e320    00000008     mutex_pem4f.oem4f (.const:ti_sysbios_family_arm_m3_Hwi_excHookFuncs__A)
                  0000e328    00000008     mutex_pem4f.oem4f (.const:ti_sysbios_knl_Idle_funcList__C)
                  0000e330    00000008     mutex_pem4f.oem4f (.const:ti_sysbios_knl_Task_hooks__C)
                  0000e338    00000008     mutex_pem4f.oem4f (.const:xdc_runtime_Startup_firstFxns__C)
                  0000e340    00000008     mutex_pem4f.oem4f (.const:xdc_runtime_Startup_lastFxns__C)
                  0000e348    00000007     drivers_msp432e4.aem4f : GPIOMSP432E4.oem4f (.const:.string:outPinStrengths)
                  0000e34f    00000006                            : GPIOMSP432E4.oem4f (.const:.string:interruptType)
                  0000e355    00000004                            : GPIOMSP432E4.oem4f (.const:.string:outPinTypes)
                  0000e359    00000001     --HOLE-- [fill = 0]
                  0000e35a    00000002     mutex_pem4f.oem4f (.const:ti_sysbios_family_arm_m3_Hwi_Module__id__C)
                  0000e35c    00000004     mutex_pem4f.oem4f (.const:ti_sysbios_family_arm_lm4_Timer_enableFunc__C)
                  0000e360    00000004     mutex_pem4f.oem4f (.const:ti_sysbios_family_arm_lm4_Timer_numTimerDevices__C)
                  0000e364    00000004     mutex_pem4f.oem4f (.const:ti_sysbios_family_arm_lm4_Timer_startupNeeded__C)
                  0000e368    00000004     mutex_pem4f.oem4f (.const:ti_sysbios_family_arm_m3_Hwi_E_NMI__C)
                  0000e36c    00000004     mutex_pem4f.oem4f (.const:ti_sysbios_family_arm_m3_Hwi_E_alreadyDefined__C)
                  0000e370    00000004     mutex_pem4f.oem4f (.const:ti_sysbios_family_arm_m3_Hwi_E_badIntNum__C)
                  0000e374    00000004     mutex_pem4f.oem4f (.const:ti_sysbios_family_arm_m3_Hwi_E_busFault__C)
                  0000e378    00000004     mutex_pem4f.oem4f (.const:ti_sysbios_family_arm_m3_Hwi_E_debugMon__C)
                  0000e37c    00000004     mutex_pem4f.oem4f (.const:ti_sysbios_family_arm_m3_Hwi_E_hardFault__C)
                  0000e380    00000004     mutex_pem4f.oem4f (.const:ti_sysbios_family_arm_m3_Hwi_E_memFault__C)
                  0000e384    00000004     mutex_pem4f.oem4f (.const:ti_sysbios_family_arm_m3_Hwi_E_noIsr__C)
                  0000e388    00000004     mutex_pem4f.oem4f (.const:ti_sysbios_family_arm_m3_Hwi_E_reserved__C)
                  0000e38c    00000004     mutex_pem4f.oem4f (.const:ti_sysbios_family_arm_m3_Hwi_E_svCall__C)
                  0000e390    00000004     mutex_pem4f.oem4f (.const:ti_sysbios_family_arm_m3_Hwi_E_usageFault__C)
                  0000e394    00000004     mutex_pem4f.oem4f (.const:ti_sysbios_family_arm_m3_Hwi_LD_end__C)
                  0000e398    00000004     mutex_pem4f.oem4f (.const:ti_sysbios_family_arm_m3_Hwi_LM_begin__C)
                  0000e39c    00000004     mutex_pem4f.oem4f (.const:ti_sysbios_family_arm_m3_Hwi_Module__diagsEnabled__C)
                  0000e3a0    00000004     mutex_pem4f.oem4f (.const:ti_sysbios_family_arm_m3_Hwi_Module__diagsIncluded__C)
                  0000e3a4    00000004     mutex_pem4f.oem4f (.const:ti_sysbios_family_arm_m3_Hwi_Module__diagsMask__C)
                  0000e3a8    00000004     mutex_pem4f.oem4f (.const:ti_sysbios_family_arm_m3_Hwi_Module__loggerFxn1__C)
                  0000e3ac    00000004     mutex_pem4f.oem4f (.const:ti_sysbios_family_arm_m3_Hwi_Module__loggerFxn8__C)
                  0000e3b0    00000004     mutex_pem4f.oem4f (.const:ti_sysbios_family_arm_m3_Hwi_Module__loggerObj__C)
                  0000e3b4    00000004     mutex_pem4f.oem4f (.const:ti_sysbios_family_arm_m3_Hwi_NUM_INTERRUPTS__C)
                  0000e3b8    00000004     mutex_pem4f.oem4f (.const:ti_sysbios_family_arm_m3_Hwi_Object__count__C)
                  0000e3bc    00000004     mutex_pem4f.oem4f (.const:ti_sysbios_family_arm_m3_Hwi_ccr__C)
                  0000e3c0    00000004     mutex_pem4f.oem4f (.const:ti_sysbios_family_arm_m3_Hwi_excHandlerFunc__C)
                  0000e3c4    00000004     mutex_pem4f.oem4f (.const:ti_sysbios_family_arm_m3_Hwi_excHookFuncs__C)
                  0000e3c8    00000004     mutex_pem4f.oem4f (.const:ti_sysbios_family_arm_m3_Hwi_nullIsrFunc__C)
                  0000e3cc    00000004     mutex_pem4f.oem4f (.const:ti_sysbios_family_arm_m3_Hwi_priGroup__C)
                  0000e3d0    00000004     mutex_pem4f.oem4f (.const:ti_sysbios_family_arm_m3_TaskSupport_stackAlignment__C)
                  0000e3d4    00000004     mutex_pem4f.oem4f (.const:ti_sysbios_gates_GateMutex_A_badContext__C)
                  0000e3d8    00000004     mutex_pem4f.oem4f (.const:ti_sysbios_gates_GateMutex_Instance_State_sem__O)
                  0000e3dc    00000004     mutex_pem4f.oem4f (.const:ti_sysbios_gates_GateMutex_Module__diagsEnabled__C)
                  0000e3e0    00000004     mutex_pem4f.oem4f (.const:ti_sysbios_gates_GateMutex_Module__diagsIncluded__C)
                  0000e3e4    00000004     mutex_pem4f.oem4f (.const:ti_sysbios_gates_GateMutex_Module__diagsMask__C)
                  0000e3e8    00000004     mutex_pem4f.oem4f (.const:ti_sysbios_hal_Hwi_E_stackOverflow__C)
                  0000e3ec    00000004     mutex_pem4f.oem4f (.const:ti_sysbios_heaps_HeapMem_A_align__C)
                  0000e3f0    00000004     mutex_pem4f.oem4f (.const:ti_sysbios_heaps_HeapMem_A_heapSize__C)
                  0000e3f4    00000004     mutex_pem4f.oem4f (.const:ti_sysbios_heaps_HeapMem_A_invalidFree__C)
                  0000e3f8    00000004     mutex_pem4f.oem4f (.const:ti_sysbios_heaps_HeapMem_A_zeroBlock__C)
                  0000e3fc    00000004     mutex_pem4f.oem4f (.const:ti_sysbios_heaps_HeapMem_E_memory__C)
                  0000e400    00000004     mutex_pem4f.oem4f (.const:ti_sysbios_heaps_HeapMem_Module__diagsEnabled__C)
                  0000e404    00000004     mutex_pem4f.oem4f (.const:ti_sysbios_heaps_HeapMem_Module__diagsIncluded__C)
                  0000e408    00000004     mutex_pem4f.oem4f (.const:ti_sysbios_heaps_HeapMem_Module__diagsMask__C)
                  0000e40c    00000004     mutex_pem4f.oem4f (.const:ti_sysbios_heaps_HeapMem_Module__gateObj__C)
                  0000e410    00000004     mutex_pem4f.oem4f (.const:ti_sysbios_heaps_HeapMem_Object__count__C)
                  0000e414    00000004     mutex_pem4f.oem4f (.const:ti_sysbios_heaps_HeapMem_primaryHeapBaseAddr__C)
                  0000e418    00000004     mutex_pem4f.oem4f (.const:ti_sysbios_heaps_HeapMem_primaryHeapEndAddr__C)
                  0000e41c    00000004     mutex_pem4f.oem4f (.const:ti_sysbios_heaps_HeapMem_reqAlign__C)
                  0000e420    00000004     mutex_pem4f.oem4f (.const:ti_sysbios_knl_Clock_A_badThreadType__C)
                  0000e424    00000004     mutex_pem4f.oem4f (.const:ti_sysbios_knl_Clock_LM_begin__C)
                  0000e428    00000004     mutex_pem4f.oem4f (.const:ti_sysbios_knl_Clock_LM_tick__C)
                  0000e42c    00000004     mutex_pem4f.oem4f (.const:ti_sysbios_knl_Clock_LW_delayed__C)
                  0000e430    00000004     mutex_pem4f.oem4f (.const:ti_sysbios_knl_Clock_Module_State_clockQ__O)
                  0000e434    00000004     mutex_pem4f.oem4f (.const:ti_sysbios_knl_Clock_Module__diagsEnabled__C)
                  0000e438    00000004     mutex_pem4f.oem4f (.const:ti_sysbios_knl_Clock_Module__diagsIncluded__C)
                  0000e43c    00000004     mutex_pem4f.oem4f (.const:ti_sysbios_knl_Clock_Module__diagsMask__C)
                  0000e440    00000004     mutex_pem4f.oem4f (.const:ti_sysbios_knl_Clock_Module__loggerFxn1__C)
                  0000e444    00000004     mutex_pem4f.oem4f (.const:ti_sysbios_knl_Clock_Module__loggerFxn2__C)
                  0000e448    00000004     mutex_pem4f.oem4f (.const:ti_sysbios_knl_Clock_Module__loggerObj__C)
                  0000e44c    00000004     mutex_pem4f.oem4f (.const:ti_sysbios_knl_Semaphore_A_badContext__C)
                  0000e450    00000004     mutex_pem4f.oem4f (.const:ti_sysbios_knl_Semaphore_A_noEvents__C)
                  0000e454    00000004     mutex_pem4f.oem4f (.const:ti_sysbios_knl_Semaphore_A_overflow__C)
                  0000e458    00000004     mutex_pem4f.oem4f (.const:ti_sysbios_knl_Semaphore_A_pendTaskDisabled__C)
                  0000e45c    00000004     mutex_pem4f.oem4f (.const:ti_sysbios_knl_Semaphore_Instance_State_pendQ__O)
                  0000e460    00000004     mutex_pem4f.oem4f (.const:ti_sysbios_knl_Semaphore_LM_pend__C)
                  0000e464    00000004     mutex_pem4f.oem4f (.const:ti_sysbios_knl_Semaphore_LM_post__C)
                  0000e468    00000004     mutex_pem4f.oem4f (.const:ti_sysbios_knl_Semaphore_Module__diagsEnabled__C)
                  0000e46c    00000004     mutex_pem4f.oem4f (.const:ti_sysbios_knl_Semaphore_Module__diagsIncluded__C)
                  0000e470    00000004     mutex_pem4f.oem4f (.const:ti_sysbios_knl_Semaphore_Module__diagsMask__C)
                  0000e474    00000004     mutex_pem4f.oem4f (.const:ti_sysbios_knl_Semaphore_Module__loggerFxn2__C)
                  0000e478    00000004     mutex_pem4f.oem4f (.const:ti_sysbios_knl_Semaphore_Module__loggerFxn4__C)
                  0000e47c    00000004     mutex_pem4f.oem4f (.const:ti_sysbios_knl_Semaphore_Module__loggerObj__C)
                  0000e480    00000004     mutex_pem4f.oem4f (.const:ti_sysbios_knl_Swi_LD_end__C)
                  0000e484    00000004     mutex_pem4f.oem4f (.const:ti_sysbios_knl_Swi_LM_begin__C)
                  0000e488    00000004     mutex_pem4f.oem4f (.const:ti_sysbios_knl_Swi_LM_post__C)
                  0000e48c    00000004     mutex_pem4f.oem4f (.const:ti_sysbios_knl_Swi_Module__diagsEnabled__C)
                  0000e490    00000004     mutex_pem4f.oem4f (.const:ti_sysbios_knl_Swi_Module__diagsIncluded__C)
                  0000e494    00000004     mutex_pem4f.oem4f (.const:ti_sysbios_knl_Swi_Module__diagsMask__C)
                  0000e498    00000004     mutex_pem4f.oem4f (.const:ti_sysbios_knl_Swi_Module__loggerFxn1__C)
                  0000e49c    00000004     mutex_pem4f.oem4f (.const:ti_sysbios_knl_Swi_Module__loggerFxn4__C)
                  0000e4a0    00000004     mutex_pem4f.oem4f (.const:ti_sysbios_knl_Swi_Module__loggerObj__C)
                  0000e4a4    00000004     mutex_pem4f.oem4f (.const:ti_sysbios_knl_Swi_Object__count__C)
                  0000e4a8    00000004     mutex_pem4f.oem4f (.const:ti_sysbios_knl_Task_A_badPriority__C)
                  0000e4ac    00000004     mutex_pem4f.oem4f (.const:ti_sysbios_knl_Task_A_badTaskState__C)
                  0000e4b0    00000004     mutex_pem4f.oem4f (.const:ti_sysbios_knl_Task_A_badThreadType__C)
                  0000e4b4    00000004     mutex_pem4f.oem4f (.const:ti_sysbios_knl_Task_A_noPendElem__C)
                  0000e4b8    00000004     mutex_pem4f.oem4f (.const:ti_sysbios_knl_Task_E_spOutOfBounds__C)
                  0000e4bc    00000004     mutex_pem4f.oem4f (.const:ti_sysbios_knl_Task_E_stackOverflow__C)
                  0000e4c0    00000004     mutex_pem4f.oem4f (.const:ti_sysbios_knl_Task_LD_block__C)
                  0000e4c4    00000004     mutex_pem4f.oem4f (.const:ti_sysbios_knl_Task_LD_exit__C)
                  0000e4c8    00000004     mutex_pem4f.oem4f (.const:ti_sysbios_knl_Task_LD_ready__C)
                  0000e4cc    00000004     mutex_pem4f.oem4f (.const:ti_sysbios_knl_Task_LM_switch__C)
                  0000e4d0    00000004     mutex_pem4f.oem4f (.const:ti_sysbios_knl_Task_Module_State_inactiveQ__O)
                  0000e4d4    00000004     mutex_pem4f.oem4f (.const:ti_sysbios_knl_Task_Module__diagsEnabled__C)
                  0000e4d8    00000004     mutex_pem4f.oem4f (.const:ti_sysbios_knl_Task_Module__diagsIncluded__C)
                  0000e4dc    00000004     mutex_pem4f.oem4f (.const:ti_sysbios_knl_Task_Module__diagsMask__C)
                  0000e4e0    00000004     mutex_pem4f.oem4f (.const:ti_sysbios_knl_Task_Module__loggerFxn2__C)
                  0000e4e4    00000004     mutex_pem4f.oem4f (.const:ti_sysbios_knl_Task_Module__loggerFxn4__C)
                  0000e4e8    00000004     mutex_pem4f.oem4f (.const:ti_sysbios_knl_Task_Module__loggerObj__C)
[...]
0000e384  ti_sysbios_family_arm_m3_Hwi_E_noIsr__C                         
0000e388  ti_sysbios_family_arm_m3_Hwi_E_reserved__C                      
0000e38c  ti_sysbios_family_arm_m3_Hwi_E_svCall__C                        
0000e390  ti_sysbios_family_arm_m3_Hwi_E_usageFault__C                    
0000e394  ti_sysbios_family_arm_m3_Hwi_LD_end__C                          
0000e398  ti_sysbios_family_arm_m3_Hwi_LM_begin__C                        
0000e39c  ti_sysbios_family_arm_m3_Hwi_Module__diagsEnabled__C            
0000e3a0  ti_sysbios_family_arm_m3_Hwi_Module__diagsIncluded__C           
0000e3a4  ti_sysbios_family_arm_m3_Hwi_Module__diagsMask__C               
0000e3a8  ti_sysbios_family_arm_m3_Hwi_Module__loggerFxn1__C              
0000e3ac  ti_sysbios_family_arm_m3_Hwi_Module__loggerFxn8__C              
0000e3b0  ti_sysbios_family_arm_m3_Hwi_Module__loggerObj__C               
0000e3b4  ti_sysbios_family_arm_m3_Hwi_NUM_INTERRUPTS__C                  
0000e3b8  ti_sysbios_family_arm_m3_Hwi_Object__count__C                   
0000e3bc  ti_sysbios_family_arm_m3_Hwi_ccr__C                             
0000e3c0  ti_sysbios_family_arm_m3_Hwi_excHandlerFunc__C                  
0000e3c4  ti_sysbios_family_arm_m3_Hwi_excHookFuncs__C                    
0000e3c8  ti_sysbios_family_arm_m3_Hwi_nullIsrFunc__C                     
0000e3cc  ti_sysbios_family_arm_m3_Hwi_priGroup__C                        
0000e3d0  ti_sysbios_family_arm_m3_TaskSupport_stackAlignment__C          
0000e3d4  ti_sysbios_gates_GateMutex_A_badContext__C                      
0000e3d8  ti_sysbios_gates_GateMutex_Instance_State_sem__O                
0000e3dc  ti_sysbios_gates_GateMutex_Module__diagsEnabled__C              
0000e3e0  ti_sysbios_gates_GateMutex_Module__diagsIncluded__C             
0000e3e4  ti_sysbios_gates_GateMutex_Module__diagsMask__C                 
0000e3e8  ti_sysbios_hal_Hwi_E_stackOverflow__C                           
0000e3ec  ti_sysbios_heaps_HeapMem_A_align__C                             
0000e3f0  ti_sysbios_heaps_HeapMem_A_heapSize__C                          
0000e3f4  ti_sysbios_heaps_HeapMem_A_invalidFree__C                       
0000e3f8  ti_sysbios_heaps_HeapMem_A_zeroBlock__C                         
0000e3fc  ti_sysbios_heaps_HeapMem_E_memory__C                            
0000e400  ti_sysbios_heaps_HeapMem_Module__diagsEnabled__C                
0000e404  ti_sysbios_heaps_HeapMem_Module__diagsIncluded__C               
0000e408  ti_sysbios_heaps_HeapMem_Module__diagsMask__C                   
0000e40c  ti_sysbios_heaps_HeapMem_Module__gateObj__C                     
0000e410  ti_sysbios_heaps_HeapMem_Object__count__C                       
0000e414  ti_sysbios_heaps_HeapMem_primaryHeapBaseAddr__C                 
0000e418  ti_sysbios_heaps_HeapMem_primaryHeapEndAddr__C                  
0000e41c  ti_sysbios_heaps_HeapMem_reqAlign__C                            
0000e420  ti_sysbios_knl_Clock_A_badThreadType__C                         
0000e424  ti_sysbios_knl_Clock_LM_begin__C                                
0000e428  ti_sysbios_knl_Clock_LM_tick__C                                 
0000e42c  ti_sysbios_knl_Clock_LW_delayed__C                              
0000e430  ti_sysbios_knl_Clock_Module_State_clockQ__O                     
0000e434  ti_sysbios_knl_Clock_Module__diagsEnabled__C                    
0000e438  ti_sysbios_knl_Clock_Module__diagsIncluded__C                   
0000e43c  ti_sysbios_knl_Clock_Module__diagsMask__C                       
0000e440  ti_sysbios_knl_Clock_Module__loggerFxn1__C                      
0000e444  ti_sysbios_knl_Clock_Module__loggerFxn2__C                      
0000e448  ti_sysbios_knl_Clock_Module__loggerObj__C                       
0000e44c  ti_sysbios_knl_Semaphore_A_badContext__C                        
0000e450  ti_sysbios_knl_Semaphore_A_noEvents__C                          
0000e454  ti_sysbios_knl_Semaphore_A_overflow__C                          
0000e458  ti_sysbios_knl_Semaphore_A_pendTaskDisabled__C                  
0000e45c  ti_sysbios_knl_Semaphore_Instance_State_pendQ__O                
0000e460  ti_sysbios_knl_Semaphore_LM_pend__C                             
0000e464  ti_sysbios_knl_Semaphore_LM_post__C                             
0000e468  ti_sysbios_knl_Semaphore_Module__diagsEnabled__C                
0000e46c  ti_sysbios_knl_Semaphore_Module__diagsIncluded__C               
0000e470  ti_sysbios_knl_Semaphore_Module__diagsMask__C                   
0000e474  ti_sysbios_knl_Semaphore_Module__loggerFxn2__C                  
0000e478  ti_sysbios_knl_Semaphore_Module__loggerFxn4__C                  
0000e47c  ti_sysbios_knl_Semaphore_Module__loggerObj__C                   
0000e480  ti_sysbios_knl_Swi_LD_end__C                                    
0000e484  ti_sysbios_knl_Swi_LM_begin__C                                  
0000e488  ti_sysbios_knl_Swi_LM_post__C                                   
0000e48c  ti_sysbios_knl_Swi_Module__diagsEnabled__C                      
0000e490  ti_sysbios_knl_Swi_Module__diagsIncluded__C                     
0000e494  ti_sysbios_knl_Swi_Module__diagsMask__C                         
0000e498  ti_sysbios_knl_Swi_Module__loggerFxn1__C                        
0000e49c  ti_sysbios_knl_Swi_Module__loggerFxn4__C                        
0000e4a0  ti_sysbios_knl_Swi_Module__loggerObj__C                         
0000e4a4  ti_sysbios_knl_Swi_Object__count__C                             
0000e4a8  ti_sysbios_knl_Task_A_badPriority__C                            
0000e4ac  ti_sysbios_knl_Task_A_badTaskState__C                           
0000e4b0  ti_sysbios_knl_Task_A_badThreadType__C                          
0000e4b4  ti_sysbios_knl_Task_A_noPendElem__C                             
0000e4b8  ti_sysbios_knl_Task_E_spOutOfBounds__C                          
0000e4bc  ti_sysbios_knl_Task_E_stackOverflow__C                          
0000e4c0  ti_sysbios_knl_Task_LD_block__C                                 
0000e4c4  ti_sysbios_knl_Task_LD_exit__C                                  
0000e4c8  ti_sysbios_knl_Task_LD_ready__C                                 
0000e4cc  ti_sysbios_knl_Task_LM_switch__C                                
0000e4d0  ti_sysbios_knl_Task_Module_State_inactiveQ__O                   
0000e4d4  ti_sysbios_knl_Task_Module__diagsEnabled__C                     
0000e4d8  ti_sysbios_knl_Task_Module__diagsIncluded__C                    
0000e4dc  ti_sysbios_knl_Task_Module__diagsMask__C                        
0000e4e0  ti_sysbios_knl_Task_Module__loggerFxn2__C                       
0000e4e4  ti_sysbios_knl_Task_Module__loggerFxn4__C                       
0000e4e8  ti_sysbios_knl_Task_Module__loggerObj__C                        
0000e4ec  ti_sysbios_knl_Task_Object__count__C                            
0000e4f0  ti_sysbios_knl_Task_Object__heap__C                             
0000e4f4  ti_sysbios_knl_Task_allBlockedFunc__C                           
0000e4f8  ti_sysbios_knl_Task_defaultStackHeap__C                         
0000e4fc  ti_sysbios_knl_Task_defaultStackSize__C                         
0000e500  ti_sysbios_knl_Task_numConstructedTasks__C                      
0000e504  ti_sysbios_utils_Load_LS_cpuLoad__C                             
0000e508  ti_sysbios_utils_Load_LS_taskLoad__C                            
0000e50c  ti_sysbios_utils_Load_Module_State_taskList__O                  
0000e510  ti_sysbios_utils_Load_Module__diagsEnabled__C                   
0000e514  ti_sysbios_utils_Load_Module__diagsIncluded__C                  
0000e518  ti_sysbios_utils_Load_Module__diagsMask__C                      
0000e51c  ti_sysbios_utils_Load_Module__loggerFxn1__C                     
0000e520  ti_sysbios_utils_Load_Module__loggerFxn4__C                     
0000e524  ti_sysbios_utils_Load_Module__loggerObj__C                      
0000e528  ti_sysbios_utils_Load_postUpdate__C                             
0000e52c  ti_sysbios_utils_Load_windowInMs__C                             
0000e530  ti_uia_loggers_LoggerStopMode_Module__diagsEnabled__C           
0000e534  ti_uia_loggers_LoggerStopMode_Module__diagsIncluded__C          
0000e538  ti_uia_loggers_LoggerStopMode_Module__diagsMask__C              
0000e53c  ti_uia_loggers_LoggerStopMode_Object__count__C                  
0000e540  ti_uia_runtime_ILoggerSnapshot_Interface__BASE__C               
0000e544  ti_uia_runtime_IUIATransfer_Interface__BASE__C                  
0000e548  xdc_runtime_Assert_E_assertFailed__C                            
0000e54c  xdc_runtime_Core_A_initializedParams__C                         
0000e550  xdc_runtime_Core_Module__diagsEnabled__C                        
0000e554  xdc_runtime_Core_Module__diagsIncluded__C                       
0000e558  xdc_runtime_Core_Module__diagsMask__C                           
0000e55c  xdc_runtime_Error_E_memory__C                                   
0000e560  xdc_runtime_Error_policyFxn__C                                  
0000e564  xdc_runtime_Error_raiseHook__C                                  
0000e568  xdc_runtime_IFilterLogger_Interface__BASE__C                    
0000e56c  xdc_runtime_IGateProvider_Interface__BASE__C                    
0000e570  xdc_runtime_IHeap_Interface__BASE__C                            
0000e574  xdc_runtime_ILogger_Interface__BASE__C                          
0000e578  xdc_runtime_IModule_Interface__BASE__C                          
0000e57c  xdc_runtime_Memory_defaultHeapInstance__C                       
0000e580  xdc_runtime_Startup_execImpl__C                                 
0000e584  xdc_runtime_Startup_lastFxns__A                                 
0000e588  xdc_runtime_Startup_maxPasses__C                                
0000e58c  xdc_runtime_Startup_sfxnRts__C                                  
0000e590  xdc_runtime_Startup_sfxnTab__C                                  
0000e594  xdc_runtime_SysMin_bufSize__C                                   
0000e598  xdc_runtime_SysMin_outputFunc__C                                
0000e59c  xdc_runtime_System_Module__gateObj__C                           
0000e5a0  xdc_runtime_System_abortFxn__C                                  
0000e5a4  xdc_runtime_System_exitFxn__C                                   
0000e5a8  xdc_runtime_System_extendFxn__C                                 
0000e5ac  xdc_runtime_System_maxAtexitHandlers__C                         
0000e5b0  xdc_runtime_Text_charTab__C                                     
0000e5b4  xdc_runtime_Text_nameEmpty__C                                   
0000e5b8  xdc_runtime_Text_nameStatic__C                                  
0000e5bc  xdc_runtime_Text_nodeTab__C                                     
0000e5c0  xdc_runtime_Text_visitRopeFxn__C                                
0000e5c4  ti_sysbios_family_arm_m3_Hwi_Module__loggerDefined__C           
0000e5c6  ti_sysbios_gates_GateMutex_Module__id__C                        
0000e5c8  ti_sysbios_hal_Hwi_Module__id__C                                
0000e5ca  ti_sysbios_heaps_HeapMem_Module__id__C                          
0000e5cc  ti_sysbios_knl_Clock_Module__id__C                              
0000e5ce  ti_sysbios_knl_Clock_Module__loggerDefined__C                   
0000e5d0  ti_sysbios_knl_Semaphore_Module__id__C                          
0000e5d2  ti_sysbios_knl_Semaphore_Module__loggerDefined__C               
0000e5d4  ti_sysbios_knl_Swi_Module__id__C                                
0000e5d6  ti_sysbios_knl_Swi_Module__loggerDefined__C                     
0000e5d8  ti_sysbios_knl_Task_Module__id__C                               
0000e5da  ti_sysbios_knl_Task_Module__loggerDefined__C                    
0000e5dc  ti_sysbios_utils_Load_Module__id__C                             
0000e5de  ti_sysbios_utils_Load_Module__loggerDefined__C                  
0000e5e0  ti_sysbios_utils_Load_autoAddTasks__C                           
0000e5e2  ti_sysbios_utils_Load_updateInIdle__C                           
0000e5e4  ti_uia_loggers_LoggerStopMode_Module__id__C                     
0000e5e6  ti_uia_loggers_LoggerStopMode_isTimestampEnabled__C             
0000e5e8  xdc_runtime_Core_Module__id__C                                  
0000e5ea  xdc_runtime_Error_Module__loggerDefined__C                      
0000e5ec  xdc_runtime_Error_maxDepth__C                                   
0000e5ee  xdc_runtime_Memory_Module__id__C                                
0000e5f0  xdc_runtime_SysMin_flushAtExit__C                               
0000e5f2  xdc_runtime_Text_charCnt__C                                     
0000e5f4  xdc_runtime_Text_isLoaded__C                                    
0000e5f6  xdc_runtime_Text_registryModsLastId__C                          
0000e5f8  xdc_runtime_Text_unnamedModsLastId__C                           
0000e600  __TI_static_base__                                              
0000e92c  __TI_Handler_Table_Base                                         
0000e938  __TI_Handler_Table_Limit                                        
0000e940  __TI_CINIT_Base                                                 
0000e950  __TI_CINIT_Limit                                                
00020000  HEAPSIZE                                                        
20000000  __start___llvm_prf_cnts                                         
20000000  __stop___llvm_prf_cnts                                          
20000000  ti_sysbios_family_arm_m3_Hwi_ramVectors                         
20000360  __primary_heap_start__                                          
20020360  __primary_heap_end__                                            
20021b80  ti_uia_loggers_LoggerStopMode_Instance_State_1_packetArray__A   
20021f80  ti_uia_loggers_LoggerStopMode_Instance_State_2_packetArray__A   
20022380  ti_sysbios_family_arm_m3_Hwi_dispatchTable                      
200226e0  ti_sysbios_knl_Task_Instance_State_0_stack__A                   
20022900  ti_uia_loggers_LoggerStopMode_Instance_State_0_packetArray__A   
20022b00  xdc_runtime_SysMin_Module_State_0_outbuf__A                     
20022d00  __CIOBUF_                                                       
20022eb0  uartMSP432E4Objects                                             
20023070  pwmMSP432E4Objects                                              
20023080  ti_uia_loggers_LoggerStopMode_Instance_State_0_hdr__A           
200230f0  parmbuf                                                         
200230f8  ADCMSP432E4Objects                                              
200230fc  ti_sysbios_knl_Task_Instance_State_0_hookEnv__A                 
20023100  ti_uia_loggers_LoggerStopMode_Instance_State_1_hdr__A           
20023180  ti_uia_loggers_LoggerStopMode_Instance_State_2_hdr__A           
200231e8  PowerMSP432E4_module                                            
20023354  ti_uia_loggers_LoggerStopMode_Object__table__V                  
200233f0  ti_sysbios_utils_Load_Module__state__V                          
20023488  ti_sysbios_family_arm_lm4_Timer_Object__table__V                
20023508  ti_sysbios_knl_Swi_Module_State_0_readyQ__A                     
20023588  ti_sysbios_knl_Task_Module_State_0_readyQ__A                    
20023608  ti_sysbios_knl_Task_Object__table__V                            
20023658  ti_sysbios_knl_Task_Module__state__V                            
2002369c  ti_sysbios_family_arm_lm4_Timer_Module_State_0_device__A        
200236dc  ti_sysbios_gates_GateMutex_Object__table__V                     
20023748  ti_sysbios_family_arm_m3_Hwi_Module__state__V                   
2002377c  ti_sysbios_family_arm_m3_Hwi_Object__table__V                   
200237ac  ti_sysbios_knl_Swi_Object__table__V                             
200237dc  ti_sysbios_knl_Clock_Module__state__V                           
2002382c  ti_sysbios_BIOS_Module__state__V                                
20023850  ti_sysbios_family_arm_lm4_Timer_Module_State_0_handles__A       
20023870  xdc_runtime_Error_IgnoreBlock                                   
20023890  ti_sysbios_knl_Swi_Module__state__V                             
200238ac  ti_sysbios_utils_Load_Module_State_0_taskEnv__A                 
200238c8  ti_sysbios_heaps_HeapMem_Object__table__V                       
200238e0  ti_sysbios_family_arm_lm4_Timer_Module__state__V                
200238ec  ti_sysbios_knl_Task_Module__root__V                             
200238f8  ti_uia_runtime_QueueDescriptor_Module__state__V                 
20023904  xdc_runtime_SysMin_Module__state__V                             
20023910  _lock                                                           
20023914  _unlock                                                         
20023928  gpioCallbackFunctions                                           
20023930  gpioPinConfigs                                                  
20023938  ti_uia_runtime_QueueDescriptor_gPtrToFirstDescriptor            
2002393c  ti_uia_runtime_QueueDescriptor_gUpdateCount                     
20023940  ti_sysbios_family_arm_lm4_TimestampProvider_Module__state__V    
20023948  ti_sysbios_family_arm_m3_Hwi_Module__root__V                    
20023950  ti_sysbios_gates_GateHwi_Module__root__V                        
20023958  ti_sysbios_gates_GateMutex_Module__root__V                      
20023960  ti_sysbios_heaps_HeapMem_Module__root__V                        
20023968  ti_sysbios_knl_Clock_Module__root__V                            
20023970  ti_sysbios_knl_Queue_Module__root__V                            
20023978  ti_sysbios_knl_Semaphore_Module__root__V                        
20023980  ti_uia_loggers_LoggerStopMode_Module__root__V                   
20023988  xdc_runtime_Registry_Module__state__V                           
20023990  xdc_runtime_Startup_Module__state__V                            
20023998  xdc_runtime_System_Module_State_0_atexitHandlers__A             
200239a0  xdc_runtime_System_Module__state__V                             
200239ae  ti_sysbios_family_arm_m3_Hwi_Module_State_0_excActive__A        
200239b0  errno                                                           
200239b4  main_func_sp                                                    
200239b8  ti_sysbios_family_arm_m3_Hwi_Module_State_0_excContext__A       
200239bc  ti_sysbios_family_arm_m3_Hwi_Module_State_0_excStack__A         
200239c0  ti_sysbios_gates_GateHwi_Object__table__V                       
200239c4  ti_sysbios_knl_Task_Module_State_0_idleTask__A                  
200239c8  ti_sysbios_utils_Load_Module_State_0_runningTask__A             
200239cc  ti_sysbios_utils_Load_Module_State_0_taskStartTime__A           
200239d0  xdc_runtime_Memory_Module__state__V                             
200239d4  xdc_runtime_Error_Module__state__V                              
2003fc00  __stack                                                         
20040000  __STACK_END                                                     
e000e000  ti_sysbios_family_arm_m3_Hwi_nvic                               
ffffffff  __TI_pprof_out_hndl                                             
ffffffff  __TI_prof_data_size                                             
ffffffff  __TI_prof_data_start                                            
ffffffff  __binit__                                                       
ffffffff  __c_args__                                                      
ffffffff  binit                                                           
UNDEFED   SHT$$INIT_ARRAY$$Base                                           
UNDEFED   SHT$$INIT_ARRAY$$Limit                                          

[871 symbols]
