******************************************************************************
                  TI ARM Linker PC v20.2.7                     
******************************************************************************
>> Linked Sat Nov  8 00:10:18 2025

OUTPUT FILE NAME:   <mutex_MSP_EXP432E401Y_tirtos_ccs.out>
ENTRY POINT SYMBOL: "_c_int00"  address: 000063e5


MEMORY CONFIGURATION

         name            origin    length      used     unused   attr    fill
----------------------  --------  ---------  --------  --------  ----  --------
  FLASH                 00000000   00100000  0000b836  000f47ca  R  X
  SRAM                  20000000   00040000  00023130  0001ced0  RW X


SEGMENT ALLOCATION MAP

run origin  load origin   length   init length attrs members
----------  ----------- ---------- ----------- ----- -------
00000000    00000000    0000b840   0000b840    r-x
  00000000    00000000    0000003c   0000003c    r-- .resetVecs
  00000040    00000040    000091ea   000091ea    r-x .text
  0000922c    0000922c    00002340   00002340    r-- .const
  0000b570    0000b570    000002d0   000002d0    r-- .cinit
20000360    20000360    00020000   00000000    r--
  20000360    20000360    00020000   00000000    r-- .priheap
20020360    20020360    000029d0   00000000    rw-
  20020360    20020360    000023bc   00000000    rw- .bss
  2002271c    2002271c    00000614   00000000    rw- .data
2003fc00    2003fc00    00000400   00000000    rw-
  2003fc00    2003fc00    00000400   00000000    rw- .stack


SECTION ALLOCATION MAP

 output                                  attributes/
section   page    origin      length       input sections
--------  ----  ----------  ----------   ----------------
.text      0    00000040    000091ea     
                  00000040    00000a4e     rtsv7M4_T_le_v4SPD16_eabi.lib : _printfi.c.obj (.text:__TI_printfi)
                  00000a8e    00000002     ti_drivers_config.obj (.text:Board_initHook)
                  00000a90    00000430     sysbios.aem4f : BIOS.obj (.text:ti_sysbios_family_arm_m3_Hwi_excDumpRegs__I)
                  00000ec0    00000340     ti.targets.arm.rtsarm.aem4f : System.oem4f (.text:xdc_runtime_System_doPrint__I)
                  00001200    000002f0     drivers_msp432e4.aem4f : UARTMSP432E4.oem4f (.text:UARTMSP432E4_open)
                  000014f0    000002a0     sysbios.aem4f : BIOS.obj (.text:ti_sysbios_family_arm_msp432e4_init_Boot_sysCtlClockFreqSetI__I)
                  00001790    00000270     rtsv7M4_T_le_v4SPD16_eabi.lib : _printfi.c.obj (.text:_pconv_a)
                  00001a00    00000264     mutex.obj (.text:main)
                  00001c64    0000023a     msp432e4_driverlib.a : gpio.o (.text:GPIOPadConfigSet)
                  00001e9e    00000002     drivers_msp432e4.aem4f : PWMMSP432E4.oem4f (.text:PWMMSP432E4_init)
                  00001ea0    000001f4     sysbios.aem4f : BIOS.obj (.text:ti_sysbios_family_arm_m3_Hwi_excHandlerMax__I)
                  00002094    000001d0     rtsv7M4_T_le_v4SPD16_eabi.lib : _printfi.c.obj (.text:_pconv_g)
                  00002264    000001b6                                   : fd_add_t2.asm.obj (.text)
                  0000241a    00000002     drivers_msp432e4.aem4f : UARTMSP432E4.oem4f (.text:UARTMSP432E4_init)
                  0000241c    00000184                            : GPIOMSP432E4.oem4f (.text:GPIO_setConfig)
                  000025a0    0000017c     mutex.obj (.text:pwmTaskFxn)
                  0000271c    00000004     dpl_msp432e4.aem4f : ClockP_tirtos.oem4f (.text:ClockP_getCpuFreq)
                  00002720    00000174     sysbios.aem4f : BIOS.obj (.text:ti_sysbios_family_arm_m3_Hwi_excBusFault__I)
                  00002894    00000004     dpl_msp432e4.aem4f : ClockP_tirtos.oem4f (.text:ClockP_setTimeout)
                  00002898    00000164     sysbios.aem4f : BIOS.obj (.text:ti_sysbios_family_arm_m3_Hwi_excUsageFault__I)
                  000029fc    00000160     drivers_msp432e4.aem4f : PWMMSP432E4.oem4f (.text:PWMMSP432E4_setDutyAndPeriod)
                  00002b5c    00000150                            : PWMMSP432E4.oem4f (.text:initHw)
                  00002cac    00000004     dpl_msp432e4.aem4f : ClockP_tirtos.oem4f (.text:ClockP_start)
                  00002cb0    0000014c     sysbios.aem4f : BIOS.obj (.text:ti_sysbios_knl_Semaphore_pend__E)
                  00002dfc    00000004     dpl_msp432e4.aem4f : ClockP_tirtos.oem4f (.text:ClockP_stop)
                  00002e00    00000148     sysbios.aem4f : BIOS.obj (.text:ti_sysbios_family_arm_m3_Hwi_excMemFault__I)
                  00002f48    0000013c     rtsv7M4_T_le_v4SPD16_eabi.lib : _printfi.c.obj (.text:_pconv_e)
                  00003084    00000136                                   : fd_div_t2.asm.obj (.text)
                  000031ba    00000002                                   : _lock.c.obj (.text:_nop)
                  000031bc    00000124                                   : _printfi.c.obj (.text:fcvt)
                  000032e0    00000110                                   : s_scalbn.c.obj (.text:scalbn)
                  000033f0    0000010c     sysbios.aem4f : BIOS.obj (.text:ti_sysbios_family_arm_lm4_Timer_start__E)
                  000034fc    00000106     mutex_pem4f.oem4f (.text:xdc_runtime_System_printfExtend__I)
                  00003602    000000fc     rtsv7M4_T_le_v4SPD16_eabi.lib : fd_mul_t2.asm.obj (.text)
                  000036fe    00000002                                   : div0.asm.obj (.text)
                  00003700    000000fc     ti.targets.arm.rtsarm.aem4f : Startup.oem4f (.text:xdc_runtime_Startup_startMods__I)
                  000037fc    000000f0     sysbios.aem4f : m3_Hwi_asm.obj (.text:ti_sysbios_family_arm_m3_Hwi_dispatch__I)
                  000038ec    000000ee     msp432e4_driverlib.a : adc.o (.text:ADCSequenceStepConfigure)
                  000039da    00000002     mutex_pem4f.oem4f (.text:ti_sysbios_BIOS_nullFunc__I)
                  000039dc    000000e8     ti.targets.arm.rtsarm.aem4f : Core-mem.oem4f (.text:xdc_runtime_Core_createObject__I)
                  00003ac4    000000e8                                 : Error.oem4f (.text:xdc_runtime_Error_policyDefault__E)
                  00003bac    000000e4     drivers_msp432e4.aem4f : ADCMSP432E4.oem4f (.text:ADCMSP432E4_open)
                  00003c90    000000cc     ti.targets.arm.rtsarm.aem4f : Core-smem.oem4f (.text:xdc_runtime_Core_constructObject__I)
                  00003d5c    00000004     dpl_msp432e4.aem4f : HwiP_tirtos.oem4f (.text:HwiP_disable)
                  00003d60    000000c8     sysbios.aem4f : BIOS.obj (.text:ti_sysbios_heaps_HeapMem_alloc__E)
                  00003e28    000000be     drivers_msp432e4.aem4f : UARTMSP432E4.oem4f (.text:UARTMSP432E4_close)
                  00003ee6    00000002     --HOLE-- [fill = 0]
                  00003ee8    000000bc     sysbios.aem4f : BIOS.obj (.text:ti_sysbios_family_arm_m3_Hwi_excDebugMon__I)
                  00003fa4    00000004     dpl_msp432e4.aem4f : SemaphoreP_tirtos.oem4f (.text:SemaphoreP_post)
                  00003fa8    000000bc     sysbios.aem4f : BIOS.obj (.text:ti_sysbios_family_arm_m3_Hwi_excHardFault__I)
                  00004064    00000004     rtsv7M4_T_le_v4SPD16_eabi.lib : exit.c.obj (.text:abort:abort)
                  00004068    000000bc     sysbios.aem4f : BIOS.obj (.text:ti_sysbios_knl_Task_Instance_finalize__E)
                  00004124    000000b8     drivers_msp432e4.aem4f : ADCMSP432E4.oem4f (.text:ADCMSP432E4_convert)
                  000041dc    000000b6                            : UARTMSP432E4.oem4f (.text:readTaskCallback)
                  00004292    00000006                            : ADCMSP432E4.oem4f (.text:ADCMSP432E4_control)
                  00004298    000000b4     sysbios.aem4f : BIOS.obj (.text:ti_sysbios_knl_Task_Instance_init__E)
                  0000434c    00000004     mutex_pem4f.oem4f (.text:ti_sysbios_BIOS_RtsGateProxy_enter__E)
                  00004350    000000b4     sysbios.aem4f : BIOS.obj (.text:ti_sysbios_knl_Task_checkStacks__E)
                  00004404    000000b4     mutex.obj (.text:uartTaskFxn)
                  000044b8    000000b1     rtsv7M4_T_le_v4SPD16_eabi.lib : _printfi.c.obj (.text:_ltostr)
                  00004569    00000001     --HOLE-- [fill = 0]
                  0000456a    000000b0     drivers_msp432e4.aem4f : UARTMSP432E4.oem4f (.text:readTaskBlocking)
                  0000461a    00000006                            : PWMMSP432E4.oem4f (.text:PWMMSP432E4_control)
                  00004620    000000b0     sysbios.aem4f : BIOS.obj (.text:ti_sysbios_family_arm_lm4_Timer_enableTiva__I)
                  000046d0    000000ac     drivers_msp432e4.aem4f : GPIOMSP432E4.oem4f (.text:GPIO_init)
                  0000477c    00000004     mutex_pem4f.oem4f (.text:ti_sysbios_BIOS_RtsGateProxy_leave__E)
                  00004780    000000ac     sysbios.aem4f : BIOS.obj (.text:ti_sysbios_family_arm_m3_Hwi_Instance_init__E)
                  0000482c    000000a4     msp432e4_driverlib.a : gpio.o (.text:GPIOIntTypeSet)
                  000048d0    000000a2     ti.targets.arm.rtsarm.aem4f : Text.oem4f (.text:xdc_runtime_Text_putSite__E)
                  00004972    00000002     --HOLE-- [fill = 0]
                  00004974    000000a0     drivers_msp432e4.aem4f : PWMMSP432E4.oem4f (.text:PWMMSP432E4_setDuty)
                  00004a14    000000a0     auto_init.aem4f : auto_init.oem4f (.text)
                  00004ab4    0000009e     drivers_msp432e4.aem4f : UARTMSP432E4.oem4f (.text:UARTMSP432E4_readPolling)
                  00004b52    0000009c     rtsv7M4_T_le_v4SPD16_eabi.lib : memcpy_t2.asm.obj (.text)
                  00004bee    0000009a     drivers_msp432e4.aem4f : PWMMSP432E4.oem4f (.text:PWMMSP432E4_setPeriod)
                  00004c88    00000098                            : UARTMSP432E4.oem4f (.text:UARTMSP432E4_write)
                  00004d20    00000096     rtsv7M4_T_le_v4SPD16_eabi.lib : ull_div_t2.asm.obj (.text)
                  00004db6    00000002     --HOLE-- [fill = 0]
                  00004db8    00000094     drivers_msp432e4.aem4f : PWMMSP432E4.oem4f (.text:PWMMSP432E4_open)
                  00004e4c    00000094                            : UARTMSP432E4.oem4f (.text:readIsrTextBlocking)
                  00004ee0    00000094     sysbios.aem4f : BIOS.obj (.text:ti_sysbios_family_arm_m3_Hwi_initNVIC__E)
                  00004f74    00000004                   : BIOS.obj (.text:ti_sysbios_family_arm_lm4_Timer_masterEnable__I)
                  00004f78    00000094                   : BIOS.obj (.text:ti_sysbios_knl_Task_postInit__I)
                  0000500c    00000092     drivers_msp432e4.aem4f : PWMMSP432E4.oem4f (.text:PWMMSP432E4_close)
                  0000509e    00000090                            : UARTMSP432E4.oem4f (.text:UARTMSP432E4_control)
                  0000512e    00000002     --HOLE-- [fill = 0]
                  00005130    0000008c     sysbios.aem4f : m3_TaskSupport_asm.obj (.text:ti_sysbios_family_arm_m3_TaskSupport_buildTaskStack)
                  000051bc    00000088     drivers_msp432e4.aem4f : UARTMSP432E4.oem4f (.text:readIsrTextCallback)
                  00005244    00000086     rtsv7M4_T_le_v4SPD16_eabi.lib : fd_cmp_t2.asm.obj (.text:__aeabi_cdcmple)
                  000052ca    00000086                                   : fd_cmp_t2.asm.obj (.text:__aeabi_cdrcmple)
                  00005350    00000084     sysbios.aem4f : BIOS.obj (.text:ti_sysbios_family_arm_m3_Hwi_postInit__I)
                  000053d4    00000004     mutex_pem4f.oem4f (.text:ti_sysbios_family_arm_m3_Hwi_delete)
                  000053d8    00000084     sysbios.aem4f : BIOS.obj (.text:ti_sysbios_heaps_HeapMem_free__E)
                  0000545c    00000080     msp432e4_driverlib.a : interrupt.o (.text:IntEnable)
                  000054dc    00000004     mutex_pem4f.oem4f (.text:ti_sysbios_family_arm_m3_TaskSupport_Module__startupDone__S)
                  000054e0    00000080     sysbios.aem4f : BIOS.obj (.text:ti_sysbios_knl_Clock_workFunc__E)
                  00005560    0000007c     drivers_msp432e4.aem4f : UARTMSP432E4.oem4f (.text:writeData)
                  000055dc    0000007a     rtsv7M4_T_le_v4SPD16_eabi.lib : memset_t2.asm.obj (.text)
                  00005656    00000076     msp432e4_driverlib.a : uart.o (.text:UARTConfigSetExpClk)
                  000056cc    00000074     ti.targets.arm.rtsarm.aem4f : Error.oem4f (.text:xdc_runtime_Error_print__E)
                  00005740    00000074                                 : Text.oem4f (.text:xdc_runtime_Text_putMod__E)
                  000057b4    00000004     mutex_pem4f.oem4f (.text:ti_sysbios_heaps_HeapMem_Module_GateProxy_enter__E)
                  000057b8    00000070     sysbios.aem4f : BIOS.obj (.text:ti_sysbios_heaps_HeapMem_initPrimary__I)
                  00005828    00000070                   : BIOS.obj (.text:ti_sysbios_knl_Task_exit__E)
                  00005898    00000070     ti.targets.arm.rtsarm.aem4f : Memory.oem4f (.text:xdc_runtime_Memory_alloc__E)
                  00005908    0000006e     rtsv7M4_T_le_v4SPD16_eabi.lib : _printfi.c.obj (.text:_mcpy)
                  00005976    00000002     --HOLE-- [fill = 0]
                  00005978    0000006d     ti.targets.arm.rtsarm.aem4f : System.oem4f (.text:xdc_runtime_System_formatNum__I)
                  000059e5    00000003     --HOLE-- [fill = 0]
                  000059e8    0000006c     drivers_msp432e4.aem4f : PowerMSP432E4.oem4f (.text:Power_releaseDependency)
                  00005a54    00000004     mutex_pem4f.oem4f (.text:ti_sysbios_heaps_HeapMem_Module_GateProxy_leave__E)
                  00005a58    0000006c     sysbios.aem4f : BIOS.obj (.text:ti_sysbios_knl_Swi_restoreHwi__E)
                  00005ac4    00000068     drivers_msp432e4.aem4f : GPIOMSP432E4.oem4f (.text:GPIO_hwiIntFxn)
                  00005b2c    00000068                            : PowerMSP432E4.oem4f (.text:Power_setDependency)
                  00005b94    00000068     rtsv7M4_T_le_v4SPD16_eabi.lib : copy_decompress_lzss.c.obj (.text:decompress:lzss:__TI_decompress_lzss)
                  00005bfc    00000068     drivers_msp432e4.aem4f : UARTMSP432E4.oem4f (.text:readIsrBinaryBlocking)
                  00005c64    00000066     ti.targets.arm.rtsarm.aem4f : Core-mem.oem4f (.text:xdc_runtime_Core_deleteObject__I)
                  00005cca    00000002     --HOLE-- [fill = 0]
                  00005ccc    00000064     drivers_msp432e4.aem4f : PowerMSP432E4.oem4f (.text:Power_init)
                  00005d30    00000064     rtsv7M4_T_le_v4SPD16_eabi.lib : s_frexp.c.obj (.text:frexp)
                  00005d94    00000064     drivers_msp432e4.aem4f : UARTMSP432E4.oem4f (.text:readIsrBinaryCallback)
                  00005df8    00000064     sysbios.aem4f : BIOS.obj (.text:ti_sysbios_family_arm_lm4_Timer_Module_startup__E)
                  00005e5c    00000004     mutex_pem4f.oem4f (.text:ti_sysbios_knl_Clock_TimerProxy_getMaxTicks__E)
                  00005e60    00000064     sysbios.aem4f : BIOS.obj (.text:ti_sysbios_family_arm_m3_Hwi_dispatchC__I)
                  00005ec4    00000060     drivers_msp432e4.aem4f : ADCMSP432E4.oem4f (.text:ADCMSP432E4_close)
                  00005f24    00000004     mutex_pem4f.oem4f (.text:ti_sysbios_knl_Clock_delete)
                  00005f28    00000060     sysbios.aem4f : BIOS.obj (.text:ti_sysbios_knl_Semaphore_post__E)
                  00005f88    00000060                   : BIOS.obj (.text:ti_sysbios_knl_Swi_run__I)
                  00005fe8    00000060                   : BIOS.obj (.text:ti_sysbios_knl_Task_schedule__I)
                  00006048    0000005f     ti.targets.arm.rtsarm.aem4f : Text.oem4f (.text:xdc_runtime_Text_putLab__E)
                  000060a7    00000001     --HOLE-- [fill = 0]
                  000060a8    0000005c     msp432e4_driverlib.a : gpio.o (.text:GPIODirModeSet)
                  00006104    0000005c     mutex.obj (.text:adcTaskFxn)
                  00006160    0000005c     drivers_msp432e4.aem4f : UARTMSP432E4.oem4f (.text:getPowerResourceId)
                  000061bc    00000004     mutex_pem4f.oem4f (.text:ti_sysbios_knl_Semaphore_delete)
                  000061c0    0000005c     sysbios.aem4f : BIOS.obj (.text:ti_sysbios_knl_Swi_schedule__I)
                  0000621c    00000004     ti.targets.arm.rtsarm.aem4f : Error.oem4f (.text:xdc_runtime_Error_getSite__E)
                  00006220    0000005c     sysbios.aem4f : BIOS.obj (.text:ti_sysbios_knl_Task_Module_startup__E)
                  0000627c    00000004     mutex_pem4f.oem4f (.text:xdc_runtime_System_Module_GateProxy_enter__E)
                  00006280    0000005c     sysbios.aem4f : BIOS.obj (.text:ti_sysbios_knl_Task_startCore__E)
                  000062dc    00000058     msp432e4_driverlib.a : adc.o (.text:ADCIntStatus)
                  00006334    00000058     drivers_msp432e4.aem4f : GPIOMSP432E4.oem4f (.text:GPIO_setCallback)
                  0000638c    00000058     rtsv7M4_T_le_v4SPD16_eabi.lib : hostwrite.c.obj (.text:HOSTwrite)
                  000063e4    00000058     boot.aem4f : boot.oem4f (.text)
                  0000643c    00000058     sysbios.aem4f : m3_Hwi_asm_switch.obj (.text:ti_sysbios_family_arm_m3_Hwi_initStacks__E)
                  00006494    00000056     drivers_msp432e4.aem4f : PWMMSP432E4.oem4f (.text:PWMMSP432E4_stop)
                  000064ea    00000056     rtsv7M4_T_le_v4SPD16_eabi.lib : _printfi.c.obj (.text:_pconv_f)
                  00006540    00000054     drivers_msp432e4.aem4f : ADCMSP432E4.oem4f (.text:ADCMSP432E4_init)
                  00006594    00000054     rtsv7M4_T_le_v4SPD16_eabi.lib : _ltoa.c.obj (.text:__TI_ltoa)
                  000065e8    00000054     sysbios.aem4f : BIOS.obj (.text:ti_sysbios_family_arm_lm4_Timer_initDevice__I)
                  0000663c    00000054     mutex_pem4f.oem4f (.text:ti_sysbios_family_arm_m3_Hwi_create)
                  00006690    00000052     rtsv7M4_T_le_v4SPD16_eabi.lib : _printfi.c.obj (.text:_ecpy)
                  000066e2    00000002     --HOLE-- [fill = 0]
                  000066e4    00000050     drivers_msp432e4.aem4f : ADCMSP432E4.oem4f (.text:ADCMSP432E4_getPowerResourceId)
                  00006734    00000050     msp432e4_driverlib.a : adc.o (.text:ADCSequenceConfigure)
                  00006784    00000050     drivers_msp432e4.aem4f : GPIOMSP432E4.oem4f (.text:GPIO_toggle)
                  000067d4    00000050                            : UARTMSP432E4.oem4f (.text:UARTMSP432E4_hwiIntFxn)
                  00006824    00000004     mutex_pem4f.oem4f (.text:xdc_runtime_System_Module_GateProxy_leave__E)
                  00006828    00000050     sysbios.aem4f : BIOS.obj (.text:ti_sysbios_family_arm_m3_Hwi_Module_startup__E)
                  00006878    00000050                   : BIOS.obj (.text:ti_sysbios_knl_Clock_Instance_init__E)
                  000068c8    00000050     ti.targets.arm.rtsarm.aem4f : Startup.oem4f (.text:xdc_runtime_Startup_exec__E)
                  00006918    00000050                                 : Text.oem4f (.text:xdc_runtime_Text_visitRope2__I)
                  00006968    0000004c     drivers_msp432e4.aem4f : UARTMSP432E4.oem4f (.text:UARTMSP432E4_writePolling)
                  000069b4    0000004c     rtsv7M4_T_le_v4SPD16_eabi.lib : atoi.c.obj (.text:atoi)
                  00006a00    0000004c                                   : cpy_tbl.c.obj (.text:copy_in)
                  00006a4c    0000004c     drivers_msp432e4.aem4f : PWMMSP432E4.oem4f (.text:getDutyTicks)
                  00006a98    0000004c                            : PWMMSP432E4.oem4f (.text:getPeriodTicks)
                  00006ae4    0000004c                            : UARTMSP432E4.oem4f (.text:ringBufGet)
                  00006b30    0000004c     rtsv7M4_T_le_v4SPD16_eabi.lib : snprintf.c.obj (.text:snprintf)
                  00006b7c    00000004     ti.targets.arm.rtsarm.aem4f : System.oem4f (.text:xdc_runtime_System_aprintf_va__F)
                  00006b80    0000004c     sysbios.aem4f : BIOS.obj (.text:ti_sysbios_heaps_HeapMem_getStats__E)
                  00006bcc    00000004     ti.targets.arm.rtsarm.aem4f : System.oem4f (.text:xdc_runtime_System_printf_va__F)
                  00006bd0    0000004c     sysbios.aem4f : BIOS.obj (.text:ti_sysbios_knl_Swi_runLoop__I)
                  00006c1c    00000004     --HOLE-- [fill = 0]
                  00006c20    0000004c                   : BIOS.obj (.text:ti_sysbios_knl_Task_allBlockedFunction__I)
                  00006c6c    0000004c     mutex_pem4f.oem4f (.text:ti_sysbios_knl_Task_construct)
                  00006cb8    0000004c     ti.targets.arm.rtsarm.aem4f : Assert.oem4f (.text:xdc_runtime_Assert_raise__I)
                  00006d04    0000004a     msp432e4_driverlib.a : pwm.o (.text:PWMGenConfigure)
                  00006d4e    0000004a                          : pwm.o (.text:PWMPulseWidthSet)
                  00006d98    00000048     drivers_msp432e4.aem4f : UARTMSP432E4.oem4f (.text:UARTMSP432E4_writeCancel)
                  00006de0    00000048     rtsv7M4_T_le_v4SPD16_eabi.lib : fd_toi_t2.asm.obj (.text)
                  00006e28    00000048     sysbios.aem4f : BIOS.obj (.text:ti_sysbios_family_arm_lm4_Timer_enableTimers__I)
                  00006e70    00000048                   : BIOS.obj (.text:ti_sysbios_family_arm_m3_Hwi_disableInterrupt__E)
                  00006eb8    00000048                   : BIOS.obj (.text:ti_sysbios_family_arm_m3_Hwi_enableInterrupt__E)
                  00006f00    00000048                   : BIOS.obj (.text:ti_sysbios_family_arm_m3_Hwi_excReserved__I)
                  00006f48    00000048     ti.targets.arm.rtsarm.aem4f : Core-params.oem4f (.text:xdc_runtime_Core_assignParams__I)
                  00006f90    00000046     drivers_msp432e4.aem4f : RingBuf.oem4f (.text:RingBuf_put)
                  00006fd6    00000002     --HOLE-- [fill = 0]
                  00006fd8    00000044                            : ADC.oem4f (.text:ADC_init)
                  0000701c    00000044     msp432e4_driverlib.a : gpio.o (.text:GPIOPinConfigure)
                  00007060    00000044     drivers_msp432e4.aem4f : PWM.oem4f (.text:PWM_init)
                  000070a4    00000044     msp432e4_driverlib.a : sysctl.o (.text:SysCtlPeripheralPresent)
                  000070e8    00000044                          : sysctl.o (.text:SysCtlPeripheralReady)
                  0000712c    00000044     drivers_msp432e4.aem4f : UART.oem4f (.text:UART_init)
                  00007170    00000044     sysbios.aem4f : BIOS.obj (.text:ti_sysbios_family_arm_lm4_Timer_isrStub__E)
                  000071b4    00000004     --HOLE-- [fill = 0]
                  000071b8    00000044                   : BIOS.obj (.text:ti_sysbios_family_arm_m3_Hwi_getStackInfo__E)
                  000071fc    00000004     --HOLE-- [fill = 0]
                  00007200    00000044                   : BIOS.obj (.text:ti_sysbios_knl_Swi_post__E)
                  00007244    00000044     ti.targets.arm.rtsarm.aem4f : Error.oem4f (.text:xdc_runtime_Error_setX__E)
                  00007288    00000044                                 : SysMin.oem4f (.text:xdc_runtime_SysMin_flush__E)
                  000072cc    00000044                                 : Text.oem4f (.text:xdc_runtime_Text_xprintf__I)
                  00007310    00000042     msp432e4_driverlib.a : adc.o (.text:ADCSequenceDataGet)
                  00007352    00000042     drivers_msp432e4.aem4f : PWMMSP432E4.oem4f (.text:PWMMSP432E4_start)
                  00007394    00000040                            : ADC.oem4f (.text:ADC_open)
                  000073d4    00000040     dpl_msp432e4.aem4f : ClockP_tirtos.oem4f (.text:ClockP_create)
                  00007414    00000040                        : HwiP_tirtos.oem4f (.text:HwiP_create)
                  00007454    00000040     drivers_msp432e4.aem4f : PWM.oem4f (.text:PWM_open)
                  00007494    00000040                            : RingBuf.oem4f (.text:RingBuf_get)
                  000074d4    00000040     msp432e4_driverlib.a : sysctl.o (.text:SysCtlPeripheralDisable)
                  00007514    00000040                          : sysctl.o (.text:SysCtlPeripheralEnable)
                  00007554    00000040                          : sysctl.o (.text:SysCtlPeripheralPowerOff)
                  00007594    00000040                          : sysctl.o (.text:SysCtlPeripheralPowerOn)
                  000075d4    00000040                          : sysctl.o (.text:SysCtlPeripheralSleepDisable)
                  00007614    00000040                          : sysctl.o (.text:SysCtlPeripheralSleepEnable)
                  00007654    00000040     drivers_msp432e4.aem4f : UARTMSP432E4.oem4f (.text:UARTMSP432E4_read)
                  00007694    00000040                            : UART.oem4f (.text:UART_open)
                  000076d4    00000040     rtsv7M4_T_le_v4SPD16_eabi.lib : u_divt2.asm.obj (.text)
                  00007714    00000004     --HOLE-- [fill = 0]
                  00007718    00000040     sysbios.aem4f : BIOS.obj (.text:ti_sysbios_family_arm_lm4_Timer_startup__E)
                  00007758    00000040                   : BIOS.obj (.text:ti_sysbios_heaps_HeapMem_Instance_init__E)
                  00007798    0000003e     rtsv7M4_T_le_v4SPD16_eabi.lib : _printfi.c.obj (.text:_fcpy)
                  000077d6    00000002     --HOLE-- [fill = 0]
                  000077d8    0000003c     sysbios.aem4f : BIOS.obj (.text:ti_sysbios_family_arm_m3_Hwi_Instance_finalize__E)
                  00007814    00000004     --HOLE-- [fill = 0]
                  00007818    0000003c                   : BIOS.obj (.text:ti_sysbios_family_arm_m3_Hwi_excSvCall__I)
                  00007854    0000003c     mutex_pem4f.oem4f (.text:ti_sysbios_knl_Clock_create)
                  00007890    0000003c     sysbios.aem4f : BIOS.obj (.text:ti_sysbios_knl_Swi_restore__E)
                  000078cc    00000038     rtsv7M4_T_le_v4SPD16_eabi.lib : trgmsg.c.obj (.text:__TI_writemsg)
                  00007904    00000004     --HOLE-- [fill = 0]
                  00007908    00000038     sysbios.aem4f : BIOS.obj (.text:ti_sysbios_family_arm_m3_Hwi_excNoIsr__I)
                  00007940    00000038                   : BIOS.obj (.text:ti_sysbios_knl_Task_processVitalTaskFlag__I)
                  00007978    00000038     ti.targets.arm.rtsarm.aem4f : System.oem4f (.text:xdc_runtime_System_atexit__E)
                  000079b0    00000036     drivers_msp432e4.aem4f : UARTMSP432E4.oem4f (.text:UARTMSP432E4_readCancel)
                  000079e6    00000002     --HOLE-- [fill = 0]
                  000079e8    00000034     rtsv7M4_T_le_v4SPD16_eabi.lib : trgmsg.c.obj (.text:__TI_readmsg)
                  00007a1c    00000004     --HOLE-- [fill = 0]
                  00007a20    00000034     sysbios.aem4f : BIOS.obj (.text:ti_sysbios_family_arm_m3_Hwi_excNmi__I)
                  00007a54    00000004     --HOLE-- [fill = 0]
                  00007a58    00000034                   : BIOS.obj (.text:ti_sysbios_hal_Hwi_checkStack)
                  00007a8c    00000034     mutex_pem4f.oem4f (.text:ti_sysbios_knl_Semaphore_create)
                  00007ac0    00000034     mutex_pem4f.oem4f (.text:xdc_runtime_Error_policyLog__I)
                  00007af4    00000034     ti.targets.arm.rtsarm.aem4f : SysMin.oem4f (.text:xdc_runtime_SysMin_abort__E)
                  00007b28    00000034                                 : SysMin.oem4f (.text:xdc_runtime_SysMin_putch__E)
                  00007b5c    00000032     msp432e4_driverlib.a : pwm.o (.text:PWMOutputInvert)
                  00007b8e    00000032                          : pwm.o (.text:PWMOutputState)
                  00007bc0    00000032     sysbios.aem4f : BIOS.obj (.text:ti_sysbios_hal_Hwi_initStack)
                  00007bf2    00000002     --HOLE-- [fill = 0]
                  00007bf4    00000030     ti_drivers_config.obj (.text:Board_init)
                  00007c24    00000030     drivers_msp432e4.aem4f : GPIOMSP432E4.oem4f (.text:GPIOMSP432E4_undoPinConfig)
                  00007c54    00000030                            : GPIOMSP432E4.oem4f (.text:GPIO_disableInt)
                  00007c84    00000030                            : GPIOMSP432E4.oem4f (.text:GPIO_enableInt)
                  00007cb4    00000030     msp432e4_driverlib.a : pwm.o (.text:PWMGenPeriodSet)
                  00007ce4    00000030                          : uart.o (.text:UARTDisable)
                  00007d14    00000030     rtsv7M4_T_le_v4SPD16_eabi.lib : snprintf.c.obj (.text:_outs)
                  00007d44    00000030     mutex_pem4f.oem4f (.text:ti_sysbios_BIOS_atExitFunc__I)
                  00007d74    00000030     mutex_pem4f.oem4f (.text:ti_sysbios_BIOS_startFunc__I)
                  00007da4    00000004     --HOLE-- [fill = 0]
                  00007da8    00000030     sysbios.aem4f : BIOS.obj (.text:ti_sysbios_family_arm_lm4_Timer_stop__E)
                  00007dd8    00000030                   : BIOS.obj (.text:ti_sysbios_family_arm_m3_TaskSupport_start__E)
                  00007e08    00000030     mutex_pem4f.oem4f (.text:ti_sysbios_gates_GateHwi_Object__create__S)
                  00007e38    00000030     mutex_pem4f.oem4f (.text:ti_sysbios_gates_GateMutex_Object__create__S)
                  00007e68    00000030     sysbios.aem4f : BIOS.obj (.text:ti_sysbios_gates_GateMutex_enter__E)
                  00007e98    00000030     mutex_pem4f.oem4f (.text:ti_sysbios_heaps_HeapMem_Object__create__S)
                  00007ec8    00000030     mutex_pem4f.oem4f (.text:ti_sysbios_knl_Clock_construct)
                  00007ef8    00000030     mutex_pem4f.oem4f (.text:ti_sysbios_knl_Semaphore_construct)
                  00007f28    00000030     sysbios.aem4f : BIOS.obj (.text:ti_sysbios_knl_Semaphore_pendTimeout__I)
                  00007f58    00000030                   : BIOS.obj (.text:ti_sysbios_knl_Task_restore__E)
                  00007f88    00000030                   : BIOS.obj (.text:ti_sysbios_knl_Task_unblockI__E)
                  00007fb8    00000030     ti.targets.arm.rtsarm.aem4f : System.oem4f (.text:xdc_runtime_System_processAtExit__E)
                  00007fe8    0000002f                                 : Text.oem4f (.text:xdc_runtime_Text_printVisFxn__I)
                  00008017    00000001     --HOLE-- [fill = 0]
                  00008018    0000002e     rtsv7M4_T_le_v4SPD16_eabi.lib : i_tofd_t2.asm.obj (.text)
                  00008046    00000002     --HOLE-- [fill = 0]
                  00008048    0000002c     dpl_msp432e4.aem4f : SemaphoreP_tirtos.oem4f (.text:SemaphoreP_createBinary)
                  00008074    0000002c     msp432e4_driverlib.a : sysctl.o (.text:SysCtlPeripheralClockGating)
                  000080a0    0000002c     mutex_pem4f.oem4f (.text:ti_sysbios_family_arm_m3_Hwi_Handle__label__S)
                  000080cc    0000002c     mutex_pem4f.oem4f (.text:ti_sysbios_gates_GateHwi_Handle__label__S)
                  000080f8    0000002c     mutex_pem4f.oem4f (.text:ti_sysbios_gates_GateMutex_Handle__label__S)
                  00008124    0000002c     mutex_pem4f.oem4f (.text:ti_sysbios_heaps_HeapMem_Handle__label__S)
                  00008150    0000002c     mutex_pem4f.oem4f (.text:ti_sysbios_knl_Clock_doTick__I)
                  0000817c    0000002c     mutex_pem4f.oem4f (.text:ti_sysbios_knl_Queue_construct)
                  000081a8    0000002c     mutex_pem4f.oem4f (.text:ti_sysbios_knl_Swi_Handle__label__S)
                  000081d4    0000002c     mutex_pem4f.oem4f (.text:ti_sysbios_knl_Task_Handle__label__S)
                  00008200    0000002c     ti.targets.arm.rtsarm.aem4f : System.oem4f (.text:xdc_runtime_System_putchar__I)
                  0000822c    00000028     msp432e4_driverlib.a : adc.o (.text:ADCProcessorTrigger)
                  00008254    00000028     mutex.obj (.text:SwitchHwiFxn)
                  0000827c    00000028     sysbios.aem4f : m3_Hwi_asm.obj (.text:ti_sysbios_family_arm_m3_Hwi_excHandlerAsm__I)
                  000082a4    00000004     --HOLE-- [fill = 0]
                  000082a8    00000028                   : BIOS.obj (.text:ti_sysbios_knl_Swi_Module_startup__E)
                  000082d0    00000028     ti.targets.arm.rtsarm.aem4f : System.oem4f (.text:xdc_runtime_System_avprintf__E)
                  000082f8    00000026     sysbios.aem4f : m3_Hwi_asm.obj (.text:ti_sysbios_family_arm_m3_Hwi_pendSV__I)
                  0000831e    00000026     ti.targets.arm.rtsarm.aem4f : System.oem4f (.text:xdc_runtime_System_vprintf__E)
                  00008344    00000024     msp432e4_driverlib.a : gpio.o (.text:GPIOPinTypeADC)
                  00008368    00000024                          : gpio.o (.text:GPIOPinTypeGPIOOutput)
                  0000838c    00000024                          : gpio.o (.text:GPIOPinTypePWM)
                  000083b0    00000024                          : gpio.o (.text:GPIOPinTypeUART)
                  000083d4    00000024                          : pwm.o (.text:PWMClockSet)
                  000083f8    00000024                          : uart.o (.text:UARTCharPutNonBlocking)
                  0000841c    00000024                          : uart.o (.text:UARTEnable)
                  00008440    00000024     mutex_pem4f.oem4f (.text:ti_sysbios_BIOS_errorRaiseHook__I)
                  00008464    00000024     mutex_pem4f.oem4f (.text:ti_sysbios_BIOS_registerRTSLock__I)
                  00008488    00000024     mutex_pem4f.oem4f (.text:ti_sysbios_BIOS_removeRTSLock__I)
                  000084ac    00000024     mutex_pem4f.oem4f (.text:ti_sysbios_gates_GateMutex_Object__delete__S)
                  000084d0    00000024     sysbios.aem4f : BIOS.obj (.text:ti_sysbios_knl_Clock_Module_startup__E)
                  000084f4    00000024     mutex_pem4f.oem4f (.text:ti_sysbios_knl_Clock_Object__delete__S)
                  00008518    00000024     sysbios.aem4f : BIOS.obj (.text:ti_sysbios_knl_Clock_start__E)
                  0000853c    00000004     --HOLE-- [fill = 0]
                  00008540    00000024                   : BIOS.obj (.text:ti_sysbios_knl_Semaphore_Instance_init__E)
                  00008564    00000024     mutex_pem4f.oem4f (.text:ti_sysbios_knl_Semaphore_Object__delete__S)
                  00008588    00000024     sysbios.aem4f : BIOS.obj (.text:ti_sysbios_knl_Task_restoreHwi__E)
                  000085ac    00000022     msp432e4_driverlib.a : gpio.o (.text:GPIOIntStatus)
                  000085ce    00000002     --HOLE-- [fill = 0]
                  000085d0    00000022     sysbios.aem4f : BIOS.obj (.text:ti_sysbios_family_arm_lm4_Timer_write__I)
                  000085f2    00000022     mutex_pem4f.oem4f (.text:xdc_runtime_SysMin_output__I)
                  00008614    00000020     msp432e4_driverlib.a : gpio.o (.text:GPIOPinWrite)
                  00008634    00000020     drivers_msp432e4.aem4f : RingBuf.oem4f (.text:RingBuf_peek)
                  00008654    00000020                            : GPIOMSP432E4.oem4f (.text:getGpioIntIndex)
                  00008674    00000020     mutex_pem4f.oem4f (.text:ti_sysbios_BIOS_rtsLock__I)
                  00008694    00000020     mutex_pem4f.oem4f (.text:ti_sysbios_family_arm_m3_Hwi_Object__delete__S)
                  000086b4    00000020     mutex_pem4f.oem4f (.text:ti_sysbios_gates_GateHwi_Object__delete__S)
                  000086d4    00000020     mutex_pem4f.oem4f (.text:ti_sysbios_heaps_HeapMem_Object__delete__S)
                  000086f4    00000004     --HOLE-- [fill = 0]
                  000086f8    00000020     sysbios.aem4f : BIOS.obj (.text:ti_sysbios_knl_Idle_run__E)
                  00008718    00000020     mutex_pem4f.oem4f (.text:ti_sysbios_knl_Semaphore_destruct)
                  00008738    00000020     ti.targets.arm.rtsarm.aem4f : SysMin.oem4f (.text:xdc_runtime_SysMin_Module_startup__E)
                  00008758    0000001e     msp432e4_driverlib.a : uart.o (.text:UARTBusy)
                  00008776    0000001e                          : uart.o (.text:UARTCharPut)
                  00008794    0000001e                          : uart.o (.text:UARTCharsAvail)
                  000087b2    0000001e                          : uart.o (.text:UARTIntStatus)
                  000087d0    0000001e     drivers_msp432e4.aem4f : PWMMSP432E4.oem4f (.text:checkValidPeriod)
                  000087ee    0000001e     sysbios.aem4f : m3_Hwi_asm_switch.obj (.text:ti_sysbios_family_xxx_Hwi_switchAndRunFunc)
                  0000880c    0000001c     drivers_msp432e4.aem4f : ADCMSP432E4.oem4f (.text:ADCMSP432E4_convertToMicroVolts)
                  00008828    0000001c     msp432e4_driverlib.a : uart.o (.text:UARTCharGetNonBlocking)
                  00008844    0000001c                          : uart.o (.text:UARTFlowControlSet)
                  00008860    0000001c                          : uart.o (.text:UARTTxIntModeSet)
                  0000887c    0000001c     rtsv7M4_T_le_v4SPD16_eabi.lib : memccpy.c.obj (.text:memccpy)
                  00008898    0000001c     sysbios.aem4f : BIOS.obj (.text:ti_sysbios_family_arm_m3_Hwi_excHandler__I)
                  000088b4    00000004     --HOLE-- [fill = 0]
                  000088b8    0000001c                   : BIOS.obj (.text:ti_sysbios_gates_GateMutex_Instance_init__E)
                  000088d4    00000004     --HOLE-- [fill = 0]
                  000088d8    0000001c                   : BIOS.obj (.text:ti_sysbios_knl_Clock_Instance_finalize__E)
                  000088f4    0000001c     mutex_pem4f.oem4f (.text:ti_sysbios_knl_Queue_destruct)
                  00008910    0000001c     sysbios.aem4f : BIOS.obj (.text:ti_sysbios_knl_Queue_put__E)
                  0000892c    00000004     --HOLE-- [fill = 0]
                  00008930    0000001c                   : BIOS.obj (.text:ti_sysbios_knl_Task_enter__I)
                  0000894c    0000001c     ti.targets.arm.rtsarm.aem4f : Error.oem4f (.text:xdc_runtime_Error_check__E)
                  00008968    0000001c                                 : Error.oem4f (.text:xdc_runtime_Error_raiseX__E)
                  00008984    0000001c                                 : Memory.oem4f (.text:xdc_runtime_Memory_valloc__E)
                  000089a0    0000001c                                 : Registry.oem4f (.text:xdc_runtime_Registry_findById__E)
                  000089bc    0000001c                                 : SysMin.oem4f (.text:xdc_runtime_SysMin_exit__E)
                  000089d8    0000001c                                 : System.oem4f (.text:xdc_runtime_System_abort__E)
                  000089f4    0000001c                                 : Text.oem4f (.text:xdc_runtime_Text_ropeText__E)
                  00008a10    0000001a     msp432e4_driverlib.a : adc.o (.text:ADCSequenceDisable)
                  00008a2a    0000001a                          : adc.o (.text:ADCSequenceEnable)
                  00008a44    0000001a                          : gpio.o (.text:GPIOIntDisable)
                  00008a5e    0000001a                          : gpio.o (.text:GPIOIntEnable)
                  00008a78    0000001a                          : pwm.o (.text:PWMGenDisable)
                  00008a92    0000001a                          : pwm.o (.text:PWMGenEnable)
                  00008aac    0000001a     rtsv7M4_T_le_v4SPD16_eabi.lib : s_copysign.c.obj (.text:copysign)
                  00008ac6    0000001a     mutex_pem4f.oem4f (.text:xdc_runtime_System_aprintf__E)
                  00008ae0    0000001a     mutex_pem4f.oem4f (.text:xdc_runtime_System_printf__E)
                  00008afa    00000018     msp432e4_driverlib.a : adc.o (.text:ADCIntDisableEx)
                  00008b12    00000018                          : gpio.o (.text:GPIOPinRead)
                  00008b2a    00000002     --HOLE-- [fill = 0]
                  00008b2c    00000018     drivers_msp432e4.aem4f : PowerMSP432E4.oem4f (.text:Power_idleFunc)
                  00008b44    00000018     msp432e4_driverlib.a : uart.o (.text:UARTFIFOLevelSet)
                  00008b5c    00000018                          : uart.o (.text:UARTIntDisable)
                  00008b74    00000018                          : uart.o (.text:UARTIntEnable)
                  00008b8c    00000018     drivers_msp432e4.aem4f : UART.oem4f (.text:UART_Params_init)
                  00008ba4    00000018     rtsv7M4_T_le_v4SPD16_eabi.lib : args_main.c.obj (.text:_args_main)
                  00008bbc    00000018                                   : snprintf.c.obj (.text:_outc)
                  00008bd4    00000018     mutex.obj (.text:adcClockFxn)
                  00008bec    00000018     drivers_msp432e4.aem4f : PWMMSP432E4.oem4f (.text:checkValidDuty)
                  00008c04    00000018     mutex.obj (.text:pwmClockFxn)
                  00008c1c    00000018     mutex_pem4f.oem4f (.text:ti_sysbios_BIOS_rtsUnlock__I)
                  00008c34    00000018     mutex_pem4f.oem4f (.text:ti_sysbios_family_arm_lm4_Timer_Module__startupDone__F)
                  00008c4c    00000018     mutex_pem4f.oem4f (.text:ti_sysbios_family_arm_m3_Hwi_Module__startupDone__F)
                  00008c64    00000018     sysbios.aem4f : m3_TaskSupport_asm.obj (.text:ti_sysbios_family_arm_m3_TaskSupport_swap__E)
                  00008c7c    00000004     --HOLE-- [fill = 0]
                  00008c80    00000018                   : BIOS.obj (.text:ti_sysbios_gates_GateMutex_leave__E)
                  00008c98    00000018     mutex.obj (.text:uartClockFxn)
                  00008cb0    00000018     ti.targets.arm.rtsarm.aem4f : Error.oem4f (.text:xdc_runtime_Error_init__E)
                  00008cc8    00000018                                 : System.oem4f (.text:xdc_runtime_System_exit__E)
                  00008ce0    00000016     msp432e4_driverlib.a : adc.o (.text:ADCIntClear)
                  00008cf6    00000016                          : uart.o (.text:UARTCharGet)
                  00008d0c    00000016     rtsv7M4_T_le_v4SPD16_eabi.lib : strchr.c.obj (.text:strchr)
                  00008d22    00000016     mutex_pem4f.oem4f (.text:ti_sysbios_BIOS_exitFunc__I)
                  00008d38    00000016     mutex.obj (.text:ti_sysbios_knl_Clock_Params_init)
                  00008d4e    00000016     mutex.obj (.text:ti_sysbios_knl_Semaphore_Params_init)
                  00008d64    00000016     mutex.obj (.text:ti_sysbios_knl_Task_Params_init)
                  00008d7a    00000014     msp432e4_driverlib.a : gpio.o (.text:GPIOIntClear)
                  00008d8e    00000002     --HOLE-- [fill = 0]
                  00008d90    00000014     drivers_msp432e4.aem4f : GPIOMSP432E4.oem4f (.text:GPIOMSP432E4_getGpioBaseAddr)
                  00008da4    00000014                            : GPIOMSP432E4.oem4f (.text:GPIOMSP432E4_getPowerResourceId)
                  00008db8    00000014                            : PWM.oem4f (.text:PWM_Params_init)
                  00008dcc    00000014     rtsv7M4_T_le_v4SPD16_eabi.lib : strlen.c.obj (.text:strlen)
                  00008de0    00000014     mutex_pem4f.oem4f (.text:ti_sysbios_family_arm_m3_Hwi_Object__get__S)
                  00008df4    00000004     --HOLE-- [fill = 0]
                  00008df8    00000014     sysbios.aem4f : BIOS.obj (.text:ti_sysbios_family_arm_m3_Hwi_switchFromBootStack__E)
                  00008e0c    00000014     mutex_pem4f.oem4f (.text:ti_sysbios_heaps_HeapMem_Object__get__S)
                  00008e20    00000014     mutex_pem4f.oem4f (.text:ti_sysbios_knl_Swi_Object__get__S)
                  00008e34    00000012     drivers_msp432e4.aem4f : RingBuf.oem4f (.text:RingBuf_construct)
                  00008e46    00000012     dpl_msp432e4.aem4f : SemaphoreP_tirtos.oem4f (.text:SemaphoreP_pend)
                  00008e58    00000012     msp432e4_driverlib.a : uart.o (.text:UARTIntClear)
                  00008e6a    00000012                          : uart.o (.text:UARTRxErrorGet)
                  00008e7c    00000004     --HOLE-- [fill = 0]
                  00008e80    00000012     sysbios.aem4f : BIOS.obj (.text:ti_sysbios_hal_Hwi_Module_startup__E)
                  00008e92    00000012     rtsv7M4_T_le_v4SPD16_eabi.lib : wcslen.c.obj (.text:wcslen)
                  00008ea4    00000012     mutex_pem4f.oem4f (.text:xdc_runtime_Startup_exec__I)
                  00008eb6    00000002     --HOLE-- [fill = 0]
                  00008eb8    00000010     mutex_pem4f.oem4f (.text:.bootCodeSection:ti_sysbios_family_arm_msp432e4_init_Boot_init__I)
                  00008ec8    00000010     dpl_msp432e4.aem4f : HwiP_tirtos.oem4f (.text:HwiP_Params_init)
                  00008ed8    00000010                        : PowerMSP432E4_tirtos.oem4f (.text:PowerMSP432E4_sleepPolicy)
                  00008ee8    00000010     msp432e4_driverlib.a : uart.o (.text:UARTRxErrorClear)
                  00008ef8    00000010     drivers_msp432e4.aem4f : UARTMSP432E4.oem4f (.text:readBlockingTimeout)
                  00008f08    00000010     sysbios.aem4f : BIOS.obj (.text:ti_sysbios_BIOS_getCpuFreq__E)
                  00008f18    00000010                   : BIOS.obj (.text:ti_sysbios_BIOS_setThreadType__E)
                  00008f28    00000010                   : BIOS.obj (.text:ti_sysbios_BIOS_start__E)
                  00008f38    00000010                   : m3_TaskSupport_asm.obj (.text:ti_sysbios_family_arm_m3_TaskSupport_glue)
                  00008f48    00000010                   : BIOS.obj (.text:ti_sysbios_gates_GateMutex_Instance_finalize__E)
                  00008f58    00000010                   : BIOS.obj (.text:ti_sysbios_knl_Semaphore_Instance_finalize__E)
                  00008f68    00000010                   : BIOS.obj (.text:ti_sysbios_knl_Swi_disable__E)
                  00008f78    00000010     mutex_pem4f.oem4f (.text:ti_sysbios_knl_Task_Object__get__S)
                  00008f88    00000010     sysbios.aem4f : BIOS.obj (.text:ti_sysbios_knl_Task_disable__E)
                  00008f98    00000010     ti.targets.arm.rtsarm.aem4f : Gate.oem4f (.text:xdc_runtime_Gate_leaveSystem__E)
                  00008fa8    00000010                                 : Memory.oem4f (.text:xdc_runtime_Memory_free__E)
                  00008fb8    00000010                                 : SysMin.oem4f (.text:xdc_runtime_SysMin_ready__E)
                  00008fc8    00000010                                 : System.oem4f (.text:xdc_runtime_System_vsnprintf__E)
                  00008fd8    00000010     mutex_pem4f.oem4f (.text:xdc_runtime_Text_visitRope__I)
                  00008fe8    0000000e     drivers_msp432e4.aem4f : RingBuf.oem4f (.text:RingBuf_isFull)
                  00008ff6    0000000e     rtsv7M4_T_le_v4SPD16_eabi.lib : copy_decompress_none.c.obj (.text:decompress:none:__TI_decompress_none)
                  00009004    00000004     --HOLE-- [fill = 0]
                  00009008    0000000e     sysbios.aem4f : BIOS.obj (.text:ti_sysbios_knl_Idle_loop__E)
                  00009016    00000002     --HOLE-- [fill = 0]
                  00009018    0000000e                   : BIOS.obj (.text:ti_sysbios_knl_Queue_empty__E)
                  00009026    0000000c     dpl_msp432e4.aem4f : ClockP_tirtos.oem4f (.text:ClockP_delete)
                  00009032    0000000c                        : HwiP_tirtos.oem4f (.text:HwiP_delete)
                  0000903e    0000000c                        : SemaphoreP_tirtos.oem4f (.text:SemaphoreP_delete)
                  0000904a    00000002     --HOLE-- [fill = 0]
                  0000904c    0000000c     rtsv7M4_T_le_v4SPD16_eabi.lib : _lock.c.obj (.text:_register_lock)
                  00009058    0000000c                                   : _lock.c.obj (.text:_register_unlock)
                  00009064    0000000c                                   : copy_zero_init.c.obj (.text:decompress:ZI:__TI_zero_init)
                  00009070    0000000c     mutex.obj (.text:heartbeatClockFxn)
                  0000907c    00000004     --HOLE-- [fill = 0]
                  00009080    0000000c     sysbios.aem4f : BIOS.obj (.text:ti_sysbios_family_arm_lm4_Timer_getMaxTicks__E)
                  0000908c    0000000c     mutex_pem4f.oem4f (.text:ti_sysbios_family_arm_m3_Hwi_Params__init__S)
                  00009098    0000000c     sysbios.aem4f : BIOS.obj (.text:ti_sysbios_family_arm_m3_Hwi_disableFxn__E)
                  000090a4    00000004     --HOLE-- [fill = 0]
                  000090a8    0000000c                   : BIOS.obj (.text:ti_sysbios_family_arm_m3_TaskSupport_checkStack__E)
                  000090b4    00000004     --HOLE-- [fill = 0]
                  000090b8    0000000c                   : BIOS.obj (.text:ti_sysbios_family_arm_m3_TaskSupport_getStackAlignment__E)
                  000090c4    00000004     --HOLE-- [fill = 0]
                  000090c8    0000000c                   : BIOS.obj (.text:ti_sysbios_gates_GateHwi_enter__E)
                  000090d4    0000000c     mutex_pem4f.oem4f (.text:ti_sysbios_knl_Clock_Params__init__S)
                  000090e0    0000000c     mutex_pem4f.oem4f (.text:ti_sysbios_knl_Queue_Object__get__S)
                  000090ec    0000000c     mutex_pem4f.oem4f (.text:ti_sysbios_knl_Semaphore_Params__init__S)
                  000090f8    0000000c     mutex.obj (.text:ti_sysbios_knl_Semaphore_handle)
                  00009104    0000000c     mutex_pem4f.oem4f (.text:ti_sysbios_knl_Task_Params__init__S)
                  00009110    0000000c     ti.targets.arm.rtsarm.aem4f : Gate.oem4f (.text:xdc_runtime_Gate_enterSystem__E)
                  0000911c    0000000c                                 : Memory.oem4f (.text:xdc_runtime_Memory_calloc__E)
                  00009128    0000000c                                 : Memory.oem4f (.text:xdc_runtime_Memory_getMaxDefaultTypeAlign__E)
                  00009134    0000000c                                 : Startup.oem4f (.text:xdc_runtime_Startup_rtsDone__E)
                  00009140    0000000a     drivers_msp432e4.aem4f : ADC.oem4f (.text:ADC_convert)
                  0000914a    0000000a     dpl_msp432e4.aem4f : ClockP_tirtos.oem4f (.text:ClockP_Params_init)
                  00009154    0000000a     drivers_msp432e4.aem4f : PWM.oem4f (.text:PWM_setDuty)
                  0000915e    0000000a                            : PWM.oem4f (.text:PWM_start)
                  00009168    0000000a                            : UART.oem4f (.text:UART_write)
                  00009172    0000000a     mutex_pem4f.oem4f (.text:xdc_runtime_IHeap_alloc)
                  0000917c    0000000a     mutex_pem4f.oem4f (.text:xdc_runtime_IHeap_free)
                  00009186    00000002     --HOLE-- [fill = 0]
                  00009188    00000008     rtsv7M4_T_le_v4SPD16_eabi.lib : errno.c.obj (.text:__aeabi_errno_addr)
                  00009190    00000008     drivers_msp432e4.aem4f : UARTMSP432E4.oem4f (.text:readSemCallback)
                  00009198    00000008     sysbios.aem4f : BIOS.obj (.text:ti_sysbios_family_arm_lm4_Timer_masterDisable__I)
                  000091a0    00000008                   : BIOS.obj (.text:ti_sysbios_family_arm_m3_Hwi_doSwiRestore__I)
                  000091a8    00000008                   : BIOS.obj (.text:ti_sysbios_family_arm_m3_Hwi_startup__E)
                  000091b0    00000008     drivers_msp432e4.aem4f : UARTMSP432E4.oem4f (.text:writeSemCallback)
                  000091b8    00000006     sysbios.aem4f : BIOS.obj (.text:ti_sysbios_family_arm_m3_Hwi_doTaskRestore__I)
                  000091be    00000002     --HOLE-- [fill = 0]
                  000091c0    00000006                   : BIOS.obj (.text:ti_sysbios_family_arm_m3_Hwi_restoreFxn__E)
                  000091c6    00000002     --HOLE-- [fill = 0]
                  000091c8    00000006                   : BIOS.obj (.text:ti_sysbios_gates_GateHwi_leave__E)
                  000091ce    00000002     --HOLE-- [fill = 0]
                  000091d0    00000006                   : BIOS.obj (.text:ti_sysbios_heaps_HeapMem_isBlocking__E)
                  000091d6    00000002     --HOLE-- [fill = 0]
                  000091d8    00000006                   : BIOS.obj (.text:ti_sysbios_knl_Clock_stop__E)
                  000091de    00000002     --HOLE-- [fill = 0]
                  000091e0    00000006                   : BIOS.obj (.text:ti_sysbios_knl_Queue_Instance_init__E)
                  000091e6    00000002     --HOLE-- [fill = 0]
                  000091e8    00000006                   : BIOS.obj (.text:ti_sysbios_knl_Swi_startup__E)
                  000091ee    00000006     ti.targets.arm.rtsarm.aem4f : System.oem4f (.text:xdc_runtime_System_Module_startup__E)
                  000091f4    00000004     --HOLE-- [fill = 0]
                  000091f8    00000004     sysbios.aem4f : BIOS.obj (.text:ti_sysbios_gates_GateHwi_query__E)
                  000091fc    00000004     --HOLE-- [fill = 0]
                  00009200    00000004                   : BIOS.obj (.text:ti_sysbios_gates_GateMutex_query__E)
                  00009204    00000004     --HOLE-- [fill = 0]
                  00009208    00000004                   : BIOS.obj (.text:ti_sysbios_knl_Clock_setTimeout__E)
                  0000920c    00000004     --HOLE-- [fill = 0]
                  00009210    00000004                   : BIOS.obj (.text:ti_sysbios_knl_Task_startup__E)
                  00009214    00000004     --HOLE-- [fill = 0]
                  00009218    00000002                   : BIOS.obj (.text:ti_sysbios_BIOS_linkedWithIncorrectBootLibrary__E)
                  0000921a    00000006     --HOLE-- [fill = 0]
                  00009220    00000002                   : BIOS.obj (.text:ti_sysbios_gates_GateHwi_Instance_init__E)
                  00009222    00000006     --HOLE-- [fill = 0]
                  00009228    00000002                   : BIOS.obj (.text:ti_sysbios_knl_Clock_logTick__E)

.const     0    0000922c    00002340     
                  0000922c    000018ad     mutex_pem4f.oem4f (.const:xdc_runtime_Text_charTab__A)
                  0000aad9    00000003     drivers_msp432e4.aem4f : GPIOMSP432E4.oem4f (.const:.string:inPinTypes)
                  0000aadc    00000210     sysbios.aem4f : BIOS.obj (.const:$O1$$)
                  0000acec    00000101     rtsv7M4_T_le_v4SPD16_eabi.lib : ctype.c.obj (.const:.string:_ctypes_)
                  0000aded    00000001     mutex_pem4f.oem4f (.const:xdc_runtime_Error_policy__C)
                  0000adee    000000b4     mutex_pem4f.oem4f (.const:xdc_runtime_Text_nodeTab__A)
                  0000aea2    00000002     mutex_pem4f.oem4f (.const:ti_sysbios_family_arm_m3_Hwi_Module__id__C)
                  0000aea4    00000048     msp432e4_driverlib.a : gpio.o (.const:g_pui32GPIOBaseAddrs)
                  0000aeec    00000048     drivers_msp432e4.aem4f : GPIOMSP432E4.oem4f (.const:gpioBaseAddresses)
                  0000af34    00000048                            : GPIOMSP432E4.oem4f (.const:powerMgrIds)
                  0000af7c    0000003c     mutex_pem4f.oem4f (.const:ti_sysbios_knl_Task_Object__PARAMS__C)
                  0000afb8    00000030     mutex_pem4f.oem4f (.const:ti_sysbios_family_arm_m3_Hwi_Object__PARAMS__C)
                  0000afe8    0000002c     ti_drivers_config.obj (.const:uartMSP432E4HWAttrs)
                  0000b014    00000028     drivers_msp432e4.aem4f : UARTMSP432E4.oem4f (.const:UARTMSP432E4_fxnTable)
                  0000b03c    00000028     mutex_pem4f.oem4f (.const:ti_sysbios_heaps_HeapMem_Module__FXNS__C)
                  0000b064    00000024     drivers_msp432e4.aem4f : PWMMSP432E4.oem4f (.const:PWMMSP432E4_fxnTable)
                  0000b088    00000024                            : UART.oem4f (.const:UART_defaultParams)
                  0000b0ac    00000024     mutex_pem4f.oem4f (.const:ti_sysbios_gates_GateHwi_Module__FXNS__C)
                  0000b0d0    00000024     mutex_pem4f.oem4f (.const:ti_sysbios_gates_GateMutex_Module__FXNS__C)
                  0000b0f4    00000024     mutex_pem4f.oem4f (.const:ti_sysbios_heaps_HeapMem_Object__PARAMS__C)
                  0000b118    00000024     mutex_pem4f.oem4f (.const:ti_sysbios_knl_Clock_Object__PARAMS__C)
                  0000b13c    00000024     mutex_pem4f.oem4f (.const:ti_sysbios_knl_Semaphore_Object__PARAMS__C)
                  0000b160    00000020     drivers_msp432e4.aem4f : GPIOMSP432E4.oem4f (.const:.string:gpioInterruptVectors)
                  0000b180    00000020                            : UARTMSP432E4.oem4f (.const:staticFxnTable)
                  0000b1a0    00000020     mutex_pem4f.oem4f (.const:ti_sysbios_family_arm_m3_Hwi_Object__DESC__C)
                  0000b1c0    00000020     mutex_pem4f.oem4f (.const:ti_sysbios_gates_GateHwi_Object__DESC__C)
                  0000b1e0    00000020     mutex_pem4f.oem4f (.const:ti_sysbios_gates_GateMutex_Object__DESC__C)
                  0000b200    00000020     mutex_pem4f.oem4f (.const:ti_sysbios_heaps_HeapMem_Object__DESC__C)
                  0000b220    00000020     mutex_pem4f.oem4f (.const:ti_sysbios_knl_Clock_Object__DESC__C)
                  0000b240    00000020     mutex_pem4f.oem4f (.const:ti_sysbios_knl_Queue_Object__DESC__C)
                  0000b260    00000020     mutex_pem4f.oem4f (.const:ti_sysbios_knl_Semaphore_Object__DESC__C)
                  0000b280    00000020     mutex_pem4f.oem4f (.const:ti_sysbios_knl_Task_Object__DESC__C)
                  0000b2a0    00000020     mutex_pem4f.oem4f (.const:xdc_runtime_Startup_sfxnTab__A)
                  0000b2c0    00000018     drivers_msp432e4.aem4f : ADCMSP432E4.oem4f (.const:ADCMSP432E4_fxnTable)
                  0000b2d8    00000018                            : PWM.oem4f (.const:PWM_defaultParams)
                  0000b2f0    00000018     mutex_pem4f.oem4f (.const:ti_sysbios_gates_GateHwi_Object__PARAMS__C)
                  0000b308    00000018     mutex_pem4f.oem4f (.const:ti_sysbios_gates_GateMutex_Object__PARAMS__C)
                  0000b320    00000018     mutex_pem4f.oem4f (.const:ti_sysbios_knl_Queue_Object__PARAMS__C)
                  0000b338    00000014     ti_drivers_config.obj (.const:GPIOMSP432E4_config)
                  0000b34c    00000014     msp432e4_driverlib.a : interrupt.o (.const:g_pui32EnRegs)
                  0000b360    00000014     drivers_msp432e4.aem4f : UARTMSP432E4.oem4f (.const:parityType)
                  0000b374    00000010     ti_drivers_config.obj (.const:ADCMSP432E4HWAttrs)
                  0000b384    00000010     drivers_msp432e4.aem4f : UARTMSP432E4.oem4f (.const:dataLength)
                  0000b394    00000010     ti_drivers_config.obj (.const:pwmMSP432E4HWAttrs)
                  0000b3a4    00000010     mutex_pem4f.oem4f (.const:xdc_runtime_Startup_firstFxns__A)
                  0000b3b4    00000010     mutex_pem4f.oem4f (.const:xdc_runtime_Startup_sfxnRts__A)
                  0000b3c4    0000000c     ti_drivers_config.obj (.const:ADC_config)
                  0000b3d0    0000000c     ti_drivers_config.obj (.const:PWM_config)
                  0000b3dc    0000000c     ti_drivers_config.obj (.const:UART_config)
                  0000b3e8    00000008     drivers_msp432e4.aem4f : ADC.oem4f (.const:ADC_defaultParams)
                  0000b3f0    00000008     ti_drivers_config.obj (.const:PowerMSP432E4_config)
                  0000b3f8    00000008     drivers_msp432e4.aem4f : ADCMSP432E4.oem4f (.const:adcInterrupts)
                  0000b400    00000008                            : UARTMSP432E4.oem4f (.const:stopBits)
                  0000b408    00000008     ti_drivers_config.obj (.const)
                  0000b410    00000008     mutex_pem4f.oem4f (.const:ti_sysbios_family_arm_m3_Hwi_excHookFuncs__A)
                  0000b418    00000008     mutex_pem4f.oem4f (.const:ti_sysbios_knl_Idle_funcList__A)
                  0000b420    00000008     mutex_pem4f.oem4f (.const:ti_sysbios_knl_Idle_funcList__C)
                  0000b428    00000008     mutex_pem4f.oem4f (.const:xdc_runtime_Startup_firstFxns__C)
                  0000b430    00000008     mutex_pem4f.oem4f (.const:xdc_runtime_Startup_lastFxns__C)
                  0000b438    00000007     drivers_msp432e4.aem4f : GPIOMSP432E4.oem4f (.const:.string:outPinStrengths)
                  0000b43f    00000006                            : GPIOMSP432E4.oem4f (.const:.string:interruptType)
                  0000b445    00000004                            : GPIOMSP432E4.oem4f (.const:.string:outPinTypes)
                  0000b449    00000001     --HOLE-- [fill = 0]
                  0000b44a    00000002     mutex_pem4f.oem4f (.const:ti_sysbios_hal_Hwi_Module__id__C)
                  0000b44c    00000004     mutex_pem4f.oem4f (.const:ti_sysbios_family_arm_lm4_Timer_enableFunc__C)
                  0000b450    00000004     mutex_pem4f.oem4f (.const:ti_sysbios_family_arm_lm4_Timer_numTimerDevices__C)
                  0000b454    00000004     mutex_pem4f.oem4f (.const:ti_sysbios_family_arm_lm4_Timer_startupNeeded__C)
                  0000b458    00000004     mutex_pem4f.oem4f (.const:ti_sysbios_family_arm_m3_Hwi_E_NMI__C)
                  0000b45c    00000004     mutex_pem4f.oem4f (.const:ti_sysbios_family_arm_m3_Hwi_E_alreadyDefined__C)
                  0000b460    00000004     mutex_pem4f.oem4f (.const:ti_sysbios_family_arm_m3_Hwi_E_badIntNum__C)
                  0000b464    00000004     mutex_pem4f.oem4f (.const:ti_sysbios_family_arm_m3_Hwi_E_busFault__C)
                  0000b468    00000004     mutex_pem4f.oem4f (.const:ti_sysbios_family_arm_m3_Hwi_E_debugMon__C)
                  0000b46c    00000004     mutex_pem4f.oem4f (.const:ti_sysbios_family_arm_m3_Hwi_E_hardFault__C)
                  0000b470    00000004     mutex_pem4f.oem4f (.const:ti_sysbios_family_arm_m3_Hwi_E_memFault__C)
                  0000b474    00000004     mutex_pem4f.oem4f (.const:ti_sysbios_family_arm_m3_Hwi_E_noIsr__C)
                  0000b478    00000004     mutex_pem4f.oem4f (.const:ti_sysbios_family_arm_m3_Hwi_E_reserved__C)
                  0000b47c    00000004     mutex_pem4f.oem4f (.const:ti_sysbios_family_arm_m3_Hwi_E_svCall__C)
                  0000b480    00000004     mutex_pem4f.oem4f (.const:ti_sysbios_family_arm_m3_Hwi_E_usageFault__C)
                  0000b484    00000004     mutex_pem4f.oem4f (.const:ti_sysbios_family_arm_m3_Hwi_NUM_INTERRUPTS__C)
                  0000b488    00000004     mutex_pem4f.oem4f (.const:ti_sysbios_family_arm_m3_Hwi_Object__count__C)
                  0000b48c    00000004     mutex_pem4f.oem4f (.const:ti_sysbios_family_arm_m3_Hwi_ccr__C)
                  0000b490    00000004     mutex_pem4f.oem4f (.const:ti_sysbios_family_arm_m3_Hwi_excHandlerFunc__C)
                  0000b494    00000004     mutex_pem4f.oem4f (.const:ti_sysbios_family_arm_m3_Hwi_excHookFuncs__C)
                  0000b498    00000004     mutex_pem4f.oem4f (.const:ti_sysbios_family_arm_m3_Hwi_nullIsrFunc__C)
                  0000b49c    00000004     mutex_pem4f.oem4f (.const:ti_sysbios_family_arm_m3_Hwi_priGroup__C)
                  0000b4a0    00000004     mutex_pem4f.oem4f (.const:ti_sysbios_family_arm_m3_TaskSupport_stackAlignment__C)
                  0000b4a4    00000004     mutex_pem4f.oem4f (.const:ti_sysbios_gates_GateMutex_Instance_State_sem__O)
                  0000b4a8    00000004     mutex_pem4f.oem4f (.const:ti_sysbios_hal_Hwi_E_stackOverflow__C)
                  0000b4ac    00000004     mutex_pem4f.oem4f (.const:ti_sysbios_heaps_HeapMem_E_memory__C)
                  0000b4b0    00000004     mutex_pem4f.oem4f (.const:ti_sysbios_heaps_HeapMem_Module__gateObj__C)
                  0000b4b4    00000004     mutex_pem4f.oem4f (.const:ti_sysbios_heaps_HeapMem_Object__count__C)
                  0000b4b8    00000004     mutex_pem4f.oem4f (.const:ti_sysbios_heaps_HeapMem_primaryHeapBaseAddr__C)
                  0000b4bc    00000004     mutex_pem4f.oem4f (.const:ti_sysbios_heaps_HeapMem_primaryHeapEndAddr__C)
                  0000b4c0    00000004     mutex_pem4f.oem4f (.const:ti_sysbios_heaps_HeapMem_reqAlign__C)
                  0000b4c4    00000004     mutex_pem4f.oem4f (.const:ti_sysbios_knl_Clock_Module_State_clockQ__O)
                  0000b4c8    00000004     mutex_pem4f.oem4f (.const:ti_sysbios_knl_Semaphore_Instance_State_pendQ__O)
                  0000b4cc    00000004     mutex_pem4f.oem4f (.const:ti_sysbios_knl_Swi_Object__count__C)
                  0000b4d0    00000004     mutex_pem4f.oem4f (.const:ti_sysbios_knl_Task_E_spOutOfBounds__C)
                  0000b4d4    00000004     mutex_pem4f.oem4f (.const:ti_sysbios_knl_Task_E_stackOverflow__C)
                  0000b4d8    00000004     mutex_pem4f.oem4f (.const:ti_sysbios_knl_Task_Module_State_inactiveQ__O)
                  0000b4dc    00000004     mutex_pem4f.oem4f (.const:ti_sysbios_knl_Task_Object__count__C)
                  0000b4e0    00000004     mutex_pem4f.oem4f (.const:ti_sysbios_knl_Task_allBlockedFunc__C)
                  0000b4e4    00000004     mutex_pem4f.oem4f (.const:ti_sysbios_knl_Task_defaultStackHeap__C)
                  0000b4e8    00000004     mutex_pem4f.oem4f (.const:ti_sysbios_knl_Task_defaultStackSize__C)
                  0000b4ec    00000004     mutex_pem4f.oem4f (.const:ti_sysbios_knl_Task_numConstructedTasks__C)
                  0000b4f0    00000004     mutex_pem4f.oem4f (.const:xdc_runtime_Assert_E_assertFailed__C)
                  0000b4f4    00000004     mutex_pem4f.oem4f (.const:xdc_runtime_Core_A_initializedParams__C)
                  0000b4f8    00000004     mutex_pem4f.oem4f (.const:xdc_runtime_Core_Module__diagsEnabled__C)
                  0000b4fc    00000004     mutex_pem4f.oem4f (.const:xdc_runtime_Core_Module__diagsIncluded__C)
                  0000b500    00000004     mutex_pem4f.oem4f (.const:xdc_runtime_Core_Module__diagsMask__C)
                  0000b504    00000004     mutex_pem4f.oem4f (.const:xdc_runtime_Error_E_memory__C)
                  0000b508    00000004     mutex_pem4f.oem4f (.const:xdc_runtime_Error_policyFxn__C)
                  0000b50c    00000004     mutex_pem4f.oem4f (.const:xdc_runtime_Error_raiseHook__C)
                  0000b510    00000004     mutex_pem4f.oem4f (.const:xdc_runtime_IGateProvider_Interface__BASE__C)
                  0000b514    00000004     mutex_pem4f.oem4f (.const:xdc_runtime_IHeap_Interface__BASE__C)
                  0000b518    00000004     mutex_pem4f.oem4f (.const:xdc_runtime_IModule_Interface__BASE__C)
                  0000b51c    00000004     mutex_pem4f.oem4f (.const:xdc_runtime_Memory_defaultHeapInstance__C)
                  0000b520    00000004     mutex_pem4f.oem4f (.const:xdc_runtime_Startup_execImpl__C)
                  0000b524    00000004     mutex_pem4f.oem4f (.const:xdc_runtime_Startup_maxPasses__C)
                  0000b528    00000004     mutex_pem4f.oem4f (.const:xdc_runtime_Startup_sfxnRts__C)
                  0000b52c    00000004     mutex_pem4f.oem4f (.const:xdc_runtime_Startup_sfxnTab__C)
                  0000b530    00000004     mutex_pem4f.oem4f (.const:xdc_runtime_SysMin_bufSize__C)
                  0000b534    00000004     mutex_pem4f.oem4f (.const:xdc_runtime_SysMin_outputFunc__C)
                  0000b538    00000004     mutex_pem4f.oem4f (.const:xdc_runtime_System_Module__gateObj__C)
                  0000b53c    00000004     mutex_pem4f.oem4f (.const:xdc_runtime_System_abortFxn__C)
                  0000b540    00000004     mutex_pem4f.oem4f (.const:xdc_runtime_System_exitFxn__C)
                  0000b544    00000004     mutex_pem4f.oem4f (.const:xdc_runtime_System_extendFxn__C)
                  0000b548    00000004     mutex_pem4f.oem4f (.const:xdc_runtime_System_maxAtexitHandlers__C)
                  0000b54c    00000004     mutex_pem4f.oem4f (.const:xdc_runtime_Text_charTab__C)
                  0000b550    00000004     mutex_pem4f.oem4f (.const:xdc_runtime_Text_nodeTab__C)
                  0000b554    00000004     mutex_pem4f.oem4f (.const:xdc_runtime_Text_visitRopeFxn__C)
                  0000b558    00000002     mutex_pem4f.oem4f (.const:ti_sysbios_heaps_HeapMem_Module__id__C)
                  0000b55a    00000002     mutex_pem4f.oem4f (.const:ti_sysbios_knl_Task_Module__id__C)
                  0000b55c    00000002     mutex_pem4f.oem4f (.const:xdc_runtime_Core_Module__id__C)
                  0000b55e    00000002     mutex_pem4f.oem4f (.const:xdc_runtime_Error_Module__loggerDefined__C)
                  0000b560    00000002     mutex_pem4f.oem4f (.const:xdc_runtime_Error_maxDepth__C)
                  0000b562    00000002     mutex_pem4f.oem4f (.const:xdc_runtime_Memory_Module__id__C)
                  0000b564    00000002     mutex_pem4f.oem4f (.const:xdc_runtime_SysMin_flushAtExit__C)
                  0000b566    00000002     mutex_pem4f.oem4f (.const:xdc_runtime_Text_isLoaded__C)
                  0000b568    00000002     mutex_pem4f.oem4f (.const:xdc_runtime_Text_registryModsLastId__C)
                  0000b56a    00000002     mutex_pem4f.oem4f (.const:xdc_runtime_Text_unnamedModsLastId__C)

.cinit     0    0000b570    000002d0     
                  0000b570    000002a8     (.cinit..data.load) [load image, compression = lzss]
                  0000b818    0000000c     (__TI_handler_table)
                  0000b824    00000004     --HOLE-- [fill = 0]
                  0000b828    00000008     (.cinit..bss.load) [load image, compression = zero_init]
                  0000b830    00000010     (__TI_cinit_table)

.init_array 
*          0    00000000    00000000     UNINITIALIZED

.bss       0    20020360    000023bc     UNINITIALIZED
                  20020360    00000800     mutex.obj (.bss:adcTaskStack)
                  20020b60    00000800     mutex.obj (.bss:pwmTaskStack)
                  20021360    00000800     mutex.obj (.bss:uartTaskStack)
                  20021b60    00000360     (.common:ti_sysbios_family_arm_m3_Hwi_dispatchTable)
                  20021ec0    00000200     mutex_pem4f.oem4f (.bss:taskStackSection)
                  200220c0    00000200     (.common:xdc_runtime_SysMin_Module_State_0_outbuf__A)
                  200222c0    00000120     rtsv7M4_T_le_v4SPD16_eabi.lib : trgmsg.c.obj (.bss:_CIOBUF_)
                  200223e0    00000090     drivers_msp432e4.aem4f : GPIOMSP432E4.oem4f (.bss:gpioCallbackInfo)
                  20022470    00000064     (.common:uartMSP432E4Objects)
                  200224d4    00000050     mutex.obj (.bss:adcTaskStruct)
                  20022524    00000050     mutex.obj (.bss:pwmTaskStruct)
                  20022574    00000050     mutex.obj (.bss:uartTaskStruct)
                  200225c4    00000024     mutex.obj (.bss:adcClockStruct)
                  200225e8    00000024     mutex.obj (.bss:heartbeatClockStruct)
                  2002260c    00000024     mutex.obj (.bss:pwmClockStruct)
                  20022630    00000024     mutex.obj (.bss:uartClockStruct)
                  20022654    00000020     ti_drivers_config.obj (.bss:uartMSP432E4RingBuffer0)
                  20022674    0000001c     mutex.obj (.bss:adcDataMutexStruct)
                  20022690    0000001c     mutex.obj (.bss:adcSemStruct)
                  200226ac    0000001c     mutex.obj (.bss:pwmSemStruct)
                  200226c8    0000001c     mutex.obj (.bss:uartMutexStruct)
                  200226e4    0000001c     mutex.obj (.bss:uartSemStruct)
                  20022700    0000000c     (.common:pwmMSP432E4Objects)
                  2002270c    00000008     (.common:parmbuf)
                  20022714    00000004     drivers_msp432e4.aem4f : GPIOMSP432E4.oem4f (.bss)
                  20022718    00000004     (.common:ADCMSP432E4Objects)

.data      0    2002271c    00000614     UNINITIALIZED
                  2002271c    0000016c     drivers_msp432e4.aem4f : PowerMSP432E4.oem4f (.data:PowerMSP432E4_module)
                  20022888    00000080     mutex_pem4f.oem4f (.data:ti_sysbios_knl_Swi_Module_State_0_readyQ__A)
                  20022908    00000080     mutex_pem4f.oem4f (.data:ti_sysbios_knl_Task_Module_State_0_readyQ__A)
                  20022988    0000004c     mutex_pem4f.oem4f (.data:ti_sysbios_knl_Task_Object__table__V)
                  200229d4    00000044     mutex_pem4f.oem4f (.data:ti_sysbios_knl_Task_Module__state__V)
                  20022a18    00000040     mutex_pem4f.oem4f (.data:ti_sysbios_family_arm_lm4_Timer_Module_State_0_device__A)
                  20022a58    00000040     mutex_pem4f.oem4f (.data:ti_sysbios_family_arm_lm4_Timer_Object__table__V)
                  20022a98    00000038     mutex_pem4f.oem4f (.data:ti_sysbios_gates_GateMutex_Object__table__V)
                  20022ad0    00000034     drivers_msp432e4.aem4f : PWMMSP432E4.oem4f (.data:PWMMSP432E4_PWM_STATUS)
                  20022b04    00000034     mutex_pem4f.oem4f (.data:ti_sysbios_family_arm_m3_Hwi_Module__state__V)
                  20022b38    00000030     mutex_pem4f.oem4f (.data:ti_sysbios_knl_Swi_Object__table__V)
                  20022b68    0000002c     mutex_pem4f.oem4f (.data:ti_sysbios_knl_Clock_Module__state__V)
                  20022b94    00000024     mutex.obj (.data)
                  20022bb8    00000024     mutex_pem4f.oem4f (.data:ti_sysbios_BIOS_Module__state__V)
                  20022bdc    00000020     mutex_pem4f.oem4f (.data:ti_sysbios_family_arm_lm4_Timer_Module_State_0_handles__A)
                  20022bfc    00000020     mutex_pem4f.oem4f (.data:xdc_runtime_Error_IgnoreBlock)
                  20022c1c    0000001c     mutex_pem4f.oem4f (.data:ti_sysbios_knl_Swi_Module__state__V)
                  20022c38    00000018     mutex_pem4f.oem4f (.data:ti_sysbios_family_arm_m3_Hwi_Object__table__V)
                  20022c50    00000018     mutex_pem4f.oem4f (.data:ti_sysbios_heaps_HeapMem_Object__table__V)
                  20022c68    0000000c     mutex_pem4f.oem4f (.data:ti_sysbios_family_arm_lm4_Timer_Module__state__V)
                  20022c74    0000000c     mutex_pem4f.oem4f (.data:xdc_runtime_SysMin_Module__state__V)
                  20022c80    00000008     rtsv7M4_T_le_v4SPD16_eabi.lib : _lock.c.obj (.data:$O1$$)
                  20022c88    00000008     drivers_msp432e4.aem4f : ADCMSP432E4.oem4f (.data)
                  20022c90    00000008                            : ADCMSP432E4.oem4f (.data:globalMutex)
                  20022c98    00000008     ti_drivers_config.obj (.data:gpioCallbackFunctions)
                  20022ca0    00000008     ti_drivers_config.obj (.data:gpioPinConfigs)
                  20022ca8    00000008     mutex_pem4f.oem4f (.data:ti_sysbios_family_arm_m3_Hwi_Module__root__V)
                  20022cb0    00000008     mutex_pem4f.oem4f (.data:ti_sysbios_gates_GateHwi_Module__root__V)
                  20022cb8    00000008     mutex_pem4f.oem4f (.data:ti_sysbios_gates_GateMutex_Module__root__V)
                  20022cc0    00000008     mutex_pem4f.oem4f (.data:ti_sysbios_heaps_HeapMem_Module__root__V)
                  20022cc8    00000008     mutex_pem4f.oem4f (.data:ti_sysbios_knl_Clock_Module__root__V)
                  20022cd0    00000008     mutex_pem4f.oem4f (.data:ti_sysbios_knl_Queue_Module__root__V)
                  20022cd8    00000008     mutex_pem4f.oem4f (.data:ti_sysbios_knl_Semaphore_Module__root__V)
                  20022ce0    00000008     mutex_pem4f.oem4f (.data:ti_sysbios_knl_Task_Module__root__V)
                  20022ce8    00000008     mutex_pem4f.oem4f (.data:xdc_runtime_Registry_Module__state__V)
                  20022cf0    00000008     mutex_pem4f.oem4f (.data:xdc_runtime_Startup_Module__state__V)
                  20022cf8    00000008     mutex_pem4f.oem4f (.data:xdc_runtime_System_Module_State_0_atexitHandlers__A)
                  20022d00    00000008     mutex_pem4f.oem4f (.data:xdc_runtime_System_Module__state__V)
                  20022d08    00000005     drivers_msp432e4.aem4f : GPIOMSP432E4.oem4f (.data)
                  20022d0d    00000001                            : ADC.oem4f (.data)
                  20022d0e    00000002     mutex_pem4f.oem4f (.data:ti_sysbios_family_arm_m3_Hwi_Module_State_0_excActive__A)
                  20022d10    00000004     rtsv7M4_T_le_v4SPD16_eabi.lib : errno.c.obj (.data)
                  20022d14    00000004                                   : stkdepth_vars.c.obj (.data)
                  20022d18    00000004     mutex_pem4f.oem4f (.data:ti_sysbios_family_arm_m3_Hwi_Module_State_0_excContext__A)
                  20022d1c    00000004     mutex_pem4f.oem4f (.data:ti_sysbios_family_arm_m3_Hwi_Module_State_0_excStack__A)
                  20022d20    00000004     mutex_pem4f.oem4f (.data:ti_sysbios_gates_GateHwi_Object__table__V)
                  20022d24    00000004     mutex_pem4f.oem4f (.data:ti_sysbios_knl_Task_Module_State_0_idleTask__A)
                  20022d28    00000004     mutex_pem4f.oem4f (.data:xdc_runtime_Memory_Module__state__V)
                  20022d2c    00000002     mutex_pem4f.oem4f (.data:xdc_runtime_Error_Module__state__V)
                  20022d2e    00000001     drivers_msp432e4.aem4f : PWM.oem4f (.data)
                  20022d2f    00000001                            : UART.oem4f (.data)

.priheap   0    20000360    00020000     UNINITIALIZED
                  20000360    00020000     --HOLE--

.stack     0    2003fc00    00000400     UNINITIALIZED
                  2003fc00    00000400     --HOLE--

.bootVecs 
*          0    00000000    00000008     DSECT
                  00000000    00000008     boot.aem4f : boot.oem4f (.bootVecs)

.resetVecs 
*          0    00000000    0000003c     
                  00000000    0000003c     mutex_pem4f.oem4f (.resetVecs)

.vecs      0    20000000    00000360     NOLOAD SECTION
                  20000000    00000360     mutex_pem4f.oem4f (.vecs)

xdc.meta   0    00000000    000000f3     COPY SECTION
                  00000000    000000f3     mutex_pem4f.oem4f (xdc.meta)

__llvm_prf_cnts 
*          0    20000000    00000000     UNINITIALIZED

.binit     0    00000000    00000000     

MODULE SUMMARY

       Module                       code    ro data   rw data
       ------                       ----    -------   -------
    .\
       mutex.obj                    1466    0         6704   
    +--+----------------------------+-------+---------+---------+
       Total:                       1466    0         6704   
                                                             
    .\syscfg\
       ti_drivers_config.obj        50      148       164    
    +--+----------------------------+-------+---------+---------+
[...]
00009033  HwiP_delete                                                     
0000903f  SemaphoreP_delete                                               
0000904d  _register_lock                                                  
00009059  _register_unlock                                                
00009065  __TI_zero_init                                                  
00009081  ti_sysbios_family_arm_lm4_Timer_getMaxTicks__E                  
0000908d  ti_sysbios_family_arm_m3_Hwi_Params__init__S                    
0000908d  ti_sysbios_hal_Hwi_HwiProxy_Params__init__S                     
00009099  ti_sysbios_family_arm_m3_Hwi_disableFxn__E                      
00009099  ti_sysbios_hal_Hwi_HwiProxy_disable__E                          
000090a9  ti_sysbios_family_arm_m3_TaskSupport_checkStack__E              
000090a9  ti_sysbios_knl_Task_SupportProxy_checkStack__E                  
000090b9  ti_sysbios_family_arm_m3_TaskSupport_getStackAlignment__E       
000090b9  ti_sysbios_knl_Task_SupportProxy_getStackAlignment__E           
000090c9  ti_sysbios_gates_GateHwi_enter__E                               
000090d5  ti_sysbios_knl_Clock_Params__init__S                            
000090e1  ti_sysbios_knl_Queue_Object__get__S                             
000090ed  ti_sysbios_knl_Semaphore_Params__init__S                        
00009105  ti_sysbios_knl_Task_Params__init__S                             
00009111  xdc_runtime_Gate_enterSystem__E                                 
0000911d  xdc_runtime_Memory_calloc__E                                    
00009129  xdc_runtime_Memory_getMaxDefaultTypeAlign__E                    
00009135  xdc_runtime_Startup_rtsDone__E                                  
00009141  ADC_convert                                                     
0000914b  ClockP_Params_init                                              
00009155  PWM_setDuty                                                     
0000915f  PWM_start                                                       
00009169  UART_write                                                      
00009173  xdc_runtime_Memory_HeapProxy_alloc__E                           
0000917d  xdc_runtime_Memory_HeapProxy_free__E                            
00009189  __aeabi_errno_addr                                              
00009199  ti_sysbios_family_arm_lm4_Timer_masterDisable__I                
000091a1  ti_sysbios_family_arm_m3_Hwi_doSwiRestore__I                    
000091a9  ti_sysbios_family_arm_m3_Hwi_startup__E                         
000091a9  ti_sysbios_hal_Hwi_HwiProxy_startup__E                          
000091a9  ti_sysbios_hal_Hwi_startup__E                                   
000091b9  ti_sysbios_family_arm_m3_Hwi_doTaskRestore__I                   
000091c1  HwiP_restore                                                    
000091c1  ti_sysbios_family_arm_m3_Hwi_restoreFxn__E                      
000091c1  ti_sysbios_hal_Hwi_HwiProxy_restore__E                          
000091c9  ti_sysbios_gates_GateHwi_leave__E                               
000091d1  ti_sysbios_heaps_HeapMem_isBlocking__E                          
000091d9  ti_sysbios_knl_Clock_stop__E                                    
000091e1  ti_sysbios_knl_Queue_Instance_init__E                           
000091e9  ti_sysbios_knl_Swi_startup__E                                   
000091ef  xdc_runtime_System_Module_startup__E                            
000091f9  ti_sysbios_gates_GateHwi_query__E                               
000091f9  xdc_runtime_Main_Module_GateProxy_query__E                      
000091f9  xdc_runtime_System_Module_GateProxy_query__E                    
00009201  ti_sysbios_BIOS_RtsGateProxy_query__E                           
00009201  ti_sysbios_gates_GateMutex_query__E                             
00009201  ti_sysbios_heaps_HeapMem_Module_GateProxy_query__E              
00009209  ti_sysbios_knl_Clock_setTimeout__E                              
00009211  ti_sysbios_knl_Task_startup__E                                  
00009219  ti_sysbios_BIOS_linkedWithIncorrectBootLibrary__E               
00009221  ti_sysbios_gates_GateHwi_Instance_init__E                       
00009229  ti_sysbios_knl_Clock_logTick__E                                 
0000922c  xdc_runtime_Text_charTab__A                                     
0000acec  _ctypes_                                                        
0000aded  xdc_runtime_Error_policy__C                                     
0000adee  xdc_runtime_Text_nodeTab__A                                     
0000aea2  ti_sysbios_family_arm_m3_Hwi_Module__id__C                      
0000af7c  ti_sysbios_knl_Task_Object__PARAMS__C                           
0000afb8  ti_sysbios_family_arm_m3_Hwi_Object__PARAMS__C                  
0000b014  UARTMSP432E4_fxnTable                                           
0000b03c  ti_sysbios_heaps_HeapMem_Module__FXNS__C                        
0000b064  PWMMSP432E4_fxnTable                                            
0000b088  UART_defaultParams                                              
0000b0ac  ti_sysbios_gates_GateHwi_Module__FXNS__C                        
0000b0d0  ti_sysbios_gates_GateMutex_Module__FXNS__C                      
0000b0f4  ti_sysbios_heaps_HeapMem_Object__PARAMS__C                      
0000b118  ti_sysbios_knl_Clock_Object__PARAMS__C                          
0000b13c  ti_sysbios_knl_Semaphore_Object__PARAMS__C                      
0000b1a0  ti_sysbios_family_arm_m3_Hwi_Object__DESC__C                    
0000b1c0  ti_sysbios_gates_GateHwi_Object__DESC__C                        
0000b1e0  ti_sysbios_gates_GateMutex_Object__DESC__C                      
0000b200  ti_sysbios_heaps_HeapMem_Object__DESC__C                        
0000b220  ti_sysbios_knl_Clock_Object__DESC__C                            
0000b240  ti_sysbios_knl_Queue_Object__DESC__C                            
0000b260  ti_sysbios_knl_Semaphore_Object__DESC__C                        
0000b280  ti_sysbios_knl_Task_Object__DESC__C                             
0000b2a0  xdc_runtime_Startup_sfxnTab__A                                  
0000b2c0  ADCMSP432E4_fxnTable                                            
0000b2d8  PWM_defaultParams                                               
0000b2f0  ti_sysbios_gates_GateHwi_Object__PARAMS__C                      
0000b308  ti_sysbios_gates_GateMutex_Object__PARAMS__C                    
0000b320  ti_sysbios_knl_Queue_Object__PARAMS__C                          
0000b338  GPIOMSP432E4_config                                             
0000b374  ADCMSP432E4HWAttrs                                              
0000b394  pwmMSP432E4HWAttrs                                              
0000b3a4  xdc_runtime_Startup_firstFxns__A                                
0000b3b4  xdc_runtime_Startup_sfxnRts__A                                  
0000b3c4  ADC_config                                                      
0000b3d0  PWM_config                                                      
0000b3dc  UART_config                                                     
0000b3e8  ADC_defaultParams                                               
0000b3f0  PowerMSP432E4_config                                            
0000b408  CONFIG_ADC_0_CONST                                              
0000b409  ADC_count                                                       
0000b40a  CONFIG_GPIO_LED_0_CONST                                         
0000b40b  CONFIG_GPIO_SW1_CONST                                           
0000b40c  CONFIG_PWM_0_CONST                                              
0000b40d  PWM_count                                                       
0000b40e  CONFIG_UART_0_CONST                                             
0000b40f  UART_count                                                      
0000b410  ti_sysbios_family_arm_m3_Hwi_excHookFuncs__A                    
0000b418  ti_sysbios_knl_Idle_funcList__A                                 
0000b420  ti_sysbios_knl_Idle_funcList__C                                 
0000b428  xdc_runtime_Startup_firstFxns__C                                
0000b430  xdc_runtime_Startup_lastFxns__C                                 
0000b44a  ti_sysbios_hal_Hwi_Module__id__C                                
0000b44c  ti_sysbios_family_arm_lm4_Timer_enableFunc__C                   
0000b450  ti_sysbios_family_arm_lm4_Timer_numTimerDevices__C              
0000b454  ti_sysbios_family_arm_lm4_Timer_startupNeeded__C                
0000b458  ti_sysbios_family_arm_m3_Hwi_E_NMI__C                           
0000b45c  ti_sysbios_family_arm_m3_Hwi_E_alreadyDefined__C                
0000b460  ti_sysbios_family_arm_m3_Hwi_E_badIntNum__C                     
0000b464  ti_sysbios_family_arm_m3_Hwi_E_busFault__C                      
0000b468  ti_sysbios_family_arm_m3_Hwi_E_debugMon__C                      
0000b46c  ti_sysbios_family_arm_m3_Hwi_E_hardFault__C                     
0000b470  ti_sysbios_family_arm_m3_Hwi_E_memFault__C                      
0000b474  ti_sysbios_family_arm_m3_Hwi_E_noIsr__C                         
0000b478  ti_sysbios_family_arm_m3_Hwi_E_reserved__C                      
0000b47c  ti_sysbios_family_arm_m3_Hwi_E_svCall__C                        
0000b480  ti_sysbios_family_arm_m3_Hwi_E_usageFault__C                    
0000b484  ti_sysbios_family_arm_m3_Hwi_NUM_INTERRUPTS__C                  
0000b488  ti_sysbios_family_arm_m3_Hwi_Object__count__C                   
0000b48c  ti_sysbios_family_arm_m3_Hwi_ccr__C                             
0000b490  ti_sysbios_family_arm_m3_Hwi_excHandlerFunc__C                  
0000b494  ti_sysbios_family_arm_m3_Hwi_excHookFuncs__C                    
0000b498  ti_sysbios_family_arm_m3_Hwi_nullIsrFunc__C                     
0000b49c  ti_sysbios_family_arm_m3_Hwi_priGroup__C                        
0000b4a0  ti_sysbios_family_arm_m3_TaskSupport_stackAlignment__C          
0000b4a4  ti_sysbios_gates_GateMutex_Instance_State_sem__O                
0000b4a8  ti_sysbios_hal_Hwi_E_stackOverflow__C                           
0000b4ac  ti_sysbios_heaps_HeapMem_E_memory__C                            
0000b4b0  ti_sysbios_heaps_HeapMem_Module__gateObj__C                     
0000b4b4  ti_sysbios_heaps_HeapMem_Object__count__C                       
0000b4b8  ti_sysbios_heaps_HeapMem_primaryHeapBaseAddr__C                 
0000b4bc  ti_sysbios_heaps_HeapMem_primaryHeapEndAddr__C                  
0000b4c0  ti_sysbios_heaps_HeapMem_reqAlign__C                            
0000b4c4  ti_sysbios_knl_Clock_Module_State_clockQ__O                     
0000b4c8  ti_sysbios_knl_Semaphore_Instance_State_pendQ__O                
0000b4cc  ti_sysbios_knl_Swi_Object__count__C                             
0000b4d0  ti_sysbios_knl_Task_E_spOutOfBounds__C                          
0000b4d4  ti_sysbios_knl_Task_E_stackOverflow__C                          
0000b4d8  ti_sysbios_knl_Task_Module_State_inactiveQ__O                   
0000b4dc  ti_sysbios_knl_Task_Object__count__C                            
0000b4e0  ti_sysbios_knl_Task_allBlockedFunc__C                           
0000b4e4  ti_sysbios_knl_Task_defaultStackHeap__C                         
0000b4e8  ti_sysbios_knl_Task_defaultStackSize__C                         
0000b4ec  ti_sysbios_knl_Task_numConstructedTasks__C                      
0000b4f0  xdc_runtime_Assert_E_assertFailed__C                            
0000b4f4  xdc_runtime_Core_A_initializedParams__C                         
0000b4f8  xdc_runtime_Core_Module__diagsEnabled__C                        
0000b4fc  xdc_runtime_Core_Module__diagsIncluded__C                       
0000b500  xdc_runtime_Core_Module__diagsMask__C                           
0000b504  xdc_runtime_Error_E_memory__C                                   
0000b508  xdc_runtime_Error_policyFxn__C                                  
0000b50c  xdc_runtime_Error_raiseHook__C                                  
0000b510  xdc_runtime_IGateProvider_Interface__BASE__C                    
0000b514  xdc_runtime_IHeap_Interface__BASE__C                            
0000b518  xdc_runtime_IModule_Interface__BASE__C                          
0000b51c  xdc_runtime_Memory_defaultHeapInstance__C                       
0000b520  xdc_runtime_Startup_execImpl__C                                 
0000b524  xdc_runtime_Startup_maxPasses__C                                
0000b528  xdc_runtime_Startup_sfxnRts__C                                  
0000b52c  xdc_runtime_Startup_sfxnTab__C                                  
0000b530  xdc_runtime_SysMin_bufSize__C                                   
0000b534  xdc_runtime_SysMin_outputFunc__C                                
0000b538  xdc_runtime_System_Module__gateObj__C                           
0000b53c  xdc_runtime_System_abortFxn__C                                  
0000b540  xdc_runtime_System_exitFxn__C                                   
0000b544  xdc_runtime_System_extendFxn__C                                 
0000b548  xdc_runtime_System_maxAtexitHandlers__C                         
0000b54c  xdc_runtime_Text_charTab__C                                     
0000b550  xdc_runtime_Text_nodeTab__C                                     
0000b554  xdc_runtime_Text_visitRopeFxn__C                                
0000b558  ti_sysbios_heaps_HeapMem_Module__id__C                          
0000b55a  ti_sysbios_knl_Task_Module__id__C                               
0000b55c  xdc_runtime_Core_Module__id__C                                  
0000b55e  xdc_runtime_Error_Module__loggerDefined__C                      
0000b560  xdc_runtime_Error_maxDepth__C                                   
0000b562  xdc_runtime_Memory_Module__id__C                                
0000b564  xdc_runtime_SysMin_flushAtExit__C                               
0000b566  xdc_runtime_Text_isLoaded__C                                    
0000b568  xdc_runtime_Text_registryModsLastId__C                          
0000b56a  xdc_runtime_Text_unnamedModsLastId__C                           
0000b570  __TI_static_base__                                              
0000b818  __TI_Handler_Table_Base                                         
0000b824  __TI_Handler_Table_Limit                                        
0000b830  __TI_CINIT_Base                                                 
0000b840  __TI_CINIT_Limit                                                
00020000  HEAPSIZE                                                        
20000000  __start___llvm_prf_cnts                                         
20000000  __stop___llvm_prf_cnts                                          
20000000  ti_sysbios_family_arm_m3_Hwi_ramVectors                         
20000360  __primary_heap_start__                                          
20020360  __primary_heap_end__                                            
20021b60  ti_sysbios_family_arm_m3_Hwi_dispatchTable                      
20021ec0  ti_sysbios_knl_Task_Instance_State_0_stack__A                   
200220c0  xdc_runtime_SysMin_Module_State_0_outbuf__A                     
200222c0  __CIOBUF_                                                       
20022470  uartMSP432E4Objects                                             
20022700  pwmMSP432E4Objects                                              
2002270c  parmbuf                                                         
20022718  ADCMSP432E4Objects                                              
2002271c  PowerMSP432E4_module                                            
20022888  ti_sysbios_knl_Swi_Module_State_0_readyQ__A                     
20022908  ti_sysbios_knl_Task_Module_State_0_readyQ__A                    
20022988  ti_sysbios_knl_Task_Object__table__V                            
200229d4  ti_sysbios_knl_Task_Module__state__V                            
20022a18  ti_sysbios_family_arm_lm4_Timer_Module_State_0_device__A        
20022a58  ti_sysbios_family_arm_lm4_Timer_Object__table__V                
20022a98  ti_sysbios_gates_GateMutex_Object__table__V                     
20022b04  ti_sysbios_family_arm_m3_Hwi_Module__state__V                   
20022b38  ti_sysbios_knl_Swi_Object__table__V                             
20022b68  ti_sysbios_knl_Clock_Module__state__V                           
20022bb8  ti_sysbios_BIOS_Module__state__V                                
20022bdc  ti_sysbios_family_arm_lm4_Timer_Module_State_0_handles__A       
20022bfc  xdc_runtime_Error_IgnoreBlock                                   
20022c1c  ti_sysbios_knl_Swi_Module__state__V                             
20022c38  ti_sysbios_family_arm_m3_Hwi_Object__table__V                   
20022c50  ti_sysbios_heaps_HeapMem_Object__table__V                       
20022c68  ti_sysbios_family_arm_lm4_Timer_Module__state__V                
20022c74  xdc_runtime_SysMin_Module__state__V                             
20022c80  _lock                                                           
20022c84  _unlock                                                         
20022c98  gpioCallbackFunctions                                           
20022ca0  gpioPinConfigs                                                  
20022ca8  ti_sysbios_family_arm_m3_Hwi_Module__root__V                    
20022cb0  ti_sysbios_gates_GateHwi_Module__root__V                        
20022cb8  ti_sysbios_gates_GateMutex_Module__root__V                      
20022cc0  ti_sysbios_heaps_HeapMem_Module__root__V                        
20022cc8  ti_sysbios_knl_Clock_Module__root__V                            
20022cd0  ti_sysbios_knl_Queue_Module__root__V                            
20022cd8  ti_sysbios_knl_Semaphore_Module__root__V                        
20022ce0  ti_sysbios_knl_Task_Module__root__V                             
20022ce8  xdc_runtime_Registry_Module__state__V                           
20022cf0  xdc_runtime_Startup_Module__state__V                            
20022cf8  xdc_runtime_System_Module_State_0_atexitHandlers__A             
20022d00  xdc_runtime_System_Module__state__V                             
20022d0e  ti_sysbios_family_arm_m3_Hwi_Module_State_0_excActive__A        
20022d10  errno                                                           
20022d14  main_func_sp                                                    
20022d18  ti_sysbios_family_arm_m3_Hwi_Module_State_0_excContext__A       
20022d1c  ti_sysbios_family_arm_m3_Hwi_Module_State_0_excStack__A         
20022d20  ti_sysbios_gates_GateHwi_Object__table__V                       
20022d24  ti_sysbios_knl_Task_Module_State_0_idleTask__A                  
20022d28  xdc_runtime_Memory_Module__state__V                             
20022d2c  xdc_runtime_Error_Module__state__V                              
2003fc00  __stack                                                         
20040000  __STACK_END                                                     
e000e000  ti_sysbios_family_arm_m3_Hwi_nvic                               
ffffffff  __TI_pprof_out_hndl                                             
ffffffff  __TI_prof_data_size                                             
ffffffff  __TI_prof_data_start                                            
ffffffff  __binit__                                                       
ffffffff  __c_args__                                                      
ffffffff  binit                                                           
UNDEFED   SHT$$INIT_ARRAY$$Base                                           
UNDEFED   SHT$$INIT_ARRAY$$Limit                                          

[687 symbols]
