******************************************************************************
                  TI ARM Linker PC v20.2.7                     
******************************************************************************
>> Linked Thu Oct 16 03:08:57 2025

OUTPUT FILE NAME:   <CPE403_DA1.out>
ENTRY POINT SYMBOL: "_c_int00_noargs"  address: 0000169d


MEMORY CONFIGURATION

         name            origin    length      used     unused   attr    fill
----------------------  --------  ---------  --------  --------  ----  --------
  FLASH                 00000000   00100000  00001a32  000fe5ce  R  X
  SRAM                  20000000   00040000  0000087f  0003f781  RW X


SEGMENT ALLOCATION MAP

run origin  load origin   length   init length attrs members
----------  ----------- ---------- ----------- ----- -------
00000000    00000000    00001a38   00001a38    r-x
  00000000    00000000    00000208   00000208    r-- .intvecs
  00000208    00000208    00001596   00001596    r-x .text
  000017a0    000017a0    00000254   00000254    r-- .const
  000019f8    000019f8    00000040   00000040    r-- .cinit
20000000    20000000    0000027b   00000000    rw-
  20000000    20000000    0000026c   00000000    rw- .vtable
  2000026c    2000026c    0000000f   00000000    rw- .data
20000400    20000400    00000608   00000000    rw-
  20000400    20000400    00000404   00000000    rw- .bss
  20000808    20000808    00000200   00000000    rw- .stack


SECTION ALLOCATION MAP

 output                                  attributes/
section   page    origin      length       input sections
--------  ----  ----------  ----------   ----------------
.intvecs   0    00000000    00000208     
                  00000000    00000208     startup_msp432e401y_ccs.obj (.intvecs:retain)

.text      0    00000208    00001596     
                  00000208    0000030c     uartstdio.obj (.text:UARTvprintf)
                  00000514    000002e0     msp432e4_driverlib.a : sysctl.o (.text:SysCtlClockFreqSet)
                  000007f4    0000023a                          : gpio.o (.text:GPIOPadConfigSet)
                  00000a2e    00000002     startup_msp432e401y_ccs.obj (.text:Default_Handler)
                  00000a30    000001bc     adc0_singleended_multichannel_timertrigger_dmareq.obj (.text:initADC_DMA_Timer2Trigger)
                  00000bec    000000ee     msp432e4_driverlib.a : adc.o (.text:ADCSequenceStepConfigure)
                  00000cda    00000002     rtsv7M4_T_le_v4SPD16_eabi.lib : div0.asm.obj (.text)
                  00000cdc    000000ec     adc0_singleended_multichannel_timertrigger_dmareq.obj (.text:initHeartbeat_WDT)
                  00000dc8    000000ec     adc0_singleended_multichannel_timertrigger_dmareq.obj (.text:initPWM_PF0)
                  00000eb4    000000cc     adc0_singleended_multichannel_timertrigger_dmareq.obj (.text:main)
                  00000f80    0000009c     rtsv7M4_T_le_v4SPD16_eabi.lib : memcpy_t2.asm.obj (.text)
                  0000101c    00000090     msp432e4_driverlib.a : sysctl.o (.text:_SysCtlFrequencyGet)
                  000010ac    00000088     adc0_singleended_multichannel_timertrigger_dmareq.obj (.text:initSwitches)
                  00001134    00000080     msp432e4_driverlib.a : interrupt.o (.text:IntEnable)
                  000011b4    0000007c     adc0_singleended_multichannel_timertrigger_dmareq.obj (.text:setPWMDuty_u16)
                  00001230    0000007a     rtsv7M4_T_le_v4SPD16_eabi.lib : memset_t2.asm.obj (.text)
                  000012aa    00000002     --HOLE-- [fill = 0]
                  000012ac    00000074     uartstdio.obj (.text:UARTStdioConfig)
                  00001320    00000068     adc0_singleended_multichannel_timertrigger_dmareq.obj (.text:ConfigureUART)
                  00001388    00000068     rtsv7M4_T_le_v4SPD16_eabi.lib : copy_decompress_lzss.c.obj (.text:decompress:lzss:__TI_decompress_lzss)
                  000013f0    00000060     msp432e4_driverlib.a : timer.o (.text:TimerControlTrigger)
                  00001450    0000005c                          : interrupt.o (.text:IntRegister)
                  000014ac    0000005c     uartstdio.obj (.text:UARTwrite)
                  00001508    0000004c     adc0_singleended_multichannel_timertrigger_dmareq.obj (.text:ADC0SS2_IRQHandler)
                  00001554    00000044     msp432e4_driverlib.a : sysctl.o (.text:_SysCtlMemTimingGet)
                  00001598    00000044     rtsv7M4_T_le_v4SPD16_eabi.lib : autoinit.c.obj (.text:__TI_auto_init_nobinit_nopinit:__TI_auto_init_nobinit_nopinit)
                  000015dc    00000040     adc0_singleended_multichannel_timertrigger_dmareq.obj (.text:GPIOJ_IRQHandler)
                  0000161c    00000040     adc0_singleended_multichannel_timertrigger_dmareq.obj (.text:WatchdogISR)
                  0000165c    00000040     rtsv7M4_T_le_v4SPD16_eabi.lib : u_divt2.asm.obj (.text)
                  0000169c    00000034                                   : boot_cortex_m.c.obj (.text:_c_int00_noargs:_c_int00_noargs)
                  000016d0    00000034     adc0_singleended_multichannel_timertrigger_dmareq.obj (.text:startADC_DMATransfer)
                  00001704    00000024     uartstdio.obj (.text:UARTprintf)
                  00001728    00000020     system_msp432e401y.obj (.text:SystemInit)
                  00001748    00000016     msp432e4_driverlib.a : watchdog.o (.text:WatchdogIntRegister)
                  0000175e    00000012                          : adc.o (.text:ADCIntClearEx)
                  00001770    0000000e     rtsv7M4_T_le_v4SPD16_eabi.lib : copy_decompress_none.c.obj (.text:decompress:none:__TI_decompress_none)
                  0000177e    0000000c     startup_msp432e401y_ccs.obj (.text:Reset_Handler)
                  0000178a    0000000c     rtsv7M4_T_le_v4SPD16_eabi.lib : copy_zero_init.c.obj (.text:decompress:ZI:__TI_zero_init)
                  00001796    00000004                                   : pre_init.c.obj (.text:_system_pre_init)
                  0000179a    00000004                                   : exit.c.obj (.text:abort:abort)

.const     0    000017a0    00000254     
                  000017a0    000001b0     msp432e4_driverlib.a : sysctl.o (.const:g_pppui32XTALtoVCO)
                  00001950    00000030                          : sysctl.o (.const:g_sXTALtoMEMTIM)
                  00001980    00000028                          : sysctl.o (.const:g_pui32Xtals)
                  000019a8    00000014                          : interrupt.o (.const:g_pui32EnRegs)
                  000019bc    00000012     uartstdio.obj (.const:.string)
                  000019ce    00000002     --HOLE-- [fill = 0]
                  000019d0    0000000c     uartstdio.obj (.const:g_ui32UARTBase)
                  000019dc    0000000c     uartstdio.obj (.const:g_ui32UARTPeriph)
                  000019e8    00000008     msp432e4_driverlib.a : sysctl.o (.const:g_pui32VCOFrequencies)
                  000019f0    00000004     uartstdio.obj (.const)

.cinit     0    000019f8    00000040     
                  000019f8    0000000c     (__TI_handler_table)
                  00001a04    0000000b     (.cinit..data.load) [load image, compression = lzss]
                  00001a0f    00000001     --HOLE-- [fill = 0]
                  00001a10    00000008     (.cinit..bss.load) [load image, compression = zero_init]
                  00001a18    00000008     (.cinit..vtable.load) [load image, compression = zero_init]
                  00001a20    00000018     (__TI_cinit_table)

.init_array 
*          0    00000000    00000000     UNINITIALIZED

.vtable    0    20000000    0000026c     UNINITIALIZED
                  20000000    0000026c     msp432e4_driverlib.a : interrupt.o (.vtable)

.data      0    2000026c    0000000f     UNINITIALIZED
                  2000026c    00000005     uartstdio.obj (.data)
                  20000271    00000003     --HOLE--
                  20000274    00000004     system_msp432e401y.obj (.data)
                  20000278    00000003     adc0_singleended_multichannel_timertrigger_dmareq.obj (.data)

.bss       0    20000400    00000404     UNINITIALIZED
                  20000400    00000400     (.common:g_udmaTable)
                  20000800    00000004     adc0_singleended_multichannel_timertrigger_dmareq.obj (.bss:g_dmaBuf)

.stack     0    20000808    00000200     UNINITIALIZED
                  20000808    00000004     rtsv7M4_T_le_v4SPD16_eabi.lib : boot_cortex_m.c.obj (.stack)
                  2000080c    000001fc     --HOLE--

__llvm_prf_cnts 
*          0    20000000    00000000     UNINITIALIZED

MODULE SUMMARY

       Module                                                  code   ro data   rw data
       ------                                                  ----   -------   -------
    .\
       adc0_singleended_multichannel_timertrigger_dmareq.obj   1740   0         1031   
       uartstdio.obj                                           1024   46        5      
       system_msp432e401y.obj                                  32     0         4      
    +--+-------------------------------------------------------+------+---------+---------+
       Total:                                                  2796   46        1040   
                                                                                       
    .\ccs\
       startup_msp432e401y_ccs.obj                             14     520       0      
    +--+-------------------------------------------------------+------+---------+---------+
       Total:                                                  14     520       0      
                                                                                       
    C:/ti/simplelink_msp432e4_sdk_4_20_00_12/source/ti/devices/msp432e4/driverlib/lib/ccs/m4f/msp432e4_driverlib.a
       sysctl.o                                                948    528       0      
       interrupt.o                                             220    20        620    
       gpio.o                                                  570    0         0      
       adc.o                                                   256    0         0      
       timer.o                                                 96     0         0      
       watchdog.o                                              22     0         0      
    +--+-------------------------------------------------------+------+---------+---------+
       Total:                                                  2112   548       620    
                                                                                       
    C:\ti\ccs1281\ccs\tools\compiler\ti-cgt-arm_20.2.7.LTS\lib\rtsv7M4_T_le_v4SPD16_eabi.lib
       memcpy_t2.asm.obj                                       156    0         0      
       memset_t2.asm.obj                                       122    0         0      
       copy_decompress_lzss.c.obj                              104    0         0      
       autoinit.c.obj                                          68     0         0      
       u_divt2.asm.obj                                         64     0         0      
       boot_cortex_m.c.obj                                     52     0         0      
       copy_decompress_none.c.obj                              14     0         0      
       copy_zero_init.c.obj                                    12     0         0      
       exit.c.obj                                              4      0         0      
       pre_init.c.obj                                          4      0         0      
       div0.asm.obj                                            2      0         0      
    +--+-------------------------------------------------------+------+---------+---------+
       Total:                                                  602    0         0      
                                                                                       
       Stack:                                                  0      0         512    
       Linker Generated:                                       0      63        0      
    +--+-------------------------------------------------------+------+---------+---------+
       Grand Total:                                            5524   1177      2172   


LINKER GENERATED COPY TABLES

__TI_cinit_table @ 00001a20 records: 3, size/record: 8, table size: 24
	.data: load addr=00001a04, load size=0000000b bytes, run addr=2000026c, run size=0000000f bytes, compression=lzss
	.bss: load addr=00001a10, load size=00000008 bytes, run addr=20000400, run size=00000404 bytes, compression=zero_init
	.vtable: load addr=00001a18, load size=00000008 bytes, run addr=20000000, run size=0000026c bytes, compression=zero_init


LINKER GENERATED HANDLER TABLE

__TI_handler_table @ 000019f8 records: 3, size/record: 4, table size: 12
	index: 0, handler: __TI_zero_init
	index: 1, handler: __TI_decompress_lzss
	index: 2, handler: __TI_decompress_none


GLOBAL SYMBOLS: SORTED ALPHABETICALLY BY Name 

address   name                          
-------   ----                          
00000a2f  ADC0SS0_IRQHandler            
00000a2f  ADC0SS1_IRQHandler            
00001509  ADC0SS2_IRQHandler            
00001509  ADC0SS2_IRQHandler            
00000a2f  ADC0SS3_IRQHandler            
00000a2f  ADC1SS0_IRQHandler            
00000a2f  ADC1SS1_IRQHandler            
00000a2f  ADC1SS2_IRQHandler            
00000a2f  ADC1SS3_IRQHandler            
0000175f  ADCIntClearEx                 
00000bed  ADCSequenceStepConfigure      
00000a2f  AES0_IRQHandler               
00000a2f  BusFault_Handler              
0000179b  C$$EXIT                       
00000a2f  CAN0_IRQHandler               
00000a2f  CAN1_IRQHandler               
00000a2f  COMP0_IRQHandler              
00000a2f  COMP1_IRQHandler              
00000a2f  COMP2_IRQHandler              
00000a2f  DES0_IRQHandler               
00000a2f  DebugMon_Handler              
00000a2f  Default_Handler               
00000a2f  EMAC0_IRQHandler              
00000a2f  EPI0_IRQHandler               
00000a2f  FLASH_IRQHandler              
00000a2f  GPIOA_IRQHandler              
00000a2f  GPIOB_IRQHandler              
00000a2f  GPIOC_IRQHandler              
00000a2f  GPIOD_IRQHandler              
00000a2f  GPIOE_IRQHandler              
00000a2f  GPIOF_IRQHandler              
00000a2f  GPIOG_IRQHandler              
00000a2f  GPIOH_IRQHandler              
000015dd  GPIOJ_IRQHandler              
000015dd  GPIOJ_IRQHandler              
00000a2f  GPIOK_IRQHandler              
00000a2f  GPIOL_IRQHandler              
00000a2f  GPIOM_IRQHandler              
00000a2f  GPION_IRQHandler              
00000a2f  GPIOP0_IRQHandler             
00000a2f  GPIOP1_IRQHandler             
00000a2f  GPIOP2_IRQHandler             
00000a2f  GPIOP3_IRQHandler             
00000a2f  GPIOP4_IRQHandler             
00000a2f  GPIOP5_IRQHandler             
00000a2f  GPIOP6_IRQHandler             
00000a2f  GPIOP7_IRQHandler             
000007f5  GPIOPadConfigSet              
00000a2f  GPIOQ0_IRQHandler             
00000a2f  GPIOQ1_IRQHandler             
00000a2f  GPIOQ2_IRQHandler             
00000a2f  GPIOQ3_IRQHandler             
00000a2f  GPIOQ4_IRQHandler             
00000a2f  GPIOQ5_IRQHandler             
00000a2f  GPIOQ6_IRQHandler             
00000a2f  GPIOQ7_IRQHandler             
00000a2f  HIBERNATE_IRQHandler          
00000a2f  HardFault_Handler             
00000a2f  I2C0_IRQHandler               
00000a2f  I2C1_IRQHandler               
00000a2f  I2C2_IRQHandler               
00000a2f  I2C3_IRQHandler               
00000a2f  I2C4_IRQHandler               
00000a2f  I2C5_IRQHandler               
00000a2f  I2C6_IRQHandler               
00000a2f  I2C7_IRQHandler               
00000a2f  I2C8_IRQHandler               
00000a2f  I2C9_IRQHandler               
00001135  IntEnable                     
00001451  IntRegister                   
00000a2f  MemManage_Handler             
00000a2f  NMI_Handler                   
00000a2f  PWM0_0_IRQHandler             
00000a2f  PWM0_1_IRQHandler             
00000a2f  PWM0_2_IRQHandler             
00000a2f  PWM0_3_IRQHandler             
00000a2f  PWM0_FAULT_IRQHandler         
00000a2f  PendSV_Handler                
00000a2f  QEI0_IRQHandler               
0000177f  Reset_Handler                 
00000a2f  SHA0_IRQHandler               
00000a2f  SSI0_IRQHandler               
00000a2f  SSI1_IRQHandler               
00000a2f  SSI2_IRQHandler               
00000a2f  SSI3_IRQHandler               
00000a2f  SVC_Handler                   
00000a2f  SYSCTL_IRQHandler             
00000a2f  SYSEXC_IRQHandler             
00000515  SysCtlClockFreqSet            
00000a2f  SysTick_Handler               
20000274  SystemCoreClock               
00001729  SystemInit                    
00000a2f  TAMPER0_IRQHandler            
00000a2f  TIMER0A_IRQHandler            
00000a2f  TIMER0B_IRQHandler            
00000a2f  TIMER1A_IRQHandler            
00000a2f  TIMER1B_IRQHandler            
00000a2f  TIMER2A_IRQHandler            
00000a2f  TIMER2B_IRQHandler            
00000a2f  TIMER3A_IRQHandler            
00000a2f  TIMER3B_IRQHandler            
00000a2f  TIMER4A_IRQHandler            
00000a2f  TIMER4B_IRQHandler            
00000a2f  TIMER5A_IRQHandler            
00000a2f  TIMER5B_IRQHandler            
00000a2f  TIMER6A_IRQHandler            
00000a2f  TIMER6B_IRQHandler            
00000a2f  TIMER7A_IRQHandler            
00000a2f  TIMER7B_IRQHandler            
000013f1  TimerControlTrigger           
00000a2f  UART0_IRQHandler              
00000a2f  UART1_IRQHandler              
00000a2f  UART2_IRQHandler              
00000a2f  UART3_IRQHandler              
00000a2f  UART4_IRQHandler              
00000a2f  UART5_IRQHandler              
00000a2f  UART6_IRQHandler              
00000a2f  UART7_IRQHandler              
000012ad  UARTStdioConfig               
00001705  UARTprintf                    
00000209  UARTvprintf                   
000014ad  UARTwrite                     
00000a2f  UDMAERR_IRQHandler            
00000a2f  UDMA_IRQHandler               
00000a2f  USB0_IRQHandler               
00000a2f  UsageFault_Handler            
00000a2f  WATCHDOG_IRQHandler           
00001749  WatchdogIntRegister           
20000a08  __STACK_END                   
00000200  __STACK_SIZE                  
20000a08  __STACK_TOP                   
00001a20  __TI_CINIT_Base               
00001a38  __TI_CINIT_Limit              
000019f8  __TI_Handler_Table_Base       
00001a04  __TI_Handler_Table_Limit      
00001599  __TI_auto_init_nobinit_nopinit
00001389  __TI_decompress_lzss          
00001771  __TI_decompress_none          
ffffffff  __TI_pprof_out_hndl           
ffffffff  __TI_prof_data_size           
ffffffff  __TI_prof_data_start          
00000000  __TI_static_base__            
0000178b  __TI_zero_init                
00000cdb  __aeabi_idiv0                 
00000cdb  __aeabi_ldiv0                 
00001231  __aeabi_memclr                
00001231  __aeabi_memclr4               
00001231  __aeabi_memclr8               
00000f81  __aeabi_memcpy                
00000f81  __aeabi_memcpy4               
00000f81  __aeabi_memcpy8               
00001233  __aeabi_memset                
00001233  __aeabi_memset4               
00001233  __aeabi_memset8               
0000165d  __aeabi_uidiv                 
0000165d  __aeabi_uidivmod              
ffffffff  __binit__                     
ffffffff  __c_args__                    
UNDEFED   __mpu_init                    
20000808  __stack                       
20000000  __start___llvm_prf_cnts       
20000000  __stop___llvm_prf_cnts        
0000169d  _c_int00_noargs               
UNDEFED   _system_post_cinit            
00001797  _system_pre_init              
0000179b  abort                         
ffffffff  binit                         
20000000  g_pfnRAMVectors               
20000400  g_udmaTable                   
00000000  interruptVectors              
00000eb5  main                          
00000f81  memcpy                        
00001239  memset                        


GLOBAL SYMBOLS: SORTED BY Symbol Address 

address   name                          
-------   ----                          
00000000  __TI_static_base__            
00000000  interruptVectors              
00000200  __STACK_SIZE                  
00000209  UARTvprintf                   
00000515  SysCtlClockFreqSet            
000007f5  GPIOPadConfigSet              
00000a2f  ADC0SS0_IRQHandler            
00000a2f  ADC0SS1_IRQHandler            
00000a2f  ADC0SS3_IRQHandler            
00000a2f  ADC1SS0_IRQHandler            
00000a2f  ADC1SS1_IRQHandler            
00000a2f  ADC1SS2_IRQHandler            
00000a2f  ADC1SS3_IRQHandler            
00000a2f  AES0_IRQHandler               
00000a2f  BusFault_Handler              
00000a2f  CAN0_IRQHandler               
00000a2f  CAN1_IRQHandler               
00000a2f  COMP0_IRQHandler              
00000a2f  COMP1_IRQHandler              
00000a2f  COMP2_IRQHandler              
00000a2f  DES0_IRQHandler               
00000a2f  DebugMon_Handler              
00000a2f  Default_Handler               
00000a2f  EMAC0_IRQHandler              
00000a2f  EPI0_IRQHandler               
00000a2f  FLASH_IRQHandler              
00000a2f  GPIOA_IRQHandler              
00000a2f  GPIOB_IRQHandler              
00000a2f  GPIOC_IRQHandler              
00000a2f  GPIOD_IRQHandler              
00000a2f  GPIOE_IRQHandler              
00000a2f  GPIOF_IRQHandler              
00000a2f  GPIOG_IRQHandler              
00000a2f  GPIOH_IRQHandler              
00000a2f  GPIOK_IRQHandler              
00000a2f  GPIOL_IRQHandler              
00000a2f  GPIOM_IRQHandler              
00000a2f  GPION_IRQHandler              
00000a2f  GPIOP0_IRQHandler             
00000a2f  GPIOP1_IRQHandler             
00000a2f  GPIOP2_IRQHandler             
00000a2f  GPIOP3_IRQHandler             
00000a2f  GPIOP4_IRQHandler             
00000a2f  GPIOP5_IRQHandler             
00000a2f  GPIOP6_IRQHandler             
00000a2f  GPIOP7_IRQHandler             
00000a2f  GPIOQ0_IRQHandler             
00000a2f  GPIOQ1_IRQHandler             
00000a2f  GPIOQ2_IRQHandler             
00000a2f  GPIOQ3_IRQHandler             
00000a2f  GPIOQ4_IRQHandler             
00000a2f  GPIOQ5_IRQHandler             
00000a2f  GPIOQ6_IRQHandler             
00000a2f  GPIOQ7_IRQHandler             
00000a2f  HIBERNATE_IRQHandler          
00000a2f  HardFault_Handler             
00000a2f  I2C0_IRQHandler               
00000a2f  I2C1_IRQHandler               
00000a2f  I2C2_IRQHandler               
00000a2f  I2C3_IRQHandler               
00000a2f  I2C4_IRQHandler               
00000a2f  I2C5_IRQHandler               
00000a2f  I2C6_IRQHandler               
00000a2f  I2C7_IRQHandler               
00000a2f  I2C8_IRQHandler               
00000a2f  I2C9_IRQHandler               
00000a2f  MemManage_Handler             
00000a2f  NMI_Handler                   
00000a2f  PWM0_0_IRQHandler             
00000a2f  PWM0_1_IRQHandler             
00000a2f  PWM0_2_IRQHandler             
00000a2f  PWM0_3_IRQHandler             
00000a2f  PWM0_FAULT_IRQHandler         
00000a2f  PendSV_Handler                
00000a2f  QEI0_IRQHandler               
00000a2f  SHA0_IRQHandler               
00000a2f  SSI0_IRQHandler               
00000a2f  SSI1_IRQHandler               
00000a2f  SSI2_IRQHandler               
00000a2f  SSI3_IRQHandler               
00000a2f  SVC_Handler                   
00000a2f  SYSCTL_IRQHandler             
00000a2f  SYSEXC_IRQHandler             
00000a2f  SysTick_Handler               
00000a2f  TAMPER0_IRQHandler            
00000a2f  TIMER0A_IRQHandler            
00000a2f  TIMER0B_IRQHandler            
00000a2f  TIMER1A_IRQHandler            
00000a2f  TIMER1B_IRQHandler            
00000a2f  TIMER2A_IRQHandler            
00000a2f  TIMER2B_IRQHandler            
00000a2f  TIMER3A_IRQHandler            
00000a2f  TIMER3B_IRQHandler            
00000a2f  TIMER4A_IRQHandler            
00000a2f  TIMER4B_IRQHandler            
00000a2f  TIMER5A_IRQHandler            
00000a2f  TIMER5B_IRQHandler            
00000a2f  TIMER6A_IRQHandler            
00000a2f  TIMER6B_IRQHandler            
00000a2f  TIMER7A_IRQHandler            
00000a2f  TIMER7B_IRQHandler            
00000a2f  UART0_IRQHandler              
00000a2f  UART1_IRQHandler              
00000a2f  UART2_IRQHandler              
00000a2f  UART3_IRQHandler              
00000a2f  UART4_IRQHandler              
00000a2f  UART5_IRQHandler              
00000a2f  UART6_IRQHandler              
00000a2f  UART7_IRQHandler              
00000a2f  UDMAERR_IRQHandler            
00000a2f  UDMA_IRQHandler               
00000a2f  USB0_IRQHandler               
00000a2f  UsageFault_Handler            
00000a2f  WATCHDOG_IRQHandler           
00000bed  ADCSequenceStepConfigure      
00000cdb  __aeabi_idiv0                 
00000cdb  __aeabi_ldiv0                 
00000eb5  main                          
00000f81  __aeabi_memcpy                
00000f81  __aeabi_memcpy4               
00000f81  __aeabi_memcpy8               
00000f81  memcpy                        
00001135  IntEnable                     
00001231  __aeabi_memclr                
00001231  __aeabi_memclr4               
00001231  __aeabi_memclr8               
00001233  __aeabi_memset                
00001233  __aeabi_memset4               
00001233  __aeabi_memset8               
00001239  memset                        
000012ad  UARTStdioConfig               
00001389  __TI_decompress_lzss          
000013f1  TimerControlTrigger           
00001451  IntRegister                   
000014ad  UARTwrite                     
00001509  ADC0SS2_IRQHandler            
00001509  ADC0SS2_IRQHandler            
00001599  __TI_auto_init_nobinit_nopinit
000015dd  GPIOJ_IRQHandler              
000015dd  GPIOJ_IRQHandler              
0000165d  __aeabi_uidiv                 
0000165d  __aeabi_uidivmod              
0000169d  _c_int00_noargs               
00001705  UARTprintf                    
00001729  SystemInit                    
00001749  WatchdogIntRegister           
0000175f  ADCIntClearEx                 
00001771  __TI_decompress_none          
0000177f  Reset_Handler                 
0000178b  __TI_zero_init                
00001797  _system_pre_init              
0000179b  C$$EXIT                       
0000179b  abort                         
000019f8  __TI_Handler_Table_Base       
00001a04  __TI_Handler_Table_Limit      
00001a20  __TI_CINIT_Base               
00001a38  __TI_CINIT_Limit              
20000000  __start___llvm_prf_cnts       
20000000  __stop___llvm_prf_cnts        
20000000  g_pfnRAMVectors               
20000274  SystemCoreClock               
20000400  g_udmaTable                   
20000808  __stack                       
20000a08  __STACK_END                   
20000a08  __STACK_TOP                   
ffffffff  __TI_pprof_out_hndl           
ffffffff  __TI_prof_data_size           
ffffffff  __TI_prof_data_start          
ffffffff  __binit__                     
ffffffff  __c_args__                    
ffffffff  binit                         
UNDEFED   __mpu_init                    
UNDEFED   _system_post_cinit            

[173 symbols]
